Archive member included to satisfy reference by file (symbol)

c:/siliconlabs/simplicitystudio/v4/developer/toolchains/gnu_arm/7.2_2017q4/bin/../lib/gcc/arm-none-eabi/7.2.1/thumb/v7e-m/fpv4-sp/softfp\libgcc.a(_aeabi_ldivmod.o)
                              ./emlib/em_usart.o (__aeabi_ldivmod)
c:/siliconlabs/simplicitystudio/v4/developer/toolchains/gnu_arm/7.2_2017q4/bin/../lib/gcc/arm-none-eabi/7.2.1/thumb/v7e-m/fpv4-sp/softfp\libgcc.a(_aeabi_uldivmod.o)
                              ./emlib/em_usart.o (__aeabi_uldivmod)
c:/siliconlabs/simplicitystudio/v4/developer/toolchains/gnu_arm/7.2_2017q4/bin/../lib/gcc/arm-none-eabi/7.2.1/thumb/v7e-m/fpv4-sp/softfp\libgcc.a(_udivmoddi4.o)
                              c:/siliconlabs/simplicitystudio/v4/developer/toolchains/gnu_arm/7.2_2017q4/bin/../lib/gcc/arm-none-eabi/7.2.1/thumb/v7e-m/fpv4-sp/softfp\libgcc.a(_aeabi_ldivmod.o) (__udivmoddi4)
c:/siliconlabs/simplicitystudio/v4/developer/toolchains/gnu_arm/7.2_2017q4/bin/../lib/gcc/arm-none-eabi/7.2.1/thumb/v7e-m/fpv4-sp/softfp\libgcc.a(_dvmd_tls.o)
                              c:/siliconlabs/simplicitystudio/v4/developer/toolchains/gnu_arm/7.2_2017q4/bin/../lib/gcc/arm-none-eabi/7.2.1/thumb/v7e-m/fpv4-sp/softfp\libgcc.a(_aeabi_ldivmod.o) (__aeabi_ldiv0)
c:/siliconlabs/simplicitystudio/v4/developer/toolchains/gnu_arm/7.2_2017q4/bin/../lib/gcc/arm-none-eabi/7.2.1/../../../../arm-none-eabi/lib/thumb/v7e-m/fpv4-sp/softfp\libc_nano.a(lib_a-exit.o)
                              c:/siliconlabs/simplicitystudio/v4/developer/toolchains/gnu_arm/7.2_2017q4/bin/../lib/gcc/arm-none-eabi/7.2.1/../../../../arm-none-eabi/lib/thumb/v7e-m/fpv4-sp/softfp/crt0.o (exit)
c:/siliconlabs/simplicitystudio/v4/developer/toolchains/gnu_arm/7.2_2017q4/bin/../lib/gcc/arm-none-eabi/7.2.1/../../../../arm-none-eabi/lib/thumb/v7e-m/fpv4-sp/softfp\libc_nano.a(lib_a-impure.o)
                              c:/siliconlabs/simplicitystudio/v4/developer/toolchains/gnu_arm/7.2_2017q4/bin/../lib/gcc/arm-none-eabi/7.2.1/../../../../arm-none-eabi/lib/thumb/v7e-m/fpv4-sp/softfp\libc_nano.a(lib_a-exit.o) (_global_impure_ptr)
c:/siliconlabs/simplicitystudio/v4/developer/toolchains/gnu_arm/7.2_2017q4/bin/../lib/gcc/arm-none-eabi/7.2.1/../../../../arm-none-eabi/lib/thumb/v7e-m/fpv4-sp/softfp\libc_nano.a(lib_a-init.o)
                              c:/siliconlabs/simplicitystudio/v4/developer/toolchains/gnu_arm/7.2_2017q4/bin/../lib/gcc/arm-none-eabi/7.2.1/../../../../arm-none-eabi/lib/thumb/v7e-m/fpv4-sp/softfp/crt0.o (__libc_init_array)
c:/siliconlabs/simplicitystudio/v4/developer/toolchains/gnu_arm/7.2_2017q4/bin/../lib/gcc/arm-none-eabi/7.2.1/../../../../arm-none-eabi/lib/thumb/v7e-m/fpv4-sp/softfp\libc_nano.a(lib_a-memset.o)
                              c:/siliconlabs/simplicitystudio/v4/developer/toolchains/gnu_arm/7.2_2017q4/bin/../lib/gcc/arm-none-eabi/7.2.1/../../../../arm-none-eabi/lib/thumb/v7e-m/fpv4-sp/softfp/crt0.o (memset)
c:/siliconlabs/simplicitystudio/v4/developer/toolchains/gnu_arm/7.2_2017q4/bin/../lib/gcc/arm-none-eabi/7.2.1/../../../../arm-none-eabi/lib/thumb/v7e-m/fpv4-sp/softfp\libnosys.a(_exit.o)
                              c:/siliconlabs/simplicitystudio/v4/developer/toolchains/gnu_arm/7.2_2017q4/bin/../lib/gcc/arm-none-eabi/7.2.1/../../../../arm-none-eabi/lib/thumb/v7e-m/fpv4-sp/softfp\libc_nano.a(lib_a-exit.o) (_exit)

Discarded input sections

 .text          0x00000000        0x0 c:/siliconlabs/simplicitystudio/v4/developer/toolchains/gnu_arm/7.2_2017q4/bin/../lib/gcc/arm-none-eabi/7.2.1/thumb/v7e-m/fpv4-sp/softfp/crti.o
 .data          0x00000000        0x0 c:/siliconlabs/simplicitystudio/v4/developer/toolchains/gnu_arm/7.2_2017q4/bin/../lib/gcc/arm-none-eabi/7.2.1/thumb/v7e-m/fpv4-sp/softfp/crti.o
 .bss           0x00000000        0x0 c:/siliconlabs/simplicitystudio/v4/developer/toolchains/gnu_arm/7.2_2017q4/bin/../lib/gcc/arm-none-eabi/7.2.1/thumb/v7e-m/fpv4-sp/softfp/crti.o
 .data          0x00000000        0x4 c:/siliconlabs/simplicitystudio/v4/developer/toolchains/gnu_arm/7.2_2017q4/bin/../lib/gcc/arm-none-eabi/7.2.1/thumb/v7e-m/fpv4-sp/softfp/crtbegin.o
 .data          0x00000000        0x0 c:/siliconlabs/simplicitystudio/v4/developer/toolchains/gnu_arm/7.2_2017q4/bin/../lib/gcc/arm-none-eabi/7.2.1/../../../../arm-none-eabi/lib/thumb/v7e-m/fpv4-sp/softfp/crt0.o
 .bss           0x00000000        0x0 c:/siliconlabs/simplicitystudio/v4/developer/toolchains/gnu_arm/7.2_2017q4/bin/../lib/gcc/arm-none-eabi/7.2.1/../../../../arm-none-eabi/lib/thumb/v7e-m/fpv4-sp/softfp/crt0.o
 .ARM.extab     0x00000000        0x0 c:/siliconlabs/simplicitystudio/v4/developer/toolchains/gnu_arm/7.2_2017q4/bin/../lib/gcc/arm-none-eabi/7.2.1/../../../../arm-none-eabi/lib/thumb/v7e-m/fpv4-sp/softfp/crt0.o
 .data          0x00000000        0x0 ./CMSIS/EFR32MG12P/startup_efr32mg12p.o
 .bss           0x00000000        0x0 ./CMSIS/EFR32MG12P/startup_efr32mg12p.o
 .group         0x00000000        0xc ./CMSIS/EFR32MG12P/system_efr32mg12p.o
[...]
Memory Configuration

Name             Origin             Length             Attributes
FLASH            0x00000000         0x00100000         xr
RAM              0x20000000         0x00040000         xrw
*default*        0x00000000         0xffffffff

Linker script and memory map

LOAD c:/siliconlabs/simplicitystudio/v4/developer/toolchains/gnu_arm/7.2_2017q4/bin/../lib/gcc/arm-none-eabi/7.2.1/thumb/v7e-m/fpv4-sp/softfp/crti.o
LOAD c:/siliconlabs/simplicitystudio/v4/developer/toolchains/gnu_arm/7.2_2017q4/bin/../lib/gcc/arm-none-eabi/7.2.1/thumb/v7e-m/fpv4-sp/softfp/crtbegin.o
LOAD c:/siliconlabs/simplicitystudio/v4/developer/toolchains/gnu_arm/7.2_2017q4/bin/../lib/gcc/arm-none-eabi/7.2.1/../../../../arm-none-eabi/lib/thumb/v7e-m/fpv4-sp/softfp/crt0.o
LOAD ./CMSIS/EFR32MG12P/startup_efr32mg12p.o
LOAD ./CMSIS/EFR32MG12P/system_efr32mg12p.o
LOAD ./emdrv/dmadrv/src/dmadrv.o
LOAD ./emlib/em_cmu.o
LOAD ./emlib/em_core.o
LOAD ./emlib/em_gpio.o
LOAD ./emlib/em_ldma.o
LOAD ./emlib/em_system.o
LOAD ./emlib/em_usart.o
LOAD ./src/main_s1_xg12.o
LOAD ./src/mic_i2s.o
START GROUP
LOAD c:/siliconlabs/simplicitystudio/v4/developer/toolchains/gnu_arm/7.2_2017q4/bin/../lib/gcc/arm-none-eabi/7.2.1/thumb/v7e-m/fpv4-sp/softfp\libgcc.a
LOAD c:/siliconlabs/simplicitystudio/v4/developer/toolchains/gnu_arm/7.2_2017q4/bin/../lib/gcc/arm-none-eabi/7.2.1/../../../../arm-none-eabi/lib/thumb/v7e-m/fpv4-sp/softfp\libc_nano.a
LOAD c:/siliconlabs/simplicitystudio/v4/developer/toolchains/gnu_arm/7.2_2017q4/bin/../lib/gcc/arm-none-eabi/7.2.1/../../../../arm-none-eabi/lib/thumb/v7e-m/fpv4-sp/softfp\libnosys.a
END GROUP
START GROUP
LOAD c:/siliconlabs/simplicitystudio/v4/developer/toolchains/gnu_arm/7.2_2017q4/bin/../lib/gcc/arm-none-eabi/7.2.1/thumb/v7e-m/fpv4-sp/softfp\libgcc.a
LOAD c:/siliconlabs/simplicitystudio/v4/developer/toolchains/gnu_arm/7.2_2017q4/bin/../lib/gcc/arm-none-eabi/7.2.1/../../../../arm-none-eabi/lib/thumb/v7e-m/fpv4-sp/softfp\libg_nano.a
LOAD c:/siliconlabs/simplicitystudio/v4/developer/toolchains/gnu_arm/7.2_2017q4/bin/../lib/gcc/arm-none-eabi/7.2.1/../../../../arm-none-eabi/lib/thumb/v7e-m/fpv4-sp/softfp\libc_nano.a
END GROUP
START GROUP
LOAD c:/siliconlabs/simplicitystudio/v4/developer/toolchains/gnu_arm/7.2_2017q4/bin/../lib/gcc/arm-none-eabi/7.2.1/thumb/v7e-m/fpv4-sp/softfp\libgcc.a
LOAD c:/siliconlabs/simplicitystudio/v4/developer/toolchains/gnu_arm/7.2_2017q4/bin/../lib/gcc/arm-none-eabi/7.2.1/../../../../arm-none-eabi/lib/thumb/v7e-m/fpv4-sp/softfp\libc_nano.a
END GROUP
LOAD c:/siliconlabs/simplicitystudio/v4/developer/toolchains/gnu_arm/7.2_2017q4/bin/../lib/gcc/arm-none-eabi/7.2.1/thumb/v7e-m/fpv4-sp/softfp/crtend.o
LOAD c:/siliconlabs/simplicitystudio/v4/developer/toolchains/gnu_arm/7.2_2017q4/bin/../lib/gcc/arm-none-eabi/7.2.1/thumb/v7e-m/fpv4-sp/softfp/crtn.o

.text           0x00000000      0xe20
 *(.vectors)
 .vectors       0x00000000      0x10c ./CMSIS/EFR32MG12P/startup_efr32mg12p.o
                0x00000000                __Vectors
                0x0000010c                __Vectors_End = .
                0x0000010c                __Vectors_Size = (__Vectors_End - __Vectors)
                0x0000010c                __end__ = .
 *(.text*)
 .text          0x0000010c       0x40 c:/siliconlabs/simplicitystudio/v4/developer/toolchains/gnu_arm/7.2_2017q4/bin/../lib/gcc/arm-none-eabi/7.2.1/thumb/v7e-m/fpv4-sp/softfp/crtbegin.o
 .text          0x0000014c       0x74 c:/siliconlabs/simplicitystudio/v4/developer/toolchains/gnu_arm/7.2_2017q4/bin/../lib/gcc/arm-none-eabi/7.2.1/../../../../arm-none-eabi/lib/thumb/v7e-m/fpv4-sp/softfp/crt0.o
                0x0000014c                _start
                0x0000014c                _mainCRTStartup
 .text          0x000001c0       0x30 ./CMSIS/EFR32MG12P/startup_efr32mg12p.o
                0x000001c0                Reset_Handler
                0x000001ec                USART0_TX_IRQHandler
                0x000001ec                I2C0_IRQHandler
                0x000001ec                HardFault_Handler
                0x000001ec                SysTick_Handler
                0x000001ec                USART1_RX_IRQHandler
                0x000001ec                PendSV_Handler
                0x000001ec                NMI_Handler
                0x000001ec                SYNTH_IRQHandler
                0x000001ec                I2C1_IRQHandler
                0x000001ec                WTIMER0_IRQHandler
                0x000001ec                CRYPTO0_IRQHandler
                0x000001ec                WDOG0_IRQHandler
                0x000001ec                USART1_TX_IRQHandler
                0x000001ec                SMU_IRQHandler
                0x000001ec                MSC_IRQHandler
                0x000001ec                ADC0_IRQHandler
                0x000001ec                UsageFault_Handler
                0x000001ec                WDOG1_IRQHandler
                0x000001ec                LEUART0_IRQHandler
                0x000001ec                FPUEH_IRQHandler
                0x000001ec                WTIMER1_IRQHandler
                0x000001ec                GPIO_EVEN_IRQHandler
                0x000001ec                VDAC0_IRQHandler
                0x000001ec                CSEN_IRQHandler
                0x000001ec                CRYPTO1_IRQHandler
                0x000001ec                TIMER0_IRQHandler
                0x000001ec                DebugMon_Handler
                0x000001ec                PCNT2_IRQHandler
                0x000001ec                LETIMER0_IRQHandler
                0x000001ec                TIMER1_IRQHandler
                0x000001ec                TRNG0_IRQHandler
                0x000001ec                RFSENSE_IRQHandler
                0x000001ec                BUFC_IRQHandler
                0x000001ec                MODEM_IRQHandler
                0x000001ec                USART2_RX_IRQHandler
                0x000001ec                Default_Handler
                0x000001ec                RAC_SEQ_IRQHandler
                0x000001ec                FRC_PRI_IRQHandler
                0x000001ec                EMU_IRQHandler
                0x000001ec                FRC_IRQHandler
                0x000001ec                CRYOTIMER_IRQHandler
                0x000001ec                PCNT0_IRQHandler
                0x000001ec                AGC_IRQHandler
                0x000001ec                sl_app_properties
                0x000001ec                PCNT1_IRQHandler
                0x000001ec                ACMP0_IRQHandler
                0x000001ec                USART0_RX_IRQHandler
                0x000001ec                MemManage_Handler
                0x000001ec                SVC_Handler
                0x000001ec                USART3_RX_IRQHandler
                0x000001ec                RTCC_IRQHandler
                0x000001ec                CMU_IRQHandler
                0x000001ec                RAC_RSM_IRQHandler
                0x000001ec                LESENSE_IRQHandler
                0x000001ec                GPIO_ODD_IRQHandler
                0x000001ec                USART3_TX_IRQHandler
                0x000001ec                PROTIMER_IRQHandler
                0x000001ec                BusFault_Handler
                0x000001ec                USART2_TX_IRQHandler
                0x000001ec                IDAC0_IRQHandler
 .text.SystemHFClockGet
                0x000001f0       0x50 ./CMSIS/EFR32MG12P/system_efr32mg12p.o
                0x000001f0                SystemHFClockGet
 .text.SystemCoreClockGet
                0x00000240       0x24 ./CMSIS/EFR32MG12P/system_efr32mg12p.o
                0x00000240                SystemCoreClockGet
 .text.SystemHFXOClockGet
                0x00000264        0xc ./CMSIS/EFR32MG12P/system_efr32mg12p.o
                0x00000264                SystemHFXOClockGet
 .text.SystemInit
                0x00000270       0x1c ./CMSIS/EFR32MG12P/system_efr32mg12p.o
                0x00000270                SystemInit
 .text.SystemLFRCOClockGet
                0x0000028c        0x8 ./CMSIS/EFR32MG12P/system_efr32mg12p.o
                0x0000028c                SystemLFRCOClockGet
 .text.SystemULFRCOClockGet
                0x00000294        0x8 ./CMSIS/EFR32MG12P/system_efr32mg12p.o
                0x00000294                SystemULFRCOClockGet
 .text.SystemLFXOClockGet
                0x0000029c        0xc ./CMSIS/EFR32MG12P/system_efr32mg12p.o
                0x0000029c                SystemLFXOClockGet
 .text.DMADRV_AllocateChannel
                0x000002a8       0x5c ./emdrv/dmadrv/src/dmadrv.o
                0x000002a8                DMADRV_AllocateChannel
 .text.DMADRV_Init
                0x00000304       0x70 ./emdrv/dmadrv/src/dmadrv.o
                0x00000304                DMADRV_Init
 .text.DMADRV_LdmaStartTransfer
                0x00000374       0x48 ./emdrv/dmadrv/src/dmadrv.o
                0x00000374                DMADRV_LdmaStartTransfer
 .text.LDMA_IRQHandler
                0x000003bc       0x4c ./emdrv/dmadrv/src/dmadrv.o
                0x000003bc                LDMA_IRQHandler
 .text.CMU_ClockEnable
                0x00000408       0x94 ./emlib/em_cmu.o
                0x00000408                CMU_ClockEnable
 .text.CMU_ClockSelectGet
                0x0000049c       0xc4 ./emlib/em_cmu.o
                0x0000049c                CMU_ClockSelectGet
 .text.lfClkGet
                0x00000560       0x94 ./emlib/em_cmu.o
 .text.CMU_ClockFreqGet
                0x000005f4      0x1b8 ./emlib/em_cmu.o
                0x000005f4                CMU_ClockFreqGet
 .text.CORE_ExitCritical
                0x000007ac        0x8 ./emlib/em_core.o
                0x000007ac                CORE_ExitCritical
 .text.CORE_EnterAtomic
                0x000007b4        0x8 ./emlib/em_core.o
                0x000007b4                CORE_EnterAtomic
 .text.CORE_ExitAtomic
                0x000007bc        0x4 ./emlib/em_core.o
                0x000007bc                CORE_ExitAtomic
 .text.GPIO_PinModeSet
                0x000007c0       0x94 ./emlib/em_gpio.o
                0x000007c0                GPIO_PinModeSet
 .text.LDMA_Init
                0x00000854       0x58 ./emlib/em_ldma.o
                0x00000854                LDMA_Init
 .text.LDMA_StartTransfer
                0x000008ac       0xa0 ./emlib/em_ldma.o
                0x000008ac                LDMA_StartTransfer
 .text.USART_Reset
                0x0000094c       0x64 ./emlib/em_usart.o
                0x0000094c                USART_Reset
 .text.USART_InitSync
                0x000009b0       0x94 ./emlib/em_usart.o
                0x000009b0                USART_InitSync
 .text.USART_InitI2s
                0x00000a44       0x54 ./emlib/em_usart.o
                0x00000a44                USART_InitI2s
 .text.startup.main
                0x00000a98       0x78 ./src/main_s1_xg12.o
                0x00000a98                main
 .text.dmaCompleteCallback
                0x00000b10       0xc4 ./src/mic_i2s.o
 .text.MIC_init
                0x00000bd4      0x174 ./src/mic_i2s.o
                0x00000bd4                MIC_init
 .text.exit     0x00000d48       0x28 c:/siliconlabs/simplicitystudio/v4/developer/toolchains/gnu_arm/7.2_2017q4/bin/../lib/gcc/arm-none-eabi/7.2.1/../../../../arm-none-eabi/lib/thumb/v7e-m/fpv4-sp/softfp\libc_nano.a(lib_a-exit.o)
                0x00000d48                exit
 .text.__libc_init_array
                0x00000d70       0x48 c:/siliconlabs/simplicitystudio/v4/developer/toolchains/gnu_arm/7.2_2017q4/bin/../lib/gcc/arm-none-eabi/7.2.1/../../../../arm-none-eabi/lib/thumb/v7e-m/fpv4-sp/softfp\libc_nano.a(lib_a-init.o)
                0x00000d70                __libc_init_array
 .text.memset   0x00000db8       0x10 c:/siliconlabs/simplicitystudio/v4/developer/toolchains/gnu_arm/7.2_2017q4/bin/../lib/gcc/arm-none-eabi/7.2.1/../../../../arm-none-eabi/lib/thumb/v7e-m/fpv4-sp/softfp\libc_nano.a(lib_a-memset.o)
                0x00000db8                memset
 .text._exit    0x00000dc8        0x4 c:/siliconlabs/simplicitystudio/v4/developer/toolchains/gnu_arm/7.2_2017q4/bin/../lib/gcc/arm-none-eabi/7.2.1/../../../../arm-none-eabi/lib/thumb/v7e-m/fpv4-sp/softfp\libnosys.a(_exit.o)
                0x00000dc8                _exit
 *(.init)
 .init          0x00000dcc        0x4 c:/siliconlabs/simplicitystudio/v4/developer/toolchains/gnu_arm/7.2_2017q4/bin/../lib/gcc/arm-none-eabi/7.2.1/thumb/v7e-m/fpv4-sp/softfp/crti.o
                0x00000dcc                _init
 .init          0x00000dd0        0x8 c:/siliconlabs/simplicitystudio/v4/developer/toolchains/gnu_arm/7.2_2017q4/bin/../lib/gcc/arm-none-eabi/7.2.1/thumb/v7e-m/fpv4-sp/softfp/crtn.o
 *(.fini)
 .fini          0x00000dd8        0x4 c:/siliconlabs/simplicitystudio/v4/developer/toolchains/gnu_arm/7.2_2017q4/bin/../lib/gcc/arm-none-eabi/7.2.1/thumb/v7e-m/fpv4-sp/softfp/crti.o
                0x00000dd8                _fini
 .fini          0x00000ddc        0x8 c:/siliconlabs/simplicitystudio/v4/developer/toolchains/gnu_arm/7.2_2017q4/bin/../lib/gcc/arm-none-eabi/7.2.1/thumb/v7e-m/fpv4-sp/softfp/crtn.o
 *crtbegin.o(.ctors)
 *crtbegin?.o(.ctors)
 *(EXCLUDE_FILE(*crtend.o *crtend?.o) .ctors)
 *(SORT_BY_NAME(.ctors.*))
 *(.ctors)
 *crtbegin.o(.dtors)
 *crtbegin?.o(.dtors)
 *(EXCLUDE_FILE(*crtend.o *crtend?.o) .dtors)
 *(SORT_BY_NAME(.dtors.*))
 *(.dtors)
 *(.rodata*)
 .rodata        0x00000de4        0x4 ./emdrv/dmadrv/src/dmadrv.o
 .rodata.CSWTCH.43
                0x00000de8        0x6 ./emlib/em_cmu.o
 *fill*         0x00000dee        0x2 
 .rodata.CSWTCH.44
                0x00000df0        0x4 ./emlib/em_cmu.o
 .rodata.CSWTCH.45
                0x00000df4        0x4 ./emlib/em_cmu.o
 .rodata        0x00000df8       0x20 ./src/mic_i2s.o
 .rodata._global_impure_ptr
                0x00000e18        0x4 c:/siliconlabs/simplicitystudio/v4/developer/toolchains/gnu_arm/7.2_2017q4/bin/../lib/gcc/arm-none-eabi/7.2.1/../../../../arm-none-eabi/lib/thumb/v7e-m/fpv4-sp/softfp\libc_nano.a(lib_a-impure.o)
                0x00000e18                _global_impure_ptr
 *(.eh_frame*)
 .eh_frame      0x00000e1c        0x0 c:/siliconlabs/simplicitystudio/v4/developer/toolchains/gnu_arm/7.2_2017q4/bin/../lib/gcc/arm-none-eabi/7.2.1/thumb/v7e-m/fpv4-sp/softfp/crtbegin.o
 .eh_frame      0x00000e1c        0x4 c:/siliconlabs/simplicitystudio/v4/developer/toolchains/gnu_arm/7.2_2017q4/bin/../lib/gcc/arm-none-eabi/7.2.1/thumb/v7e-m/fpv4-sp/softfp/crtend.o

.glue_7         0x00000e20        0x0
 .glue_7        0x00000e20        0x0 linker stubs

.glue_7t        0x00000e20        0x0
 .glue_7t       0x00000e20        0x0 linker stubs

.vfp11_veneer   0x00000e20        0x0
 .vfp11_veneer  0x00000e20        0x0 linker stubs

.v4_bx          0x00000e20        0x0
 .v4_bx         0x00000e20        0x0 linker stubs

.iplt           0x00000e20        0x0
 .iplt          0x00000e20        0x0 c:/siliconlabs/simplicitystudio/v4/developer/toolchains/gnu_arm/7.2_2017q4/bin/../lib/gcc/arm-none-eabi/7.2.1/thumb/v7e-m/fpv4-sp/softfp/crtbegin.o

.ARM.extab
 *(.ARM.extab* .gnu.linkonce.armextab.*)
                0x00000e20                __exidx_start = .

.ARM.exidx      0x00000e20        0x8
 *(.ARM.exidx* .gnu.linkonce.armexidx.*)
 .ARM.exidx     0x00000e20        0x8 c:/siliconlabs/simplicitystudio/v4/developer/toolchains/gnu_arm/7.2_2017q4/bin/../lib/gcc/arm-none-eabi/7.2.1/../../../../arm-none-eabi/lib/thumb/v7e-m/fpv4-sp/softfp/crt0.o
                0x00000e28                __exidx_end = .
                0x00000e28                __etext = .

.rel.dyn        0x00000e28        0x0
 .rel.iplt      0x00000e28        0x0 c:/siliconlabs/simplicitystudio/v4/developer/toolchains/gnu_arm/7.2_2017q4/bin/../lib/gcc/arm-none-eabi/7.2.1/thumb/v7e-m/fpv4-sp/softfp/crtbegin.o

.data           0x20000000       0xdc load address 0x00000e28
                0x20000000                __data_start__ = .
 *(vtable)
 *(.data*)
 .data.SystemCoreClock
                0x20000000        0x4 ./CMSIS/EFR32MG12P/system_efr32mg12p.o
                0x20000000                SystemCoreClock
 .data.SystemHFXOClock
                0x20000004        0x4 ./CMSIS/EFR32MG12P/system_efr32mg12p.o
 .data.SystemHfrcoFreq
                0x20000008        0x4 ./CMSIS/EFR32MG12P/system_efr32mg12p.o
                0x20000008                SystemHfrcoFreq
 .data.SystemLFXOClock
                0x2000000c        0x4 ./CMSIS/EFR32MG12P/system_efr32mg12p.o
 .data.auxHfrcoFreq
                0x20000010        0x4 ./emlib/em_cmu.o
 .data.dmaDescLeft
                0x20000014       0x20 ./src/mic_i2s.o
 .data.dmaDescRight
                0x20000034       0x20 ./src/mic_i2s.o
 .data.dmaTransferLeft
                0x20000054       0x10 ./src/mic_i2s.o
 .data.dmaTransferRight
                0x20000064       0x10 ./src/mic_i2s.o
 .data.impure_data
                0x20000074       0x60 c:/siliconlabs/simplicitystudio/v4/developer/toolchains/gnu_arm/7.2_2017q4/bin/../lib/gcc/arm-none-eabi/7.2.1/../../../../arm-none-eabi/lib/thumb/v7e-m/fpv4-sp/softfp\libc_nano.a(lib_a-impure.o)
                0x200000d4                . = ALIGN (0x4)
                [!provide]                PROVIDE (__ram_func_section_start, .)
 *(.ram)
                [!provide]                PROVIDE (__ram_func_section_end, .)
                0x200000d4                . = ALIGN (0x4)
                0x200000d4                PROVIDE (__preinit_array_start, .)
 *(.preinit_array)
                0x200000d4                PROVIDE (__preinit_array_end, .)
                0x200000d4                . = ALIGN (0x4)
                0x200000d4                PROVIDE (__init_array_start, .)
 *(SORT_BY_NAME(.init_array.*))
 *(.init_array)
 .init_array    0x200000d4        0x4 c:/siliconlabs/simplicitystudio/v4/developer/toolchains/gnu_arm/7.2_2017q4/bin/../lib/gcc/arm-none-eabi/7.2.1/thumb/v7e-m/fpv4-sp/softfp/crtbegin.o
                0x200000d8                PROVIDE (__init_array_end, .)
                0x200000d8                . = ALIGN (0x4)
                [!provide]                PROVIDE (__fini_array_start, .)
 *(SORT_BY_NAME(.fini_array.*))
 *(.fini_array)
 .fini_array    0x200000d8        0x4 c:/siliconlabs/simplicitystudio/v4/developer/toolchains/gnu_arm/7.2_2017q4/bin/../lib/gcc/arm-none-eabi/7.2.1/thumb/v7e-m/fpv4-sp/softfp/crtbegin.o
                [!provide]                PROVIDE (__fini_array_end, .)
 *(.jcr*)
                0x200000dc                . = ALIGN (0x4)
                0x200000dc                __data_end__ = .

.igot.plt       0x200000dc        0x0 load address 0x00000f04
 .igot.plt      0x200000dc        0x0 c:/siliconlabs/simplicitystudio/v4/developer/toolchains/gnu_arm/7.2_2017q4/bin/../lib/gcc/arm-none-eabi/7.2.1/thumb/v7e-m/fpv4-sp/softfp/crtbegin.o

.bss            0x200000dc     0x10c0 load address 0x00000f04
                0x200000dc                . = ALIGN (0x4)
                0x200000dc                __bss_start__ = .
 *(.bss*)
 .bss           0x200000dc       0x1c c:/siliconlabs/simplicitystudio/v4/developer/toolchains/gnu_arm/7.2_2017q4/bin/../lib/gcc/arm-none-eabi/7.2.1/thumb/v7e-m/fpv4-sp/softfp/crtbegin.o
 .bss.chTable   0x200000f8       0x80 ./emdrv/dmadrv/src/dmadrv.o
 .bss.initialized
                0x20000178        0x1 ./emdrv/dmadrv/src/dmadrv.o
 *fill*         0x20000179        0x3 
 .bss.micSampleBuffer
                0x2000017c     0x1000 ./src/main_s1_xg12.o
 .bss.dmaChannelLeft
                0x2000117c        0x4 ./src/mic_i2s.o
 .bss.dmaChannelRight
                0x20001180        0x4 ./src/mic_i2s.o
 .bss.sampleBuffer
                0x20001184        0x4 ./src/mic_i2s.o
 .bss.sampleBufferLen
                0x20001188        0x4 ./src/mic_i2s.o
 .bss.sampleBufferReady
                0x2000118c        0x1 ./src/mic_i2s.o
 *fill*         0x2000118d        0x3 
 .bss.sampleCount
                0x20001190        0x4 ./src/mic_i2s.o
 .bss.sampleIndex
                0x20001194        0x4 ./src/mic_i2s.o
 .bss.sampleLeft
                0x20001198        0x2 ./src/mic_i2s.o
 .bss.sampleRight
                0x2000119a        0x2 ./src/mic_i2s.o
 *(COMMON)
                0x2000119c                . = ALIGN (0x4)
                0x2000119c                __bss_end__ = .

.heap           0x200011a0      0xc00
                0x200011a0                __HeapBase = .
                0x200011a0                __end__ = .
                0x200011a0                end = __end__
                0x200011a0                _end = __end__
 *(.heap*)
 .heap          0x200011a0      0xc00 ./CMSIS/EFR32MG12P/startup_efr32mg12p.o
                0x20001da0                __HeapLimit = .

.stack_dummy    0x200011a0      0x400
 *(.stack*)
 .stack         0x200011a0      0x400 ./CMSIS/EFR32MG12P/startup_efr32mg12p.o
                0x20040000                __StackTop = (ORIGIN (RAM) + LENGTH (RAM))
                0x2003fc00                __StackLimit = (__StackTop - SIZEOF (.stack_dummy))
                0x20040000                PROVIDE (__stack, __StackTop)
                0x00000001                ASSERT ((__StackLimit >= __HeapLimit), region RAM overflowed with stack)
                0x00000001                ASSERT ((LENGTH (FLASH) >= (__etext + SIZEOF (.data))), FLASH memory overflowed !)
OUTPUT(BRD4166A_TB2_driver_MEMS_Microphone.axf elf32-littlearm)

.ARM.attributes
                0x00000000       0x2e
 .ARM.attributes
                0x00000000       0x22 c:/siliconlabs/simplicitystudio/v4/developer/toolchains/gnu_arm/7.2_2017q4/bin/../lib/gcc/arm-none-eabi/7.2.1/thumb/v7e-m/fpv4-sp/softfp/crti.o
 .ARM.attributes
                0x00000022       0x32 c:/siliconlabs/simplicitystudio/v4/developer/toolchains/gnu_arm/7.2_2017q4/bin/../lib/gcc/arm-none-eabi/7.2.1/thumb/v7e-m/fpv4-sp/softfp/crtbegin.o
 .ARM.attributes
                0x00000054       0x20 c:/siliconlabs/simplicitystudio/v4/developer/toolchains/gnu_arm/7.2_2017q4/bin/../lib/gcc/arm-none-eabi/7.2.1/../../../../arm-none-eabi/lib/thumb/v7e-m/fpv4-sp/softfp/crt0.o
 .ARM.attributes
                0x00000074       0x1f ./CMSIS/EFR32MG12P/startup_efr32mg12p.o
 .ARM.attributes
                0x00000093       0x37 ./CMSIS/EFR32MG12P/system_efr32mg12p.o
 .ARM.attributes
                0x000000ca       0x37 ./emdrv/dmadrv/src/dmadrv.o
 .ARM.attributes
                0x00000101       0x37 ./emlib/em_cmu.o
 .ARM.attributes
                0x00000138       0x37 ./emlib/em_core.o
 .ARM.attributes
                0x0000016f       0x37 ./emlib/em_gpio.o
 .ARM.attributes
                0x000001a6       0x37 ./emlib/em_ldma.o
 .ARM.attributes
                0x000001dd       0x37 ./emlib/em_usart.o
 .ARM.attributes
                0x00000214       0x37 ./src/main_s1_xg12.o
 .ARM.attributes
                0x0000024b       0x37 ./src/mic_i2s.o
 .ARM.attributes
                0x00000282       0x32 c:/siliconlabs/simplicitystudio/v4/developer/toolchains/gnu_arm/7.2_2017q4/bin/../lib/gcc/arm-none-eabi/7.2.1/../../../../arm-none-eabi/lib/thumb/v7e-m/fpv4-sp/softfp\libc_nano.a(lib_a-exit.o)
 .ARM.attributes
                0x000002b4       0x32 c:/siliconlabs/simplicitystudio/v4/developer/toolchains/gnu_arm/7.2_2017q4/bin/../lib/gcc/arm-none-eabi/7.2.1/../../../../arm-none-eabi/lib/thumb/v7e-m/fpv4-sp/softfp\libc_nano.a(lib_a-impure.o)
 .ARM.attributes
                0x000002e6       0x32 c:/siliconlabs/simplicitystudio/v4/developer/toolchains/gnu_arm/7.2_2017q4/bin/../lib/gcc/arm-none-eabi/7.2.1/../../../../arm-none-eabi/lib/thumb/v7e-m/fpv4-sp/softfp\libc_nano.a(lib_a-init.o)
 .ARM.attributes
                0x00000318       0x32 c:/siliconlabs/simplicitystudio/v4/developer/toolchains/gnu_arm/7.2_2017q4/bin/../lib/gcc/arm-none-eabi/7.2.1/../../../../arm-none-eabi/lib/thumb/v7e-m/fpv4-sp/softfp\libc_nano.a(lib_a-memset.o)
 .ARM.attributes
                0x0000034a       0x32 c:/siliconlabs/simplicitystudio/v4/developer/toolchains/gnu_arm/7.2_2017q4/bin/../lib/gcc/arm-none-eabi/7.2.1/../../../../arm-none-eabi/lib/thumb/v7e-m/fpv4-sp/softfp\libnosys.a(_exit.o)
 .ARM.attributes
                0x0000037c       0x32 c:/siliconlabs/simplicitystudio/v4/developer/toolchains/gnu_arm/7.2_2017q4/bin/../lib/gcc/arm-none-eabi/7.2.1/thumb/v7e-m/fpv4-sp/softfp/crtend.o
 .ARM.attributes
                0x000003ae       0x22 c:/siliconlabs/simplicitystudio/v4/developer/toolchains/gnu_arm/7.2_2017q4/bin/../lib/gcc/arm-none-eabi/7.2.1/thumb/v7e-m/fpv4-sp/softfp/crtn.o

.comment        0x00000000       0x7e
 .comment       0x00000000       0x7e ./CMSIS/EFR32MG12P/system_efr32mg12p.o
                                 0x7f (size before relaxing)
 .comment       0x0000007e       0x7f ./emdrv/dmadrv/src/dmadrv.o
 .comment       0x0000007e       0x7f ./emlib/em_cmu.o
 .comment       0x0000007e       0x7f ./emlib/em_core.o
 .comment       0x0000007e       0x7f ./emlib/em_gpio.o
 .comment       0x0000007e       0x7f ./emlib/em_ldma.o
 .comment       0x0000007e       0x7f ./emlib/em_usart.o
 .comment       0x0000007e       0x7f ./src/main_s1_xg12.o
 .comment       0x0000007e       0x7f ./src/mic_i2s.o

.debug_line     0x00000000     0x6ef6
 .debug_line    0x00000000       0xd9 ./CMSIS/EFR32MG12P/startup_efr32mg12p.o
 .debug_line    0x000000d9      0x91e ./CMSIS/EFR32MG12P/system_efr32mg12p.o
 .debug_line    0x000009f7      0xc67 ./emdrv/dmadrv/src/dmadrv.o
 .debug_line    0x0000165e     0x170b ./emlib/em_cmu.o
 .debug_line    0x00002d69      0xafd ./emlib/em_core.o
 .debug_line    0x00003866      0xa11 ./emlib/em_gpio.o
 .debug_line    0x00004277      0xa75 ./emlib/em_ldma.o
 .debug_line    0x00004cec      0xc26 ./emlib/em_usart.o
 .debug_line    0x00005912      0x9a1 ./src/main_s1_xg12.o
 .debug_line    0x000062b3      0xc43 ./src/mic_i2s.o

.debug_info     0x00000000     0xd352
 .debug_info    0x00000000       0x26 ./CMSIS/EFR32MG12P/startup_efr32mg12p.o
 .debug_info    0x00000026      0x96c ./CMSIS/EFR32MG12P/system_efr32mg12p.o
 .debug_info    0x00000992      0xf28 ./emdrv/dmadrv/src/dmadrv.o
 .debug_info    0x000018ba     0x3c32 ./emlib/em_cmu.o
 .debug_info    0x000054ec      0xd97 ./emlib/em_core.o
 .debug_info    0x00006283      0xf1d ./emlib/em_gpio.o
 .debug_info    0x000071a0     0x1434 ./emlib/em_ldma.o
 .debug_info    0x000085d4     0x12a2 ./emlib/em_usart.o
 .debug_info    0x00009876     0x16b3 ./src/main_s1_xg12.o
 .debug_info    0x0000af29     0x2429 ./src/mic_i2s.o

.debug_abbrev   0x00000000     0x1da0
 .debug_abbrev  0x00000000       0x14 ./CMSIS/EFR32MG12P/startup_efr32mg12p.o
 .debug_abbrev  0x00000014      0x218 ./CMSIS/EFR32MG12P/system_efr32mg12p.o
 .debug_abbrev  0x0000022c      0x2d1 ./emdrv/dmadrv/src/dmadrv.o
 .debug_abbrev  0x000004fd      0x4d4 ./emlib/em_cmu.o
 .debug_abbrev  0x000009d1      0x343 ./emlib/em_core.o
 .debug_abbrev  0x00000d14      0x2fa ./emlib/em_gpio.o
 .debug_abbrev  0x0000100e      0x3a2 ./emlib/em_ldma.o
 .debug_abbrev  0x000013b0      0x348 ./emlib/em_usart.o
 .debug_abbrev  0x000016f8      0x244 ./src/main_s1_xg12.o
 .debug_abbrev  0x0000193c      0x464 ./src/mic_i2s.o

.debug_aranges  0x00000000      0x4b8
 .debug_aranges
                0x00000000       0x20 ./CMSIS/EFR32MG12P/startup_efr32mg12p.o
 .debug_aranges
                0x00000020       0x68 ./CMSIS/EFR32MG12P/system_efr32mg12p.o
 .debug_aranges
                0x00000088       0x80 ./emdrv/dmadrv/src/dmadrv.o
 .debug_aranges
                0x00000108      0x130 ./emlib/em_cmu.o
 .debug_aranges
                0x00000238       0xb8 ./emlib/em_core.o
 .debug_aranges
                0x000002f0       0x48 ./emlib/em_gpio.o
 .debug_aranges
                0x00000338       0x50 ./emlib/em_ldma.o
 .debug_aranges
                0x00000388       0xb8 ./emlib/em_usart.o
 .debug_aranges
                0x00000440       0x20 ./src/main_s1_xg12.o
 .debug_aranges
                0x00000460       0x58 ./src/mic_i2s.o

.debug_str      0x00000000   0x15cd97
 .debug_str     0x00000000      0x107 ./CMSIS/EFR32MG12P/startup_efr32mg12p.o
 .debug_str     0x00000107   0x14f0d8 ./CMSIS/EFR32MG12P/system_efr32mg12p.o
                             0x150019 (size before relaxing)
 .debug_str     0x0014f1df     0x58ed ./emdrv/dmadrv/src/dmadrv.o
                             0x155468 (size before relaxing)
 .debug_str     0x00154acc     0x3491 ./emlib/em_cmu.o
                             0x154e7f (size before relaxing)
 .debug_str     0x00157f5d      0x6a0 ./emlib/em_core.o
                             0x150b61 (size before relaxing)
 .debug_str     0x001585fd      0x519 ./emlib/em_gpio.o
                             0x150a44 (size before relaxing)
 .debug_str     0x00158b16       0x93 ./emlib/em_ldma.o
                             0x1553cd (size before relaxing)
 .debug_str     0x00158ba9      0xf42 ./emlib/em_usart.o
                             0x1524c4 (size before relaxing)
 .debug_str     0x00159aeb     0x201f ./src/main_s1_xg12.o
                             0x157867 (size before relaxing)
 .debug_str     0x0015bb0a     0x128d ./src/mic_i2s.o
                             0x15a153 (size before relaxing)

.debug_loc      0x00000000     0x5e14
 .debug_loc     0x00000000       0xe6 ./CMSIS/EFR32MG12P/system_efr32mg12p.o
 .debug_loc     0x000000e6      0x9a3 ./emdrv/dmadrv/src/dmadrv.o
 .debug_loc     0x00000a89     0x3024 ./emlib/em_cmu.o
 .debug_loc     0x00003aad      0x6b2 ./emlib/em_core.o
 .debug_loc     0x0000415f      0x890 ./emlib/em_gpio.o
 .debug_loc     0x000049ef      0x54e ./emlib/em_ldma.o
 .debug_loc     0x00004f3d      0x914 ./emlib/em_usart.o
 .debug_loc     0x00005851       0x20 ./src/main_s1_xg12.o
 .debug_loc     0x00005871      0x5a3 ./src/mic_i2s.o

.debug_ranges   0x00000000      0xde0
 .debug_ranges  0x00000000       0x58 ./CMSIS/EFR32MG12P/system_efr32mg12p.o
 .debug_ranges  0x00000058       0x70 ./emdrv/dmadrv/src/dmadrv.o
 .debug_ranges  0x000000c8      0x7c0 ./emlib/em_cmu.o
 .debug_ranges  0x00000888       0xf8 ./emlib/em_core.o
 .debug_ranges  0x00000980      0x178 ./emlib/em_gpio.o
 .debug_ranges  0x00000af8       0xd8 ./emlib/em_ldma.o
 .debug_ranges  0x00000bd0      0x108 ./emlib/em_usart.o
 .debug_ranges  0x00000cd8       0x50 ./src/main_s1_xg12.o
 .debug_ranges  0x00000d28       0xb8 ./src/mic_i2s.o

.debug_macro    0x00000000    0x32f67
 .debug_macro   0x00000000      0x282 ./CMSIS/EFR32MG12P/system_efr32mg12p.o
 .debug_macro   0x00000282      0xa48 ./CMSIS/EFR32MG12P/system_efr32mg12p.o
 .debug_macro   0x00000cca       0x22 ./CMSIS/EFR32MG12P/system_efr32mg12p.o
 .debug_macro   0x00000cec       0x4f ./CMSIS/EFR32MG12P/system_efr32mg12p.o
 .debug_macro   0x00000d3b       0x51 ./CMSIS/EFR32MG12P/system_efr32mg12p.o
 .debug_macro   0x00000d8c       0xef ./CMSIS/EFR32MG12P/system_efr32mg12p.o
 .debug_macro   0x00000e7b       0x6a ./CMSIS/EFR32MG12P/system_efr32mg12p.o
 .debug_macro   0x00000ee5      0x1df ./CMSIS/EFR32MG12P/system_efr32mg12p.o
 .debug_macro   0x000010c4      0x4d2 ./CMSIS/EFR32MG12P/system_efr32mg12p.o
 .debug_macro   0x00001596       0x1c ./CMSIS/EFR32MG12P/system_efr32mg12p.o
 .debug_macro   0x000015b2       0x22 ./CMSIS/EFR32MG12P/system_efr32mg12p.o
 .debug_macro   0x000015d4       0xdf ./CMSIS/EFR32MG12P/system_efr32mg12p.o
 .debug_macro   0x000016b3      0xff5 ./CMSIS/EFR32MG12P/system_efr32mg12p.o
 .debug_macro   0x000026a8       0xe2 ./CMSIS/EFR32MG12P/system_efr32mg12p.o
 .debug_macro   0x0000278a      0xe1d ./CMSIS/EFR32MG12P/system_efr32mg12p.o
 .debug_macro   0x000035a7     0x2276 ./CMSIS/EFR32MG12P/system_efr32mg12p.o
 .debug_macro   0x0000581d      0x32a ./CMSIS/EFR32MG12P/system_efr32mg12p.o
 .debug_macro   0x00005b47     0x3119 ./CMSIS/EFR32MG12P/system_efr32mg12p.o
 .debug_macro   0x00008c60     0x1bbb ./CMSIS/EFR32MG12P/system_efr32mg12p.o
 .debug_macro   0x0000a81b     0x2675 ./CMSIS/EFR32MG12P/system_efr32mg12p.o
 .debug_macro   0x0000ce90     0x1b1a ./CMSIS/EFR32MG12P/system_efr32mg12p.o
 .debug_macro   0x0000e9aa      0xe2c ./CMSIS/EFR32MG12P/system_efr32mg12p.o
 .debug_macro   0x0000f7d6      0x345 ./CMSIS/EFR32MG12P/system_efr32mg12p.o
 .debug_macro   0x0000fb1b      0x29e ./CMSIS/EFR32MG12P/system_efr32mg12p.o
 .debug_macro   0x0000fdb9     0x2764 ./CMSIS/EFR32MG12P/system_efr32mg12p.o
 .debug_macro   0x0001251d     0x31cd ./CMSIS/EFR32MG12P/system_efr32mg12p.o
 .debug_macro   0x000156ea     0x136c ./CMSIS/EFR32MG12P/system_efr32mg12p.o
 .debug_macro   0x00016a56      0xde3 ./CMSIS/EFR32MG12P/system_efr32mg12p.o
 .debug_macro   0x00017839      0x249 ./CMSIS/EFR32MG12P/system_efr32mg12p.o
 .debug_macro   0x00017a82     0x1043 ./CMSIS/EFR32MG12P/system_efr32mg12p.o
 .debug_macro   0x00018ac5     0x1606 ./CMSIS/EFR32MG12P/system_efr32mg12p.o
 .debug_macro   0x0001a0cb     0x3cb8 ./CMSIS/EFR32MG12P/system_efr32mg12p.o
 .debug_macro   0x0001dd83     0x23fd ./CMSIS/EFR32MG12P/system_efr32mg12p.o
 .debug_macro   0x00020180      0x70d ./CMSIS/EFR32MG12P/system_efr32mg12p.o
 .debug_macro   0x0002088d     0x26f0 ./CMSIS/EFR32MG12P/system_efr32mg12p.o
 .debug_macro   0x00022f7d     0x1701 ./CMSIS/EFR32MG12P/system_efr32mg12p.o
 .debug_macro   0x0002467e     0x2efc ./CMSIS/EFR32MG12P/system_efr32mg12p.o
 .debug_macro   0x0002757a      0xfb0 ./CMSIS/EFR32MG12P/system_efr32mg12p.o
 .debug_macro   0x0002852a      0x6c4 ./CMSIS/EFR32MG12P/system_efr32mg12p.o
 .debug_macro   0x00028bee     0x1022 ./CMSIS/EFR32MG12P/system_efr32mg12p.o
 .debug_macro   0x00029c10      0x889 ./CMSIS/EFR32MG12P/system_efr32mg12p.o
 .debug_macro   0x0002a499      0x500 ./CMSIS/EFR32MG12P/system_efr32mg12p.o
 .debug_macro   0x0002a999     0x1dd2 ./CMSIS/EFR32MG12P/system_efr32mg12p.o
 .debug_macro   0x0002c76b       0x40 ./CMSIS/EFR32MG12P/system_efr32mg12p.o
 .debug_macro   0x0002c7ab      0x2ce ./CMSIS/EFR32MG12P/system_efr32mg12p.o
 .debug_macro   0x0002ca79      0x382 ./CMSIS/EFR32MG12P/system_efr32mg12p.o
 .debug_macro   0x0002cdfb      0x190 ./CMSIS/EFR32MG12P/system_efr32mg12p.o
 .debug_macro   0x0002cf8b     0x27bf ./CMSIS/EFR32MG12P/system_efr32mg12p.o
 .debug_macro   0x0002f74a      0x304 ./CMSIS/EFR32MG12P/system_efr32mg12p.o
 .debug_macro   0x0002fa4e      0x304 ./CMSIS/EFR32MG12P/system_efr32mg12p.o
 .debug_macro   0x0002fd52      0x2dc ./emdrv/dmadrv/src/dmadrv.o
 .debug_macro   0x0003002e       0x22 ./emdrv/dmadrv/src/dmadrv.o
 .debug_macro   0x00030050      0x16d ./emdrv/dmadrv/src/dmadrv.o
 .debug_macro   0x000301bd       0x10 ./emdrv/dmadrv/src/dmadrv.o
 .debug_macro   0x000301cd       0xea ./emdrv/dmadrv/src/dmadrv.o
 .debug_macro   0x000302b7       0x69 ./emdrv/dmadrv/src/dmadrv.o
 .debug_macro   0x00030320      0x33e ./emdrv/dmadrv/src/dmadrv.o
 .debug_macro   0x0003065e       0xc0 ./emdrv/dmadrv/src/dmadrv.o
 .debug_macro   0x0003071e       0x4c ./emdrv/dmadrv/src/dmadrv.o
 .debug_macro   0x0003076a       0x10 ./emdrv/dmadrv/src/dmadrv.o
 .debug_macro   0x0003077a       0xc0 ./emdrv/dmadrv/src/dmadrv.o
 .debug_macro   0x0003083a       0x22 ./emdrv/dmadrv/src/dmadrv.o
 .debug_macro   0x0003085c       0x3b ./emdrv/dmadrv/src/dmadrv.o
 .debug_macro   0x00030897      0x3a9 ./emlib/em_cmu.o
 .debug_macro   0x00030c40       0x58 ./emlib/em_cmu.o
 .debug_macro   0x00030c98      0x34d ./emlib/em_cmu.o
 .debug_macro   0x00030fe5       0x25 ./emlib/em_cmu.o
 .debug_macro   0x0003100a       0xee ./emlib/em_cmu.o
 .debug_macro   0x000310f8       0x80 ./emlib/em_cmu.o
 .debug_macro   0x00031178      0x2ae ./emlib/em_core.o
 .debug_macro   0x00031426       0x63 ./emlib/em_core.o
 .debug_macro   0x00031489       0xba ./emlib/em_core.o
 .debug_macro   0x00031543      0x295 ./emlib/em_gpio.o
 .debug_macro   0x000317d8       0xe4 ./emlib/em_gpio.o
 .debug_macro   0x000318bc      0x2c4 ./emlib/em_ldma.o
 .debug_macro   0x00031b80       0xba ./emlib/em_ldma.o
 .debug_macro   0x00031c3a      0x2dd ./emlib/em_usart.o
 .debug_macro   0x00031f17       0xeb ./emlib/em_usart.o
 .debug_macro   0x00032002      0x3aa ./src/main_s1_xg12.o
 .debug_macro   0x000323ac       0xf1 ./src/main_s1_xg12.o
 .debug_macro   0x0003249d       0x17 ./src/main_s1_xg12.o
 .debug_macro   0x000324b4       0x35 ./src/main_s1_xg12.o
 .debug_macro   0x000324e9       0x9c ./src/main_s1_xg12.o
 .debug_macro   0x00032585       0x16 ./src/main_s1_xg12.o
 .debug_macro   0x0003259b      0x10e ./src/main_s1_xg12.o
 .debug_macro   0x000326a9       0x86 ./src/main_s1_xg12.o
 .debug_macro   0x0003272f       0x58 ./src/main_s1_xg12.o
 .debug_macro   0x00032787       0x1f ./src/main_s1_xg12.o
 .debug_macro   0x000327a6       0x43 ./src/main_s1_xg12.o
 .debug_macro   0x000327e9       0x20 ./src/main_s1_xg12.o
 .debug_macro   0x00032809      0x18e ./src/main_s1_xg12.o
 .debug_macro   0x00032997       0x22 ./src/main_s1_xg12.o
 .debug_macro   0x000329b9       0x57 ./src/main_s1_xg12.o
 .debug_macro   0x00032a10       0x9a ./src/main_s1_xg12.o
 .debug_macro   0x00032aaa       0x16 ./src/main_s1_xg12.o
 .debug_macro   0x00032ac0      0x3a1 ./src/mic_i2s.o
 .debug_macro   0x00032e61       0x28 ./src/mic_i2s.o
 .debug_macro   0x00032e89       0xde ./src/mic_i2s.o

.debug_frame    0x00000000      0xce4
 .debug_frame   0x00000000       0xc8 ./CMSIS/EFR32MG12P/system_efr32mg12p.o
 .debug_frame   0x000000c8      0x168 ./emdrv/dmadrv/src/dmadrv.o
 .debug_frame   0x00000230      0x36c ./emlib/em_cmu.o
 .debug_frame   0x0000059c      0x224 ./emlib/em_core.o
 .debug_frame   0x000007c0       0xac ./emlib/em_gpio.o
 .debug_frame   0x0000086c       0xcc ./emlib/em_ldma.o
 .debug_frame   0x00000938      0x1e4 ./emlib/em_usart.o
 .debug_frame   0x00000b1c       0x28 ./src/main_s1_xg12.o
 .debug_frame   0x00000b44      0x10c ./src/mic_i2s.o
 .debug_frame   0x00000c50       0x28 c:/siliconlabs/simplicitystudio/v4/developer/toolchains/gnu_arm/7.2_2017q4/bin/../lib/gcc/arm-none-eabi/7.2.1/../../../../arm-none-eabi/lib/thumb/v7e-m/fpv4-sp/softfp\libc_nano.a(lib_a-exit.o)
 .debug_frame   0x00000c78       0x2c c:/siliconlabs/simplicitystudio/v4/developer/toolchains/gnu_arm/7.2_2017q4/bin/../lib/gcc/arm-none-eabi/7.2.1/../../../../arm-none-eabi/lib/thumb/v7e-m/fpv4-sp/softfp\libc_nano.a(lib_a-init.o)
 .debug_frame   0x00000ca4       0x20 c:/siliconlabs/simplicitystudio/v4/developer/toolchains/gnu_arm/7.2_2017q4/bin/../lib/gcc/arm-none-eabi/7.2.1/../../../../arm-none-eabi/lib/thumb/v7e-m/fpv4-sp/softfp\libc_nano.a(lib_a-memset.o)
 .debug_frame   0x00000cc4       0x20 c:/siliconlabs/simplicitystudio/v4/developer/toolchains/gnu_arm/7.2_2017q4/bin/../lib/gcc/arm-none-eabi/7.2.1/../../../../arm-none-eabi/lib/thumb/v7e-m/fpv4-sp/softfp\libnosys.a(_exit.o)
