Archive member included to satisfy reference by file (symbol)

C:\Users\yucheng\SimplicityStudio\v4_workspace\soc-btmesh-provisioner\platform\radio\rail_lib\autogen\librail_release\librail_efr32xg13_gcc_release.a(rail_pti.o)
                              ./pti.o (symbol from plugin) (RAIL_ConfigPti)
C:\Users\yucheng\SimplicityStudio\v4_workspace\soc-btmesh-provisioner\platform\radio\rail_lib\autogen\librail_release\librail_efr32xg13_gcc_release.a(rail_rf_hal.o)
                              C:\Users\yucheng\SimplicityStudio\v4_workspace\soc-btmesh-provisioner\platform\radio\rail_lib\autogen\librail_release\librail_efr32xg13_gcc_release.a(rail_pti.o) (RAILINT_d2275ce494141a43924ec452d3ba7576)
C:\Users\yucheng\SimplicityStudio\v4_workspace\soc-btmesh-provisioner\platform\radio\rail_lib\autogen\librail_release\librail_efr32xg13_gcc_release.a(rail_ieee802154_rf_hal.o)
                              C:\Users\yucheng\SimplicityStudio\v4_workspace\soc-btmesh-provisioner\platform\radio\rail_lib\autogen\librail_release\librail_efr32xg13_gcc_release.a(rail_rf_hal.o) (RAILINT_d4473776f83cbc0e517010e932869722)
C:\Users\yucheng\SimplicityStudio\v4_workspace\soc-btmesh-provisioner\platform\radio\rail_lib\autogen\librail_release\librail_efr32xg13_gcc_release.a(rail_ble_rf_hal.o)
                              C:\Users\yucheng\SimplicityStudio\v4_workspace\soc-btmesh-provisioner\platform\radio\rail_lib\autogen\librail_release\librail_efr32xg13_gcc_release.a(rail_rf_hal.o) (RAILINT_b1bc1368cb0ab6c3a512d68344391b7e)
C:\Users\yucheng\SimplicityStudio\v4_workspace\soc-btmesh-provisioner\platform\radio\rail_lib\autogen\librail_release\librail_efr32xg13_gcc_release.a(rail_zwave_rf_hal.o)
                              C:\Users\yucheng\SimplicityStudio\v4_workspace\soc-btmesh-provisioner\platform\radio\rail_lib\autogen\librail_release\librail_efr32xg13_gcc_release.a(rail_rf_hal.o) (RAILINT_3154ed509de0010f8490a6774b148004)
C:\Users\yucheng\SimplicityStudio\v4_workspace\soc-btmesh-provisioner\platform\radio\rail_lib\autogen\librail_release\librail_efr32xg13_gcc_release.a(ieee802154_efr32xg13_configurator_out.o)
                              C:\Users\yucheng\SimplicityStudio\v4_workspace\soc-btmesh-provisioner\platform\radio\rail_lib\autogen\librail_release\librail_efr32xg13_gcc_release.a(rail_ieee802154_rf_hal.o) (RAILINT_56ebdcae647450932a8a8aff819e5e47)
C:\Users\yucheng\SimplicityStudio\v4_workspace\soc-btmesh-provisioner\platform\radio\rail_lib\autogen\librail_release\librail_efr32xg13_gcc_release.a(ble_efr32xg13_configurator_out.o)
                              C:\Users\yucheng\SimplicityStudio\v4_workspace\soc-btmesh-provisioner\platform\radio\rail_lib\autogen\librail_release\librail_efr32xg13_gcc_release.a(rail_ble_rf_hal.o) (RAILINT_f4a6abaf13951cb3629f3332596b8f2e)
C:\Users\yucheng\SimplicityStudio\v4_workspace\soc-btmesh-provisioner\platform\radio\rail_lib\autogen\librail_release\librail_efr32xg13_gcc_release.a(zwave_efr32xg13_configurator_out.o)
                              C:\Users\yucheng\SimplicityStudio\v4_workspace\soc-btmesh-provisioner\platform\radio\rail_lib\autogen\librail_release\librail_efr32xg13_gcc_release.a(rail_zwave_rf_hal.o) (RAILINT_4d0522a37ab58cd48d2438ba715f683b)
C:\Users\yucheng\SimplicityStudio\v4_workspace\soc-btmesh-provisioner\platform\radio\rail_lib\autogen\librail_release\librail_efr32xg13_gcc_release.a(rail_singleprotocol.o)
                              C:\Users\yucheng\SimplicityStudio\v4_workspace\soc-btmesh-provisioner\platform\radio\rail_lib\autogen\librail_release\librail_efr32xg13_gcc_release.a(rail_rf_hal.o) (RAIL_ActiveHandle)
C:\Users\yucheng\SimplicityStudio\v4_workspace\soc-btmesh-provisioner\platform\radio\rail_lib\autogen\librail_release\librail_efr32xg13_gcc_release.a(rail_rf.o)
                              C:\Users\yucheng\SimplicityStudio\v4_workspace\soc-btmesh-provisioner\platform\radio\rail_lib\autogen\librail_release\librail_efr32xg13_gcc_release.a(rail_singleprotocol.o) (RAILINT_59121321a1358ecc506fdb12a688e30c)
C:\Users\yucheng\SimplicityStudio\v4_workspace\soc-btmesh-provisioner\platform\radio\rail_lib\autogen\librail_release\librail_efr32xg13_gcc_release.a(rail_rx.o)
                              C:\Users\yucheng\SimplicityStudio\v4_workspace\soc-btmesh-provisioner\platform\radio\rail_lib\autogen\librail_release\librail_efr32xg13_gcc_release.a(rail_rf_hal.o) (RAILINT_b5e0637c62bb3b836502f3f63757d920)
C:\Users\yucheng\SimplicityStudio\v4_workspace\soc-btmesh-provisioner\platform\radio\rail_lib\autogen\librail_release\librail_efr32xg13_gcc_release.a(rail_tx.o)
                              C:\Users\yucheng\SimplicityStudio\v4_workspace\soc-btmesh-provisioner\platform\radio\rail_lib\autogen\librail_release\librail_efr32xg13_gcc_release.a(rail_singleprotocol.o) (RAILINT_59a1e3a8f29d5e090128a9d6830a6ec9)
C:\Users\yucheng\SimplicityStudio\v4_workspace\soc-btmesh-provisioner\platform\radio\rail_lib\autogen\librail_release\librail_efr32xg13_gcc_release.a(rail_calibration.o)
[...]
Memory Configuration

Name             Origin             Length             Attributes
FLASH_BOOTLOADER 0x0fe10000         0x00004000         xr
FLASH            0x00000000         0x00080000         xr
RAM              0x20000000         0x00010000         xrw
*default*        0x00000000         0xffffffff

Linker script and memory map

LOAD c:/siliconlabs/simplicitystudio/v4/developer/toolchains/gnu_arm/7.2_2017q4/bin/../lib/gcc/arm-none-eabi/7.2.1/thumb/v7e-m/fpv4-sp/softfp/crti.o
LOAD c:/siliconlabs/simplicitystudio/v4/developer/toolchains/gnu_arm/7.2_2017q4/bin/../lib/gcc/arm-none-eabi/7.2.1/thumb/v7e-m/fpv4-sp/softfp/crtbegin.o
LOAD c:/siliconlabs/simplicitystudio/v4/developer/toolchains/gnu_arm/7.2_2017q4/bin/../lib/gcc/arm-none-eabi/7.2.1/../../../../arm-none-eabi/lib/thumb/v7e-m/fpv4-sp/softfp/crt0.o
START GROUP
LOAD C:\Users\yucheng\AppData\Local\Temp\ccYOrQTq.ltrans0.ltrans.o
LOAD C:\Users\yucheng\AppData\Local\Temp\ccYOrQTq.ltrans1.ltrans.o
LOAD C:\Users\yucheng\AppData\Local\Temp\ccYOrQTq.ltrans2.ltrans.o
LOAD C:\Users\yucheng\AppData\Local\Temp\ccYOrQTq.ltrans3.ltrans.o
LOAD C:\Users\yucheng\AppData\Local\Temp\ccYOrQTq.ltrans4.ltrans.o
LOAD C:\Users\yucheng\AppData\Local\Temp\ccYOrQTq.ltrans5.ltrans.o
LOAD C:\Users\yucheng\AppData\Local\Temp\ccYOrQTq.ltrans6.ltrans.o
LOAD C:\Users\yucheng\AppData\Local\Temp\ccYOrQTq.ltrans7.ltrans.o
LOAD C:\Users\yucheng\AppData\Local\Temp\ccYOrQTq.ltrans8.ltrans.o
LOAD C:\Users\yucheng\SimplicityStudio\v4_workspace\soc-btmesh-provisioner\platform\radio\rail_lib\autogen\librail_release\librail_efr32xg13_gcc_release.a
LOAD C:\Users\yucheng\SimplicityStudio\v4_workspace\soc-btmesh-provisioner\protocol\bluetooth\lib\EFR32XG13X\GCC\libcoex.a
LOAD C:\Users\yucheng\SimplicityStudio\v4_workspace\soc-btmesh-provisioner\protocol\bluetooth\lib\EFR32XG13X\GCC\libbluetooth_mesh.a
LOAD C:\Users\yucheng\SimplicityStudio\v4_workspace\soc-btmesh-provisioner\protocol\bluetooth\lib\EFR32XG13X\GCC\libpsstore.a
LOAD C:\Users\yucheng\SimplicityStudio\v4_workspace\soc-btmesh-provisioner\protocol\bluetooth\lib\EFR32XG13X\GCC\binapploader.o
LOAD c:/siliconlabs/simplicitystudio/v4/developer/toolchains/gnu_arm/7.2_2017q4/bin/../lib/gcc/arm-none-eabi/7.2.1/../../../../arm-none-eabi/lib/thumb/v7e-m/fpv4-sp/softfp\libm.a
END GROUP
START GROUP
LOAD c:/siliconlabs/simplicitystudio/v4/developer/toolchains/gnu_arm/7.2_2017q4/bin/../lib/gcc/arm-none-eabi/7.2.1/thumb/v7e-m/fpv4-sp/softfp\libgcc.a
LOAD c:/siliconlabs/simplicitystudio/v4/developer/toolchains/gnu_arm/7.2_2017q4/bin/../lib/gcc/arm-none-eabi/7.2.1/../../../../arm-none-eabi/lib/thumb/v7e-m/fpv4-sp/softfp\libc_nano.a
LOAD c:/siliconlabs/simplicitystudio/v4/developer/toolchains/gnu_arm/7.2_2017q4/bin/../lib/gcc/arm-none-eabi/7.2.1/../../../../arm-none-eabi/lib/thumb/v7e-m/fpv4-sp/softfp\libnosys.a
END GROUP
START GROUP
LOAD c:/siliconlabs/simplicitystudio/v4/developer/toolchains/gnu_arm/7.2_2017q4/bin/../lib/gcc/arm-none-eabi/7.2.1/thumb/v7e-m/fpv4-sp/softfp\libgcc.a
LOAD c:/siliconlabs/simplicitystudio/v4/developer/toolchains/gnu_arm/7.2_2017q4/bin/../lib/gcc/arm-none-eabi/7.2.1/../../../../arm-none-eabi/lib/thumb/v7e-m/fpv4-sp/softfp\libg_nano.a
LOAD c:/siliconlabs/simplicitystudio/v4/developer/toolchains/gnu_arm/7.2_2017q4/bin/../lib/gcc/arm-none-eabi/7.2.1/../../../../arm-none-eabi/lib/thumb/v7e-m/fpv4-sp/softfp\libc_nano.a
END GROUP
START GROUP
LOAD c:/siliconlabs/simplicitystudio/v4/developer/toolchains/gnu_arm/7.2_2017q4/bin/../lib/gcc/arm-none-eabi/7.2.1/thumb/v7e-m/fpv4-sp/softfp\libgcc.a
LOAD c:/siliconlabs/simplicitystudio/v4/developer/toolchains/gnu_arm/7.2_2017q4/bin/../lib/gcc/arm-none-eabi/7.2.1/../../../../arm-none-eabi/lib/thumb/v7e-m/fpv4-sp/softfp\libc_nano.a
END GROUP
LOAD c:/siliconlabs/simplicitystudio/v4/developer/toolchains/gnu_arm/7.2_2017q4/bin/../lib/gcc/arm-none-eabi/7.2.1/thumb/v7e-m/fpv4-sp/softfp/crtend.o
LOAD c:/siliconlabs/simplicitystudio/v4/developer/toolchains/gnu_arm/7.2_2017q4/bin/../lib/gcc/arm-none-eabi/7.2.1/thumb/v7e-m/fpv4-sp/softfp/crtn.o

.text_bootloader
                0x0fe10000        0x0
 *(.binbootloader*)
                0x0fe10000                . = ALIGN (0x4000)

.text_apploader
                0x00000000     0xafc0
 *(.binapploader*)
 .binapploader  0x00000000     0xafc0 C:\Users\yucheng\SimplicityStudio\v4_workspace\soc-btmesh-provisioner\protocol\bluetooth\lib\EFR32XG13X\GCC\binapploader.o

.text_signature
                0x0000afc0       0x40
                0x0000b000                . = ALIGN (0x800)
 *fill*         0x0000afc0       0x40 
                0x0000b000                __text_start__ = .

.text_application
                0x0000b000    0x4410c
 *(.vectors)
 .vectors       0x0000b000       0xfc C:\Users\yucheng\AppData\Local\Temp\ccYOrQTq.ltrans0.ltrans.o
                0x0000b000                __Vectors
                0x0000b0fc                __Vectors_End = .
                0x000000fc                __Vectors_Size = (__Vectors_End - __Vectors)
                0x0000b0fc                __end__ = .
 *(.application_properties)
 .application_properties
                0x0000b0fc       0x40 C:\Users\yucheng\AppData\Local\Temp\ccYOrQTq.ltrans0.ltrans.o
                0x0000b0fc                bg_application_properties
 *(.gecko_configuration)
 *(.xo_configuration)
 *(.gatt_header)
 .gatt_header   0x0000b13c       0x34 C:\Users\yucheng\AppData\Local\Temp\ccYOrQTq.ltrans4.ltrans.o
                0x0000b13c                bg_gattdb_data
 *(.gatt_data)
 .gatt_data     0x0000b170      0x2b6 C:\Users\yucheng\AppData\Local\Temp\ccYOrQTq.ltrans4.ltrans.o
                0x0000b170                bg_gattdb_data_attributes_map
                0x0000b2e4                bg_gattdb_data_attribute_field_30
                0x0000b2ec                bg_gattdb_data_attribute_field_29
                0x0000b302                bg_gattdb_data_attribute_field_28
                0x0000b314                bg_gattdb_data_attribute_field_26
                0x0000b31c                bg_gattdb_data_attribute_field_25
                0x0000b324                bg_gattdb_data_attribute_field_24
                0x0000b32c                bg_gattdb_data_attribute_field_23
                0x0000b334                bg_gattdb_data_attribute_field_22
                0x0000b338                bg_gattdb_data_attribute_field_20
                0x0000b340                bg_gattdb_data_attribute_field_19
                0x0000b348                bg_gattdb_data_attribute_field_18
                0x0000b350                bg_gattdb_data_attribute_field_17
                0x0000b358                bg_gattdb_data_attribute_field_16
                0x0000b35c                bg_gattdb_data_attribute_field_15
                0x0000b36a                bg_gattdb_data_attribute_field_14
                0x0000b372                bg_gattdb_data_attribute_field_13
                0x0000b376                bg_gattdb_data_attribute_field_12
                0x0000b37a                bg_gattdb_data_attribute_field_11
                0x0000b384                bg_gattdb_data_attribute_field_10
                0x0000b38c                bg_gattdb_data_attribute_field_9
                0x0000b394                bg_gattdb_data_attribute_field_8
                0x0000b398                bg_gattdb_data_attribute_field_7
                0x0000b3a0                bg_gattdb_data_attribute_field_6
                0x0000b3a8                bg_gattdb_data_attribute_field_5
                0x0000b3b0                bg_gattdb_data_attribute_field_4
                0x0000b3b8                bg_gattdb_data_attribute_field_2
                0x0000b3c0                bg_gattdb_data_attribute_field_1
                0x0000b3c8                bg_gattdb_data_attribute_field_0
                0x0000b3cc                bg_gattdb_data_adv_uuid128_map
                0x0000b3cd                bg_gattdb_data_adv_uuid16_map
                0x0000b3ce                bg_gattdb_data_attributes_dynamic_mapping_map
                0x0000b3e0                bg_gattdb_data_uuidtable_128_map
                0x0000b400                bg_gattdb_data_uuidtable_16_map
 *(.text*)
 *fill*         0x0000b426        0x2 
 .text          0x0000b428       0x40 c:/siliconlabs/simplicitystudio/v4/developer/toolchains/gnu_arm/7.2_2017q4/bin/../lib/gcc/arm-none-eabi/7.2.1/thumb/v7e-m/fpv4-sp/softfp/crtbegin.o
 .text          0x0000b468       0x74 c:/siliconlabs/simplicitystudio/v4/developer/toolchains/gnu_arm/7.2_2017q4/bin/../lib/gcc/arm-none-eabi/7.2.1/../../../../arm-none-eabi/lib/thumb/v7e-m/fpv4-sp/softfp/crt0.o
                0x0000b468                _mainCRTStartup
                0x0000b468                _start
 .text          0x0000b4dc     0x725c C:\Users\yucheng\AppData\Local\Temp\ccYOrQTq.ltrans0.ltrans.o
                0x0000b69c                gecko_init_alloc
                0x0000c348                Reset_Handler
                0x0000c388                CORE_EnterCritical
                0x0000c390                hci_increase_token
                0x0000c3a2                handle_bgapi_output.lto_priv.564
                0x0000c430                sli_bt_cmd_handler_delegate
                0x0000c8d8                bgapi_ubt_listener
                0x0000cba0                gatt_db_find_attribute_by_type
                0x0000cbd8                gatt_db_get_16bit_char_handle
                0x0000cbfe                gatt_db_get_char_properties
                0x0000cc44                gatt_db_handle_active
                0x0000cc74                gatt_db_get_data
                0x0000cf74                send_notification.lto_priv.565
                0x0000d48e                handle_gatt_mtu_exchanged.part.0
                0x0000d4ba                gatt_get_next_connection
                0x0000d53c                gatt_get_connection
                0x0000d548                gatt_start_procedure
                0x0000d574                validate_scanning_phymask.lto_priv.566
                0x0000d5a4                gap_stop_advertising.part.18
                0x0000d5c4                ubt_gap_set_adv_data
                0x0000d6a0                check_private_address_and_timer
                0x0000d764                gap_start_advertising.part.19
                0x0000db02                bondingdb_find_by_data.part.2
                0x0000dd18                ubt_sm_get_bond_data
                0x0000df90                bondingdb_is_bonded
                0x0000e1b0                ubt_sm_set_bond_data
                0x0000e3ec                handle_database_changed.part.3.lto_priv.475
                0x0000e554                ubt_sm_delete_bonding
                0x0000e668                ubt_sm_alloc_bond
                0x0000e750                gecko_stack_update_callback
                0x0000e760                DMD_writeColor.part.2
                0x0000eb2c                SYSTEM_ChipRevisionGet
                0x0000eb60                MSC_Deinit
                0x0000eb74                MSC_Init
                0x0000eb94                GPIO_PinModeSet
                0x0000ec04                EMU_DCDCLnRcoBandSet
                0x0000ec2c                CORE_EnterAtomic
                0x0000ec34                CORE_ExitCritical
                0x0000ec3a                hci_send_command
                0x0000ec74                hci_state_listener_idle
                0x000101b0                hci_state_listener_init
                0x000101d8                hci_state_listener_init_default_data_length
                0x00010248                gap_scan_update
                0x00010350                gap_listener
                0x0001052c                CORE_ExitAtomic
                0x00010530                CMU_OscillatorEnable
                0x000106dc                SystemHFXOClockGet
                0x000106e8                CMU_ClockSelectGet
                0x000107b0                CMU_ClockEnable
                0x0001087c                SystemLFRCOClockGet
                0x00010882                SystemULFRCOClockGet
                0x00010888                SystemLFXOClockGet
                0x00010894                SystemHFClockGet
                0x00010a00                CMU_ClockFreqGet
                0x00010a50                CMU_ClockSelectSet
                0x00012692                _write
                0x000126d0                _sbrk
                0x000126f4                _read
                0x0001271e                _lseek
                0x00012722                _isatty
                0x00012726                _fstat
                0x00012730                _exit
                0x00012732                _close
 .text.startup  0x00012738     0x1918 C:\Users\yucheng\AppData\Local\Temp\ccYOrQTq.ltrans0.ltrans.o
                0x00012738                main
 .text          0x00014050     0x6944 C:\Users\yucheng\AppData\Local\Temp\ccYOrQTq.ltrans1.ltrans.o
                0x00014050                s6019f7a3afecff5901e1f5b5e089d0bf368977f12d58f1bc8cade3b6b255c942
                0x000140e4                s99706ec9cefad0764102cb5bdcebde1d96496104c401277e87779cc829eec13d.lto_priv.469
                0x000140f0                s9ee8e7b377e7bbae007f625ff51febedc8d063543feed2ab0e008bffacc9ccb7.lto_priv.672
                0x00014136                s6fbe0c269e360b8f1fbbc98112acdb192df0211550e6133771232053ab246715.lto_priv.746
                0x000143d0                s5c09c78ce000038282facbea8e578d879cb1e24458c166c35a622c948c906e58.lto_priv.426
                0x00014408                s3edfb18329c36f85ff23096748f690a522028d4697bc63f717b5b6034fece88c
                0x00014454                sbc4a2be99bae90a0cb196153d3738925408a4bbd2115f6c394d401d4451a88fd
                0x00014458                sd16c20d11368f7861c7c18861b3bb2f653ece4a4f68f1c7f5ad54ecf6072bdc4
                0x0001445c                s6f055531860a5f6ec4656d7b49cdc5e9c3069e28ae138077be88277bd660bde7
                0x00014460                s312d86a3565f72893c1d22ffd0c11d65625eeb406986223da913ab716d54845e
                0x00014464                s972df6dcdf866c56a50f33ef9f723ec2828c36acb7206b2c2531dfbbcab5d667
                0x00014468                s8e2dd31798eea79fd5e81d9a92634b0867a19a961bcac3191514a6de19b3d7d5
                0x0001446c                s372c286f277470501bd02d8f197b9c84d9ae227d823147faa1f9e249be29571d
                0x00014470                s250e52ab9380b7d49dc97612d246fd21e974ab67e6db223457244a942c9dc309
                0x00014ed0                s47d6266b4a38e65c8ba68a8d4e1ba54b6f78102dabe15df51d0cb26788c82aef
                0x00014ee0                s2f489a108ba7fcda9e53df35ccab748974301c8dc8fcb74cf41d095f38087e4e
                0x00014f38                s869ebf5d1ddb382edf0e848b1dfbfc266664a5879b9f50e4288663d740e0f597
                0x00014f6c                s67440f6c3c8dc1ef0b04b3de3ebc568c9c7ec2541b6bd72e3b3db2202cc4c8d3
                0x00014fc8                s91c553eea0c4fc20b28f6c43348107b1e0d8edf703409b09a80bf904903fa46b.lto_priv.505
                0x00014fda                sfd1009219741b0750290222f261449b529db5656996dd0ab40a67ab7d7edc394
                0x00014fe8                sf71d3fe6c3a3e898c356930065271bb60c4bfd8f75e4b07435c7d10e72437869.lto_priv.611
                0x00015044                s088cbccc3499ac876a492291d60ca125a2463989dd79513a35d280a0444ba6c8.lto_priv.614
                0x00015088                s5651b3409057f2f91f7d1d979683c1264994a82273a22a3d6105e34db2cf0f82.lto_priv.612
                0x00015108                se803498bc0f438e6a52896ddc0bb7803ac96e94ade97115a5cb59dbe3d48499b.lto_priv.613
                0x0001519c                se4c5c4869c1fd425af9a9353dff9161ff0da180738231cbe0f9ed7e03ff3c76c.lto_priv.591
                0x000151b8                sc3a70966cf984e0c0be065fdf297224c0063258c0e34f108276380f48093aee4.lto_priv.684
                0x00015350                sde6b8ace8c1c1f296e49a357a91273b96b84d2d93d56f5c92c62b700dc912513
                0x00015368                s09e08adc186901f795f97605530591010eaca9bbe80a9dadad5ddfb4eb388f94
                0x000153ac                s6ff14fe6bc0ca90c95ef60fe5011df1d824e2948bff1d0a161a4f4b84d8643fd
                0x000153e8                se90c8c844a29b0ae4a4beefef0707e404024def2b68d6f4be41f1b9f86e85786
                0x00015418                s49fa92fd1037e7e0b120a325f61aa2a955b66034b0635e210e23654c68a57070
                0x00015434                sd29e2637760b9137aab9bf98a9b541da79429965d7ec299a169c960935bbd404.lto_priv.600
                0x00015464                sbec0cbe303bd593ca84a0f69dcc6edb968abae5a92b36ad914f394d98467557f
                0x0001548c                see7a379f97ad6b899d17c425c4f0bf137c6093b04f00532d0821e7a8be8e6b15.lto_priv.720
                0x000154f4                sd5a5764d7b99345d1055a0ec7cd53818205afa9782cc83eec96e76a85ba9d892
                0x00015564                s21a3b5c6972ffb3dd0a295f6c3fe52be65c880939635cce6cabda160eb5c33c8
                0x000155d4                s397c5908bcbef142488053fd732713c4704ca1a420a58e09b7db65819fe1e8ce.lto_priv.589
                0x00015610                s0c2e0b5cac430dda0686b9526dcec376d592e497c1dfe8b00134b86b071a7093
                0x00015688                s02db68217afc72b235f38a71741247dd90161b847a9b4e369760f613a0b8e40b
                0x000156fc                s07f43ffd9faa0a22b191e0756e79c5b89895da32fd902f6ffd60a0091e50acda
                0x000157f0                s588c8ee1c743f34e840fa4f7b4c6601fde65e6b9a212e2ea70e7c1b334959c8b.part.9
                0x00015808                s10b6111d07161961f32d69a6dd150e989a47261109e34453ea2924272a58571b.lto_priv.599
                0x0001584c                s3ad49a2bf094a61325a0536d8ac8171aaca6fb9f5910ca6dd806c6321ca13e98
                0x000158c4                sc088f32e04a429472e9721e74869095eea035f1a290c69aeda527ccd93810f8c
                0x0001591c                s645da1b697ee9275ada820be18567474705476e89923edc66d756660151420af
                0x0001595c                sa4409742781832a1999f9ecb05daac1cbe9dc5878b3abe3ff9f21cd8d0d4c6a5.lto_priv.701
                0x00015984                s235b77878ffa15982bc63f39ba97df4deca0129a0b97934227b542958aecfbd1
                0x000159d0                s16671c4bb7b6d8e7bcf499895d40f940971f27e537805451c289edcb3dbfa647
                0x00015a20                s04503efec82ff6ce3f10b9ceae932afea79c6e0615b6e4071a4f20d58cf1938d
                0x00015a7c                s58f83e89d7cc67afc3e9e180c2379c2ad386ab8c1af2c1540b1775efdb032830
                0x00015ad4                s3902d71650020e30d49db221264052dc6b47a41d0998031f5e931f8bc506380e
                0x00015af8                s5758f304d1e9ede43286b555fc7449a9a36461bacaf72c814ebe16a476a994e1
                0x00015c54                sfe7762df92738633b2a5f93207806ce0274854b94eeb9d03fa92c94c6ebfd8df
                0x00015c90                sdf537bb57f1e787d6fd2fe51800e534cd0275418305366cb60d678ea1750dabd
                0x00015d2c                s86eb02fd0f466d954bb6ef4b143dd56d72ef904efbd40d00dba76579112dd7eb
                0x00015d90                s89b6306be573542508d8a27195da49d14275429e84ba74cfad810d0ba9e10af6
                0x00015f98                s7f59fcc55096b2d8416689d8421b79114f59f7ca0bdfdaedd425953cff6d1f8a.lto_priv.777
                0x0001608c                sd5823feba9eb9b344ffd6d90a92b7968a62209a61b3e568cc724f2523291fcc8
                0x0001642c                s7808f7a389709abacd73fb358ab76ed70d6fc3f0b4a0dddab4d76c3c9bb971fe
                0x0001652c                s42750a79d896162f043fdd4f7dc63c8a4cd74cab5aaee57be74d54f804f1774d.lto_priv.778
                0x00016590                s7506562fc9b89d75c26feb65f105606dcbdc16c1aa462ef0533f77e5534ad2f5
                0x000165b8                s1d2ded0dafe78174c87b66bff868ec9df91c5b5f184d794eb1aad5889f4d16e9
                0x000165e0                s159d970698dc3e527243f512748c02159bf5d84debb89a009024b2178c6a4e69
                0x0001665c                sfce14941ec34a4cdfea1f486b7a25608885b6a2557f1702e4dfc47a28176b981
                0x00016678                s29a650147ed900afd81d8677a294b6efec84df043f9b50b25ffecbeff40e62a8
                0x000166c8                sb8b7c87872f20a1b2e9ca71591f6ee7bd3e142c0f8f8915edacdbcd6d284eabb
                0x000166ec                s76c034da60c2e7d487bb432ae2dc811dd6a06d3ff432c8a4cf3c358b5cb88ac9.lto_priv.683
                0x000167b8                s63a47c678b227da32b4494a3ee56d6491ec443d838b176a02d4c857141d9bbf2
                0x00016858                sa33adad65c82a1761d0a05990d4ebb84ed9aa648425a3167ca266b3f6d9c717a
                0x000168a4                s717f35c418c559130802600062974238dc265c3da5793e7b51099b9150d2ee26.lto_priv.685
                0x000168d8                s624f8c76922faa844830447cf90125102f41bf49506e655929c46dc7995774e1.lto_priv.745
                0x00016924                s2b8ec4879d87981780fa246cbe8ebd8aa66e57a3181f82365bb1dc6c1c2cbc43
                0x00016960                s3f1c7a3f39c41f111001d5a33f9c4ddd0235d48c4166a4f8ec808665669aad9d
                0x00016962                s61adfbbcba16ba81abf84d0b3242fe559db76d00d69b3d8555e5f787d686b27d
                0x00016964                s96fe0f5916f5640c5d7bb1ff58f1405f09ee06f963d7bb2227e6367fbfcc9b12
                0x00016966                s10fe6dc12b6819e7c346382fd474c0a7df89768d2ff749eaf067dd4c0ece96a2
                0x00016968                s6e11c475ea8f9e651faf3c80d51da1e91a18cc1151e52331f252f89167f9a359
                0x0001696a                s95c2f6132a5f9615560a3dfdad98fa307078ad8a11097fcbf27c9938ff740fbc
                0x0001696c                scb9ecf188313f43255a472b8962878182f691c958464a3dbdab14c9f4093a0c0
                0x0001696e                s7db4aa6cbc149fe2ae16b7e6d60090d1fc9c836562b982b2633cbef25d2fe64a
                0x000169e0                s2a8ce4553a4bfa22b7544f7af520042d8d7978856faa6f16c08c9cdcdb2723c0
                0x00016d44                s5ad154f4280798c81d8efe614d62f678e3b82aaeb8736c9ee4436aeef40cc5b3
                0x00016dc0                s8878651543336fa1145f8b71eddb56115b406beb5bed408ca435141243903d07.lto_priv.747
                0x00017468                s240e97313efe110801fa169dbbb8fd9ec45af1caf9db019f89c19427331ef402.lto_priv.671
                0x0001969c                s07d0d60b80759ba5bfef6ae0a6e77471cc2039d167112c48b0dad127a56a7f01.lto_priv.725
                0x000196cc                s8f99fab0cdcfc8bdba2c27eced4721056a1f69c98baba5e6e5d8b01e68640dac
                0x000198d8                sef8368169f3026584af3f56d801d17e982b031e738f3c443e33ade2a527e60ce
 .text.unlikely
                0x0001a994       0xf0 C:\Users\yucheng\AppData\Local\Temp\ccYOrQTq.ltrans1.ltrans.o
 .text          0x0001aa84     0x6778 C:\Users\yucheng\AppData\Local\Temp\ccYOrQTq.ltrans2.ltrans.o
                0x0001afe0                ccm_aes_setkey_wrap.lto_priv.466
                0x0001afe4                bgapi_test_lib_msg_handler
                0x0001b040                sli_bt_cmd_le_gap_set_advertise_configuration
                0x0001b10c                sli_bt_cmd_le_gap_set_advertise_report_scan_request
                0x0001b17c                sli_bt_cmd_le_gap_set_advertise_channel_map
                0x0001b1e0                sli_bt_cmd_le_gap_set_advertise_timing
                0x0001b27c                sli_bt_cmd_gatt_server_send_characteristic_notification
                0x0001b350                sli_bt_cmd_gatt_discover_characteristics
                0x0001b3bc                sli_bt_cmd_le_gap_set_discovery_type
                0x0001b418                sli_bt_cmd_le_gap_set_discovery_timing
                0x0001b498                sli_bt_cmd_le_gap_start_discovery
                0x0001b528                sli_bt_cmd_le_gap_end_procedure
                0x0001b574                sli_bt_cmd_le_gap_start_advertising
                0x0001b5c0                sli_bt_cmd_le_gap_bt5_set_adv_data
                0x0001b638                s441002f521efb51e688941f812d162c868d768386dbe8895c84e6d0b96394947.lto_priv.473
                0x0001b680                ll_linkGetWindowWidening
                0x0001b6d8                ll_connEncDataToBuffer
                0x0001b700                ll_connEncBufferToData
                0x0001b72c                ll_connValidateParams
                0x0001b766                ll_connUpdateMaxPacketLengths
                0x0001b7d4                ll_connGetHandleByConn
                0x0001b804                ll_connGetByHandle
                0x0001b82c                ll_connSetMaxRuntime.lto_priv.808
                0x0001b846                bg_bit_clr_exclusive.lto_priv.517.lto_priv.800
                0x0001b846                bg_bit_clr_exclusive.lto_priv.516.lto_priv.803
                0x0001b846                bg_bit_clr_exclusive.lto_priv.515.lto_priv.809
                0x0001b846                bg_bit_clr_exclusive.lto_priv.514.lto_priv.802
                0x0001b846                bg_bit_clr_exclusive.lto_priv.513.lto_priv.806
                0x0001b858                bg_bit_set_exclusive.lto_priv.519.lto_priv.812
                0x0001b858                bg_bit_set_exclusive.lto_priv.518.lto_priv.791
                0x0001b858                bg_bit_set_exclusive.lto_priv.521.lto_priv.787
                0x0001b858                bg_bit_set_exclusive.lto_priv.524.lto_priv.801
                0x0001b858                bg_bit_set_exclusive.lto_priv.520.lto_priv.810
                0x0001b868                ll_connEncryptionConnectionInit
                0x0001b89e                ll_connRaiseEvents
                0x0001baf8                bg_bit_clr_atomic.lto_priv.525.lto_priv.790
                0x0001baf8                bg_bit_clr_atomic.lto_priv.527.lto_priv.870
                0x0001baf8                bg_bit_clr_atomic.lto_priv.526.lto_priv.785
                0x0001bb10                bg_bit_set_atomic.lto_priv.530.lto_priv.784
                0x0001bb10                bg_bit_set_atomic.lto_priv.529.lto_priv.789
                0x0001bbe0                ll_channelmapUpdate
                0x0001bc5e                ll_connInitNew
                0x0001be64                ll_channelmapUsedChannels
                0x0001be8c                ll_channelmapGetChannelMap
                0x0001bea4                ll_advExtUpdateChannelMap
                0x0001bec4                ll_advGetByHandle
                0x0001bf0c                abort_long_write.lto_priv.507
                0x0001bf2a                set_change_awareness
                0x0001bf64                set_client_features
                0x0001bfc4                mbedtls_mpi_init
                0x0001bfd2                mbedtls_ecp_point_init.part.5
                0x0001bfea                zeroize
                0x0001bfea                mbedtls_zeroize.lto_priv.470.lto_priv.481
                0x0001bfea                mbedtls_zeroize.lto_priv.536.lto_priv.608
                0x0001bfea                mbedtls_zeroize.lto_priv.471.lto_priv.472
                0x0001bffa                crypto_management_release
                0x0001c030                CRYPTO_DataReadUnaligned.lto_priv.541.lto_priv.813
                0x0001c030                CRYPTO_DataReadUnaligned.lto_priv.542.lto_priv.804
                0x0001c06e                CRYPTO_DataWriteUnaligned.lto_priv.544.lto_priv.805
                0x0001c06e                CRYPTO_DataWriteUnaligned.lto_priv.543.lto_priv.814
                0x0001c0b2                mbedtls_aes_init.part.4
                0x0001c0ba                mbedtls_aes_setkey_enc
                0x0001c0f6                aes_setkey_enc_wrap.lto_priv.462
                0x0001c0f8                mbedtls_cipher_update
                0x0001c19c                mbedtls_cipher_cmac_finish
                0x0001c2ac                mbedtls_cipher_cmac_update
                0x0001c374                mbedtls_cipher_setup
                0x0001c3a8                mbedtls_mpi_cmp_mpi
                0x0001c428                mbedtls_mpi_cmp_int
                0x0001c442                mbedtls_mpi_bitlen
                0x0001c482                bgbuf_chain_add
                0x0001c496                bgbuf_chain_len
                0x0001c4aa                ll_advGetMaxEventLength
                0x0001c60a                bgbuf_prepend_no_alloc
                0x0001c64c                bgbuf_chain_pop_packet
                0x0001c672                bgbuf_append_data
                0x0001c954                swap_endianess
                0x0001c972                bg_pool_free
                0x0001c9c4                bg_pool_alloc
                0x0001c9e0                bg_message_run
                0x0001ca74                bg_message_call
                0x0001caa2                bg_message_remove_receivers
                0x0001cad8                bg_message_remove_receiver
                0x0001cb0e                bg_message_enqueue_free_callback.lto_priv.474
                0x0001cbc4                bg_message_cancel_matching
                0x0001cc20                bg_message_cancel
                0x0001cc26                gatt_handle_exchange_mtu_rsp
                0x0001cc74                bg_message_send_later.lto_priv.547.lto_priv.783
                0x0001cc74                bg_message_send_later.lto_priv.545.lto_priv.788
                0x0001cc74                bg_message_send_later.lto_priv.546.lto_priv.867
                0x0001cc8a                bg_message_send
                0x0001cc8e                bgapi_sm_listener.lto_priv.847
                0x0001cd68                bg_malloc
                0x0001cdd0                bg_message_add_receiver
                0x0001cdf4                bg_zalloc
                0x0001ce0c                bg_event_raise
                0x0001ce34                bg_event_allocate
                0x0001ce60                att_send_pdu
                0x0001ce6e                sli_bt_cmd_gatt_write_characteristic_value_without_response
                0x0001cee0                att_send_execute_write_response
                0x0001cefa                att_send_error_response
                0x0001cf20                sl_free
                0x0001cf36                aes_ctx_free.lto_priv.465
                0x0001cf48                mbedtls_cipher_free
                0x0001cf78                mbedtls_ccm_free
                0x0001cf8c                ccm_ctx_free.lto_priv.468
                0x0001cf9c                mbedtls_mpi_free
                0x0001cfc8                mbedtls_ecp_point_free.part.8
                0x0001cfe2                mbedtls_ecp_point_free
                0x0001cfe8                mbedtls_ecp_group_free
                0x0001d046                sl_calloc
                0x0001d05e                aes_ctx_alloc.lto_priv.464
                0x0001d074                ccm_ctx_alloc.lto_priv.467
                0x0001d08e                mbedtls_mpi_grow
                0x0001d0e2                mbedtls_mpi_lset
                0x0001d10a                mbedtls_mpi_shift_r
                0x0001d17e                mbedtls_mpi_read_binary
                0x0001d1e4                mbedtls_mpi_safe_cond_assign
                0x0001d24c                mbedtls_mpi_copy
                0x0001d2a0                mbedtls_ecp_copy
                0x0001da5a                mbedtls_mpi_sub_mpi
                0x0001daa0                ecp_safe_invert_jac.lto_priv.479
                0x0001df5c                mbedtls_ecp_check_pubkey
                0x0001e160                ll_connAlloc
                0x0001e1c0                ll_advUpdateMaxEventLength
                0x0001e1f4                bgbuf_free
                0x0001e274                bgbuf_get_data.part.1.lto_priv.868
                0x0001e35a                bgbuf_copy_to
                0x0001e370                bgbuf_chain_defragment
                0x0001e3fc                bgbuf_chain_drop_end
                0x0001e43e                bgbuf_chain_drop
                0x0001e46a                bgbuf_chain_free
                0x0001e588                ll_connFree
                0x0001e90e                ll_advSetData
                0x0001ea34                ll_advTaskStopHandle
                0x0001ed28                ll_advExtTaskHandlerWaitTx
                0x0001eeac                ll_advTaskHandlerWaitTx
                0x0001f190                free_params_data.lto_priv.506
                0x0001f1a6                end_procedure.lto_priv.508
                0x0001f1e4                gatt_handle_write_response
                0x0001f1f6                gatt_handle_execute_write_response
                0x0001f22e                gatt_handle_read_by_group_type_response
                0x0001f2ea                gatt_handle_find_by_type_value_response
                0x0001f39c                gatt_handle_find_information_response
                0x0001f536                sli_bt_cmd_gatt_set_characteristic_notification
                0x0001f5ac                sli_bt_cmd_gatt_discover_primary_services_by_uuid
                0x0001f6bc                send_characteristic_value_event.lto_priv.509
                0x0001f744                gatt_handle_read_multiple_response
                0x0001f80c                gatt_handle_read_blob_response
                0x0001f842                gatt_handle_read_response
                0x0001f924                gatt_handle_read_by_type_response
                0x0001fb40                bgapi_gatt_listener
                0x0001fe58                bgbuf_alloc_int.lto_priv.476
                0x0001ff10                bgbuf_chain_append_data
                0x0001ff74                bgbuf_clone_head
                0x0001ffc6                bgbuf_clone
                0x00020038                bgbuf_alloc_copy_data
                0x00020062                bgbuf_alloc_size
                0x00020070                bgbuf_alloc
                0x0002007c                ll_connUpdatedChannelClassification
                0x000200e8                bgbuf_chain_prepend_data
                0x00020172                bgbuf_split
                0x000201c2                bgbuf_prepend
                0x000201ec                crypto_management_acquire_preemption
                0x00020368                ecp_normalize_jac_many.lto_priv.480
                0x000205d8                crypto_management_release_preemption
                0x00020a6c                ll_connSendData
                0x00020c3c                ll_connEnableDataFlow
                0x00020c54                ll_connEncryptionFail
                0x00020ca4                CRYPTO_KeyBufWriteUnaligned.lto_priv.540.lto_priv.811
                0x00020ca4                CRYPTO_KeyBufWriteUnaligned.lto_priv.539.lto_priv.815
                0x00020cf0                ll_connEncryptionSetSessionKey
                0x00020f48                aes_crypt_ctr_wrap.lto_priv.461
                0x00020f9c                aes_rand_update.lto_priv.871
                0x00020fe4                bg_random_get_data
                0x00021044                mbedtls_aes_crypt_ecb
                0x000210e8                aes_crypt_ecb_wrap.lto_priv.460
                0x000210ea                aes_setkey_dec_wrap.lto_priv.463
 .text.unlikely
                0x000211fc       0x8e C:\Users\yucheng\AppData\Local\Temp\ccYOrQTq.ltrans2.ltrans.o
 *fill*         0x0002128a        0x2 
 .text          0x0002128c     0x68f8 C:\Users\yucheng\AppData\Local\Temp\ccYOrQTq.ltrans3.ltrans.o
                0x0002139c                sf5efb6510e4bcd4a3d7d7fd4190cd7f7f670ce6459a9e76ef69d446937d1b00b
                0x000213ca                s5ea5cfdae840f9b718ce2feab95a3acaae34d08ef67f94eb4a1858d42c00db8e
                0x000214fc                s72a28b974b79569583d4d0d4aba00701069b699f821ae0a25c65a0f87a84c100
                0x00021544                s21fe174876c33311f3af1f412a0d5b1e5c803bb3c13cdc5c7583fec44cde42d0
                0x0002158c                s1e48f67161e17c6dad2d787653dd5c20df7bc6a2de806121598d29e50d8cce6a
                0x000215fc                s7aa256b5fbd6f9673f38d44405bfa0eed371b8c88dfa75eae2ff3dfc5fb3b592
                0x00021638                s38d284740597583e34e48e42b0013cd14a9c876601fd9d2f021c2a3759fbc4fd
                0x00021748                sb79a34730f122749cf6f6654471962aa3de899c18962aafee2249444a94fe968.lto_priv.623
                0x00021a20                s0ef555943a77328c9be5fde3a3a1c5ee2d5b9883d07b40d02b9ddd8382751f83
                0x00021a2c                s6023333357bd82eacac2a97d281ff2ba30cc4e16f5b4f7625a205c3ce126693a
                0x00021a30                s75ca731ab3433a2d4b7f3cc8b1e3812840a62e46038f7aae431292ba364b314c
                0x00021a34                s3b5b12df5499eb044b0fcb9141de4fda6d7a519af03478a22ade7a427f187b82
                0x00021aac                s82c5e1544b4fed2281f8e64682566dec1dacfadee1b3554e3f612b2553f2c377
                0x00021bc8                s16b6081efb66528994d34596980d449700d7d083404094bad4b81d8dfd2b4e27
                0x00021c4c                s6176ace9be278da4b392879e2d4c68266f674440ecd0548e20d60049a1565fed
                0x00021cac                sedf1a5766865777a86b80d7620de84d550870b92240341fe3da474ce08e98dc8
                0x00021d0c                s70f82d0167015eed00ae6de1a819ac08144adf0243ebface11c0b98fe1228289
                0x00021d58                s7b310f08ef0fe5dc9965d261c5ddfe3fd3d1f4eeb8515209e8d208549faecc5f
                0x00021db4                s24d9eb487cfa6bcc396b310ad105b12e936b8d19eb63f83e014701f0a64a9893
                0x00021e68                s3e28f2ce9d484af8a56f2c963f2810605ce14be3c2081a1ccafec0f58a4d91f3
                0x00021f0c                s3c3fefcc1955b989253c4dafd993f85915803966dc6ba5a9aedb6d45b2e7499b
                0x00021f68                s142509c90efa362ed3613b9839495c63bb013778fa442dc8518e34673d5d4c33
                0x00021fbc                s59a8b2f57de1662a1aada21295eebaab9986505e9c05b244eae3bc29428a0ff2
                0x000223b0                att_buf_send
                0x000223cc                att_alloc_pdu_copy_data
                0x00022406                att_alloc_buf
                0x0002241e                att_alloc_pdu
                0x0002242e                ubt_message_get_gap_adv_report_header
                0x0002245a                acl_find_by_index
                0x00022474                acl_find_by_hci_handle
                0x00022490                s99085babac311fc5fab79a02cf16fded3ace0a6094a431d97a3424674523e4b5
                0x000224a0                s6261974a293c5239df2c750357da7e82f8dcd8b99af88cb966ae52350464a9d6.lto_priv.568.lto_priv.687
                0x000224ac                s2c67b870202fec66ddf26c64f0c38ebce8d002b7fb23977d0446d8f2fee32cca.lto_priv.572.lto_priv.667
                0x000224ac                s2c67b870202fec66ddf26c64f0c38ebce8d002b7fb23977d0446d8f2fee32cca.lto_priv.574.lto_priv.659
                0x000224ac                s2c67b870202fec66ddf26c64f0c38ebce8d002b7fb23977d0446d8f2fee32cca.lto_priv.573.lto_priv.695
                0x000224bc                s44389a8ac9ec1f4417202b0c39c4aa04c48805437e78a0db687ea4ade1f0523b
                0x00022548                sb564fb369150d958564d1bd42df03165640b0cda2a16fa63b2ba18f310319a93
                0x000225b4                sed6d275c1644f5870f983b2532a453e350b77621491aab9776c482c60af3b962
                0x00022620                s7db2527fd401eaf542b753f433b690be6782df93e6a8b2a07999f9768dcf241e
                0x0002265c                s1052ea8e07a13dbb694b666558717402d20f23702129b1b2594fca4c65508ec8
                0x000226ba                sb3ffae400409cf8d6db5a0261cfaf63686ccdf0abf07b80daddfa9e99cb50ec2
                0x00022868                swapl.lto_priv.578.lto_priv.722
                0x0002286c                sa1aabd5b2c2178c6c7df821ce9095e134412afc3f66f2d59459370a9275e2d2d
                0x00022a0c                s99e892e4602708efce73e9f664e4be619c0fc357ed445596662688deaaad3d98
                0x00022b94                s5875b846aed321804db800d261a91f2579cc470b10ac3537b872a80d29ac34f2
                0x000234b2                s2c1899229a7d6562a4eedd8b5d64ce26d73555254b1d627e8b335c11f8e81506
                0x00023642                s8482faee25715676d5b29c73b516e0ecf4dacf67dc480b356a5cf7c5769c3a49
                0x000237a8                s0e7522a29a87f9500643bb926c1056ad69d8f822e4a43f6ce9f5d6a68b5bc341
                0x0002475e                sd2cadb709ecca9f947ed0c2d4d8d99bfa79dfcd8daeba4a2cff6ad6b838d21d6.isra.12.lto_priv.487
                0x00024760                s6bf7d18b9decd62f6e9a783ad4f1bbea0a55d71562c391fe4ca23a87421a2069.isra.8.lto_priv.655
                0x00024762                s9d7f547bf34dd41bd216447235704cfdae22b42b87fefaed56b79ba8056bd710.isra.7.lto_priv.653
                0x00024764                s46c99b7b348b22dd8b82d5d0742d8fc1b11ae0c7d0d1dc031a821d2aabd2389f
                0x000247cc                s76f1df48e4a5181023c125fb58d433004a940c8d81bf89186fae88683c97367b.lto_priv.641
                0x000247ec                s3662a7ce863dfcd55df5221ff5122d27e067fb9c60bfce9c439f1adacae308cb
                0x0002481c                s9aa7e38fd4d48aa820b12bb119e41cf2827e9b7238afd6325e74dd3add03c37b.lto_priv.489
                0x0002486c                s066f50d570378c5ce5601918fbc99fa137ce280aa3b9f233721f12e79090d6fd
                0x000248a8                sa9670d002c38558802c3e2b3ed4ed5fdeacaf4456e92f3c9fce5bf9781dc680b.lto_priv.642
                0x000248e0                s1a4795653743e3857e3a6b4cf7f73c51595de21988c651985d59fa2fd1bb5743.lto_priv.485.lto_priv.486
                0x000248e0                s1a4795653743e3857e3a6b4cf7f73c51595de21988c651985d59fa2fd1bb5743.lto_priv.484.lto_priv.510
                0x000248ee                s1dc4017471e5b2047572c53c521b9fbd3c0509f9613515460e52e012006c65ea.lto_priv.640
                0x00024958                s92b37aaa9ec5cf3bf22b0435e979c841b7e217d7515e70d94d2d64786a265ec1.lto_priv.583.lto_priv.647
                0x00024958                s92b37aaa9ec5cf3bf22b0435e979c841b7e217d7515e70d94d2d64786a265ec1.lto_priv.502
                0x00024962                sc557632ead5cc21ddb75bdbb8eb65592dcbc35049442350719f755c01aa328d1
                0x000249c4                s87acd33c0eac88824e4413cd64c80b6f14cbeaf6eec577d1064ab9411a19080a
                0x000249ee                sa2e0899b5be4db690e8625f942309f691e56fe7ea15549bf6068c98b9f49ad8d
                0x00024c32                se4a700b873adb527e4fe738ce5bf0a0e5af6c7bbb6740ddf8e8e2d90b3b6936e.part.20
                0x00024f5a                s3cd54b87c58bf9cdbab766ce63bcb9ef69395a720d7351aec80aaa257779f89a
                0x00024f9e                s6925673ff94fae65ec4981f298ba5ae2bfff4410703f1abab99e4c2b2e5ee21d
                0x00024fce                s172625f715f10cff88056e7baac129657bcd96f99cf8ffd21a8ed35609321817
                0x00024fd0                s5cb50541ac04c7438f656592fb7d17591aaa8c3ae7a2bdde7417020ed6e02c55
                0x00024fd2                s4bc0d158f0d608f7ea094c3827fd8ccdf047c640cad27972cb21e528026abf4d
                0x00024fd4                sb418c96a88c9d9584d4afad17e68d538fb05841b98cf9047f606f7c670e02f3d
                0x00024fd6                s9a3b06ede64983eaf9c5724a524e8b6591bee9448417a10d9b6f733b7c719e3e
                0x00024fd8                s10d9afa5295f5714cb17e6c9c858de788ab88a9ff6ee7618be9124c8fc534fb8
                0x00024fda                s2957bbb22cf3bcb07879f71459cc2fd448970fd9fdb0b16b009a2c5d1a735fd7
                0x00024fdc                s2a8cfcd295aa529796a6b0f12b9b05ed0f7791e4cee27508d00671b9f22e5f78
                0x00024fde                sa5a6eb936598af68ff544f8863ce45649627eec292c2a07aaa3d8e5f349fcc70
                0x00024fe0                sbacc17332592e49408073a775d030c2b34de993c765d6939baf201a3fe5165a5
                0x00024fe2                sba47e197f7a91815410a98e194bafc2e7598bfebf7b9c18d214636c79f19b531
                0x00024fe4                s28525aa3f9d3e887df59f55e5d87849c0ae6efe43ada33050447508c54e862e1
                0x00024fe6                s51e5a8587dfca365bc580255589715da577b4344ab2d686c21eace123449ba4e
                0x00024fe8                s25bc8840e8a76557bdeace952c9318bcf3b862f56d44326826469f4d35d07699
                0x00024fea                sf07fb35038733fa191a0cad2c862c868cada3bcff9c4fd131a5e01ef52eba895
                0x00024fec                s67d73d41ee51e37ca4c7e65f4ae187ba531930c46bcc024e08e2e3b894fb80b9
                0x00025438                s25d9e0e1dad17678be12a1721ea91a9bf6c2691bbe39c55b8c737f5b9076ea2b
                0x000255a4                acl_release
                0x00025640                s4aadd50e2ead2ba313b9c1d53309d1c6178864f8def0eb593bd4a4332d961fb1.isra.21.lto_priv.654
                0x00025a24                s0eea92efde56ff2a3d5f41decd03d49f2df1b00030afdce2deae55b064551c2c.lto_priv.488
                0x00025c38                sc6a29736d24e399258424726c6d8fbb34bd40b92ab041a1e4095a147da4986db.lto_priv.652
                0x00026c74                sf5a4b7223536102b50c0384b09a740002d88dae1ab859fa6ae533f4102b13574.lto_priv.491.lto_priv.511
                0x00026c74                sf5a4b7223536102b50c0384b09a740002d88dae1ab859fa6ae533f4102b13574.lto_priv.492.lto_priv.493
                0x00026cb2                mesh_trans_send_sdu
                0x0002700c                s63169b833e31395a40688fe6e24649df7278c8af956a24aa1baecfaf6093924b.lto_priv.646
                0x00027154                s9ed26392f672898d9a69ae9d920d8e05b25c4e87e4285f2e4d759cc17d5444f6
                0x00027244                sb48c1d076c36de14f8d82d2c1aa78f595c177a10d2b48450c868aff376510afc
                0x000275f0                sb6573c26d57c72fd70516d6ee711a1c4bf38c2bd57007fe65025d43d7b123f2d
                0x00027674                s3ef72c250fc679b1e7555fcc5859516bbd1217911633b6edddffa82e113e342c
 .text.unlikely
                0x00027b84       0x10 C:\Users\yucheng\AppData\Local\Temp\ccYOrQTq.ltrans3.ltrans.o
                0x00027b84                sa0932636d2c0c8ca727ad797757c46d3d02c0f1fe9a5f41b1f2f9f9dfb3cc1f4.lto_priv.584.lto_priv.780
 .text          0x00027b94     0x58a4 C:\Users\yucheng\AppData\Local\Temp\ccYOrQTq.ltrans4.ltrans.o
                0x00027b94                s54baf7321de58e1fd78fa595951c231bbce3148b5923af6be1319356fbc64f82.lto_priv.679
                0x00027b96                s7b8fc65f5490321ae2ab80fd4f183b8068d4133cf20470f667d4d5e9929e6996.lto_priv.681
                0x00027bb0                s1e9a471dc72a5332e5837f03a575463d9d1ab5aab6aee8189dbc7388a6e8faad.lto_priv.674
                0x00027cc0                s4cbec8341a7de9041617861b8af6a851db2ddaad67db825c2e512de3e8107436.lto_priv.670
                0x00027cea                s267927430b38cc114fea2feca5bc705af5a9426d69e3c18b9a3e2c66985a7dfd
                0x00027d18                s51e866c3b796c4208d0dbfff72b84810fb53d945b2ff058ea4ca41c80fa9c5a0
                0x00027db4                s15f4e128d70750b8af05efb39967a9f86f7da05c59511653ed95342cb0ce1cc2
                0x00027db8                sc569a322a2bef6b95e55872cb91c41ec0f75a83d6ee9ab23c40f408578791544
                0x00027fba                s5b85d53a7b57a90dd1c8b24a5dbaf3a9bebe7dae47c8e8fd58667aa8f69e6960.lto_priv.757
                0x000280c8                s41783983cb9511350fde91a3a3157b70c51825f85b84b0a01da38352f696dc5e.lto_priv.748
                0x000282e4                s59e54997b17a3abd171b7579a6b613bed90601bdd09759ce40c245cd004d6a13
                0x000285e4                s618f34555d2a5e3a37798948fb2b485f52ecadb9b339adc01c7b98926965835a
                0x00028b60                s6e7e3df17bb535245bf3506aa0d7f17367328185a0078974239524094c27d7fd
                0x00028b88                sli_bt_cmd_mesh_prov_scan_unprov_beacons
                0x00028c2c                sfc00126fdd9b0b5e2b573c4c0b20d55edd59de3a84cae21783381e30429b8fe5
                0x00028d18                s91f950c488b3ef6191a1b3b42263a42a04d3501c7c1f89f4ee006745330d57c3
                0x00028d5c                sa5df575d0c1b6797d7561fed700bcc803d62d366712ab9d7ca0fdcbf4c758d45
                0x00028da0                s6bf7d48df75131539ada768514a930db9ba172abd107d46ff9db3d088f8066f0.lto_priv.753
                0x00028db2                s43b7e9d3eec1f84fa52d49bcc7ddbab20e16e8c902ae611a4e412fa10b0aa01e
                0x00028ec0                sa1d16f786461dc0aa926386a60e5e7170c8226a857040c463c9a27214a1626ae
                0x00028ee0                sd8a0175f916dfbea8923feda6e74370a7e2aa7e163c4783ba9507ba079bd9534
                0x00029010                sfa187fb6485692f98045c3fbece9a17c9c038541958822be1a0d7b09e23658b9.lto_priv.749
                0x00029048                sli_bt_cmd_mesh_test_get_local_model_pub
                0x000290d4                sli_bt_cmd_mesh_test_set_local_model_pub
                0x00029170                sli_bt_cmd_mesh_test_get_local_model_sub
                0x00029208                sli_bt_cmd_mesh_test_add_local_model_sub
                0x00029250                sli_bt_cmd_mesh_test_bind_local_model_app
                0x000292f0                sli_bt_cmd_mesh_vendor_model_init
                0x0002941c                sli_bt_cmd_mesh_vendor_model_set_publication
                0x000295f0                sli_bt_cmd_mesh_generic_server_init
                0x00029730                sli_bt_cmd_mesh_generic_client_init
                0x00029860                sc959a2ff22594f55517377356e36decdb326f55e8fcf94172a0121740930d968.lto_priv.751
                0x00029900                sli_bt_cmd_mesh_prov_ddb_list_devices
                0x0002996c                s4430e1392377526b7945cef8189617446921d4e8072c8e1a141e065b5c56b882
                0x00029a04                s503caef139eb97850f02cd1606d8b72e24de4e1056590f65e91c816493c20bd9
                0x00029a16                s06fd08f299ac2339e42325722b672cadfefc739f98b351e63db14f82e7bd1a9d
                0x00029a24                s6745c96635b5a51073e772ecd1a6a0cd9d31383f5807122c7b17e94399cd7358
                0x00029aa8                sli_bt_cmd_mesh_prov_create_appkey
                0x00029b70                sli_bt_cmd_mesh_prov_provision_gatt_device
                0x00029bb8                sli_bt_cmd_mesh_prov_provision_device
                0x00029bf8                sf78e158e018ccdc7266ac1b3699c79cc56d32af3aa0ca1da0eebadcf2e027e84.lto_priv.696
                0x00029c28                s64e7b67addf596f04b134f7c43e454d8f30d955f25cdfb24d4b9bb6a8707fdc9.lto_priv.697
                0x00029c58                saaca009cb623bd4755a2cb343811a3bfb58425cee6fe7c5679d5a206f158bc8c.lto_priv.694
                0x00029cd0                s0e4fc65c9140c173a959d9b097ec6de416c363c597d554a2453fd365eda4c8aa
                0x00029d02                s84ca3ba549f1a6b88e7c22e5d7cf99720285d7ea93aad5f2704bb16ad18102e3.lto_priv.483
                0x00029d4c                s72b5d89590e5673e7a4eb40b4ace820aaa21ba70a1d2e6f9b72c55906fe5b6fe.lto_priv.693
                0x00029d80                sfafffaa04d5160c67b78781dc616a19dd2b3254e1dd67fefb55623409aab8f9e
                0x00029d82                sfeb0b174311675d2d2abf26cac650505dcc1bd916985af7028aa70cde2b7daae
                0x00029d9a                s78225c72f4947fce42d4eaa8f5bd88b801e62dadad1aab2e303cb2792a2f68d5.lto_priv.499
                0x00029e54                s0f727abf2cbfe372a84cde6c6e1322d6c60ae67a8aa8079aaaf3985200ed7f92.lto_priv.500
                0x00029e84                s0e55f0d59628a699f55899a6d288545e93cc034b5b9cd4e37811cf1189aa217b
                0x00029eb4                sa710f0126aeee2590352fa74fe2c7e1ee165382b5cd4ecbde9e0ae3c0a50727e.lto_priv.776
                0x00029edc                s98d678c94f3720ccca8dff1726a7200bd09e74b5a6104f03aeb69e33855e25e0.lto_priv.657
                0x00029f60                s85d8b00bcf3fbae5571f41b980debd05bf0741a6b9ea059c048f3c7a95b3281b
                0x00029f84                sc02bcd4350bf705a8796886673e2745ec11d0411ae650eb46503d2797d2e46f3
                0x0002a1c8                sd9e7f6fcafb122eaa6fc2c16d63512da9ba59077c6cb72136095ae373ea16da3.part.4.lto_priv.605
                0x0002a22c                s85575a9990d7b698e5c670c70fbc89ce06baf3133f7955e3deee0618bb360543.part.2.lto_priv.597
                0x0002a25c                sc1f0a1265fb45f08edf5828f0b6af85da035d94c8ea375e665fdd556a8d1478c.lto_priv.604
                0x0002a290                s232305ae92a955506cb9236fe14ee7e17497f60efdf5bbe7200ef62a9f0934ef.lto_priv.594
                0x0002a320                s0cc135feb4136b5dab910a0f2191fbb01ff05bf6be40895330584a6afde535a8.lto_priv.603
                0x0002a340                s5adf5f4b631212a46166c62fedf2cd11667ecb2dbb644657bd3a1396676d23f2.lto_priv.595
                0x0002a364                s3ebbfaec66888c2c291acd6316d253bf29306f5d50869f10909d04a313d2a29f.lto_priv.601
                0x0002a478                s8bf682176896003a8c7b9f560968b21c29016e6c56c727c8d0044e9ea725a4a8.lto_priv.596
                0x0002a4a4                s04777374549746d7469d72609f6cc6053e6f5a2a8804e18d627b0ffa1b3b4c9b.lto_priv.602
                0x0002a564                s3aab3a2d49f9a74e7b1025959b426a28c62a75da3148652129c158a6cf01911d
                0x0002a594                s453a83a051f1575976e86407083eddc5e3f69bb8f35b32b9522a852d45723e55.lto_priv.593
                0x0002a5b4                s15d3a88e2b5c3e40ee53f6b9655d6ec7c3c149f393815dd52d0ffc2179bb1f4a
                0x0002a5e8                s6be70e423681240d977bbe34b0cf593027330c5bc3286f410609fd7b6a06b6e6
                0x0002a6d4                sf7f0cc2a1cfeefb234c633da646e543f1f4d015d17e55e7cd9f0b1e61a7375d0
                0x0002a7aa                sddf00a2e20a2a4af2d0a266dee401930455613a1d1931d8ad43c77bafda73cf4
                0x0002a7d0                sc3726795190ea82ad23e6338ab096287f6e931b787309369857b2630ecb55c76
                0x0002a7f2                s97fbeca0e33cb33da8c08c054d9fa974029f199debe05fd11835cf1a3ec5397e.part.0
                0x0002a8f8                se906f228186613d6041e64e82fcf633b17a5867a19e4c649b25ad797b99861e4
                0x0002a940                sc767b75b33b81a43ba6e01c74030cdacd34620dbdd6f7f1544c831ce8c7a4e23
                0x0002a988                s4dbc24937be26c9432eb2264dba166e98aa7139fb188303bb787e214e1291a45
                0x0002aa98                sfb544dcbc916a8608320ef614dfb90da5a0257624ba93c76f3ab5106741a052d.lto_priv.782
                0x0002ab10                saf28bdf0441bb687c71a936ad9d151b1d7fb97cd183bca97f3fbac184ba5e598
                0x0002ab1c                se1cac6d437a5c990ede8af11fe7a4789e10862a8ad142fcec6eb7f6eda1ef329.lto_priv.658
                0x0002ab34                s94de17b7f45f3f6576a715d745502c07eb7ba64e96b9cabb49eab2f847df0281
                0x0002ab5a                s3c1d4732e917bd089fdc37f78c2f773ddfe9dc62701892fc6b140fde0675f5c5
                0x0002ab8e                s3f4a12bb3e21a280fa98dae53b62904e9b93882c5ea79a50c38097b6465097ef
                0x0002aba2                s297d86ba7a862d1d1bb4d5f81e5828e28adf723b91ed21d7d5b06162c5354532.lto_priv.688
                0x0002abec                sbc1e4b906ee028f433a832aba975802fde4c597bd8b690e156d7948113c776e0.lto_priv.497
                0x0002ac06                s92df2879f204b209d880cf89597ec85edb73c5347d097f02ca57f49ff6df22d6.lto_priv.495
                0x0002ace6                s6f00c5bd1c654c0cefadcb4bef7b1965114995d4e3c1991567f0d3cac1ffe9f4
                0x0002ad2a                sf1a456cfa751d96d96171f3d7615c8f99ca964c647b75236d2f97745b9108b5f.lto_priv.496
                0x0002ae0c                s27a2da3160af8eb827551ebddcc1417f39c1e1788cbf817e44639bf92eb1706a
                0x0002af7c                s38dec662b22657678e0434a91cdad31a60cc5f6098a9b1f994d85222cefd8930
                0x0002af92                sf8e4dcec56edc8f432e22515ac45714970d53de2b2ff1ae50418dd26887086a8
                0x0002b1ec                sli_bt_cmd_mesh_config_client_add_appkey
                0x0002b3a0                sli_bt_cmd_mesh_config_client_get_dcd
                0x0002b438                sli_bt_cmd_mesh_config_client_bind_model
                0x0002b96a                s2ce207c93adac8b0d681ae1e8d5eebaf71d1ff7035ecaae37c3b1331f192ea41
                0x0002b9f4                se89dd294448fed84f771eef78fa4c517839e032a97024f2bb2a239fe5497ae35.lto_priv.423
                0x0002ba1a                se690b0fe07f49ad8d2ae0af29a99ee5c790acd15eb1b2ea28e3daa26d209f652
                0x0002bb64                s9d18a50c23c15f26a9282a97192a523869ef94295b2b5e8c9470ad2d0d65d9b0
                0x0002bcc0                s5ace8d174d1a7dadc73b36059a7fed43cf9c1b513ae2a0d659414c4838abd5d2.lto_priv.656
                0x0002be68                s6f9c3cc2d46b87cf7ef6d7ea4605b61584507e71701542220590215a75574c9e
                0x0002be94                s0ff43e371d43058796f2e1532a3f9a50929c0b9c66473d8f918498d94258d25d.lto_priv.643
                0x0002bf0a                s5b4a856e685e8bbe40b8a315c34d871a75b086194394d61cf1ef236fabec36db
                0x0002c190                sf067810364b2aec5684b07c9a8a7ec60df5a86cf6f911a17c705627ef3669c08.lto_priv.592
                0x0002c1dc                sli_bt_cmd_mesh_vendor_model_publish
                0x0002c2a8                s970d3393953f0fa2908bf4bc7a6e9a735a62b329d7b30c42749761f3c07d3b63
                0x0002c2dc                s633b138059d7a22d9cef30ec855fdfb8b52ac2201edecd58ad23f4ff6c587a22
                0x0002c2f4                s0973d33c8face38cc947f5c6f2a40ed5ac94a9d60011c63370971407447da5ad
                0x0002c348                s1e42890f9ffa8509156c66412320e6e2d75be795f501b63b8a7d5eadaae23fa0.lto_priv.690
                0x0002c3a4                s93af9c2df6d6a964158c30729dbbae2ed6d2546d0ac7ad5e69eecdeec85ea2ac.lto_priv.691
                0x0002c3f2                s3ff5dbc22e80924b19a2fb9cecf5f4d4eb8e5bd1cfe5205aafba518f6f2f0188
                0x0002c7e4                s0575a63e4ffa25a11cdd533f4901749922cead34799438f363ee375212772ad9
                0x0002c818                sdf59f64a19171082d11bdec4ceabee6a355ab8574640833ec03fdc6b26a95c2a
                0x0002c87c                s8d212826c13c947a5f34f8154beb0d86a0931f439f9d50615a6d9b84de153e76
                0x0002c87c                s19f6791041a99c20fc8fd92489c4bc01aa0fd70b1c1e991773d3970ea0f03188
                0x0002c87e                s101ba0a52332b0a324b333737ea7d7be502d7fff6f2e408a5303d3d7450af9b9.lto_priv.673
                0x0002c8d0                sli_bt_cmd_mesh_config_client_add_model_sub
                0x0002c9f8                sli_bt_cmd_mesh_config_client_set_model_pub
                0x0002cc90                sb5872fc9dad1af7165d50d718630b39944c12f1fe0042e3e7c5ff53e139e02b6
                0x0002cea4                s04224953bf77f159123795000d25af53af1953b43bbf8679517d3e80d583af8d
                0x0002cf4c                s60403f0a2f6aff2e8039b1ef2d554d6132983ba87810a1cd601a1a520db2d0b4.lto_priv.490
                0x0002cfc8                saa3f4a233c6a5af9fc48c73749f22796166c2be8b268c7ee617e74f8a5c0dfdf
                0x0002d108                s60a8a85e701b9364e9e20de3c6214ab5f14cfd89c0e125d75d17730a48953cf2.lto_priv.669
                0x0002d200                sli_bt_cmd_mesh_prov_create_network
                0x0002d3c0                s0a591dd92c6ffd09f27be69a7be9a851edab592edeb40d323dc07098f58b7efd.lto_priv.645
 .text.unlikely
                0x0002d438       0x90 C:\Users\yucheng\AppData\Local\Temp\ccYOrQTq.ltrans4.ltrans.o
                0x0002d438                scae4967310123b62d7c6676e660b86cfbe85d69d1aa88d9dade17cbbb37fb6b0
                0x0002d488                s3c74d0e33ad36a3b70d29648e40454e394ab11e025283bc8c86b9002d7222771
 .text          0x0002d4c8     0x5a20 C:\Users\yucheng\AppData\Local\Temp\ccYOrQTq.ltrans5.ltrans.o
                0x0002d844                s76a6e8c10387e323a5a5d08d8adb6247e646b4944e6060fd4362bc22e5a5b5e3
                0x0002d848                s87eed2348bfb87391bfc53b9d98f384fa51c9e584465a60a09203e6d022f4548
                0x0002d84c                s45f4d44a5384895e712818a32e998320c07ca2e1494a49ca2550185e5d2db09c
                0x0002d850                s5cc1ce06cef65479ddf14c98ba29d861c1524805f13012d2fdc6869c34e4f72d
                0x0002d854                s4e6b0d855b04e00af7cddeae3eebb0f842a1b231b2d993c21d38b499780feef8
                0x0002d858                scb1cc1314f4a0ad420d50d2d4b983da8f09317af1e3045d8bf38d64643015a2e
                0x0002d8b4                s152afd4fd595527bca5941a1e0268090d0496f14af7d277b1ed7d7a9f485df2b
                0x0002d990                sb92041f2dc01bec9131c1f36fa17d04f431208ed1904abb6f3ee6db74fcc7a45
                0x0002da94                s40777e7eb1e82a4cd11155180320a5fb4d97d9b6268b2c1f536d0c356a32fcbb
                0x0002daf0                sf2b348a1e638fc3caf0bcea3d7fbc7e01131009f7cce2576213c53855d569092
                0x0002dbc4                sc0bc71f62d12964bdfb95753ac196751bce4dca4e59f175c8fcc4c22e81a5d16
                0x0002dbca                s471dec7842891b2a1c6e8b855e83a2b71d5e75311d226e627cb015646c17fa0b
                0x0002dbe2                s42d778344f6617e471a30d0bc62a451d64addb97de3449433e991bea0a413f69
                0x0002dd54                s8ddf3aaf2d5900c262fb05dcf400bbf8df256624f5ba968e913069ac9cf43e39
                0x0002dd5a                sa64e5f2572df9d22fe35089124c0f5da26f0d3f62b3c8f5e525470a7aacf7db4
                0x0002e198                sad65890ac49473d3ec66f16acf191233a03f7f21cee8ac53a213b1d160a0e606
                0x0002e19c                s764c798ce9d65a98edc58937a29f7525dda2e846b9d91a64be055f42073d4e87
                0x0002e214                gecko_cmd_mesh_test_bind_local_model_app.constprop.412
                0x0002e258                gecko_cmd_mesh_test_get_local_model_sub.constprop.410
                0x0002e298                gecko_cmd_mesh_test_get_local_model_pub.constprop.409
                0x0002e2d8                gecko_register_bgapi_library.constprop.399
                0x0002e314                mbedtls_ecp_group_load.constprop.389
                0x0002e380                graphPrintCenter.constprop.366
                0x0002e534                USART_InitSync.constprop.351
                0x0002e5f8                ccm_auth_crypt.constprop.335
                0x0002e8a4                mbedtls_ccm_setkey.constprop.331
                0x0002e8fc                s27e83e23843ae2b788db1fb197445cc9e47a807bc7351e21f0320197f08fe99f.constprop.330
                0x0002e9aa                mbedtls_cipher_info_from_type.constprop.326
                0x0002e9b4                sace7cc2517b6e779d2525fdf3fc3e00bef8d2385b43bda0bae4205c3976f8f6c.constprop.324
                0x0002ea04                sa6f04ebafc4f26bf78f8cc9b25fb956905f86b66c47dbd9c1967380f294bc212.constprop.316
                0x0002ea60                s422e0eb265b84bc3369f6ff2639ac5c4039271703ebe6a1b7d32300956e1aef1.constprop.314
                0x0002eaa4                bg_pool_init_pool.constprop.278
                0x0002eb20                ubt_message_call.constprop.242
                0x0002eb68                hci_command_init_shared_bgbuf.constprop.241
                0x0002ebbc                gatt_set_enabled_caps.constprop.224
                0x0002ec14                l2cap_send_command_reject.constprop.221
                0x0002ec5c                ll_randomGetData.constprop.202
                0x0002ec9c                mbedtls_mpi_write_binary.constprop.183
                0x0002ed06                s06f2390393a3029950a8e736c3a98f12d4cd0a4822f63a65a057e1f40c6db63a.constprop.166
                0x0002ed14                sec75c0db1a67ff9e265eadac05aa03dc759c20f81803edc15bda306094bdf888.constprop.163
                0x0002ef92                s65c2effe28169661e211f85c46f10246c5ba199e9a3f9959c68283647c23dca2.part.7.constprop.151
                0x0002f120                _mesh_foundation_send_byte_array_impl.constprop.137
                0x0002f160                s8f68d5bf5cfee900ce165f9d87ea959034d8fb13e81d4214af6a9112e94e8e3f.constprop.136
                0x0002f22c                sec0548437a174f3d4d8bcc51083029fe9b4c2dae70287fa7fc14fa71ab3e627a.constprop.130
                0x0002f2e4                s5112f0b94e0fd6936eebce8f26c70de650d391f208dd130dfab248aa3facffde.part.5.constprop.128
                0x0002f368                ubt_gap_set_le_mode.constprop.65
                0x0002f3b0                s2a9aee7eec13ab6a4407898138b1cf95f68627323ca7273e76209e80bb70b031.constprop.64
                0x0002f3cc                sb590193b77980aa89e08a7733d7e8e180af3795d3b578780cead60719831e663.constprop.63
                0x0002f430                sfd9ca053777a3982b592736f070434d230cc5149e4d043d106055b7c80d0dd4e.constprop.60
                0x0002f528                s124d46be68d5aeb3169227c9a478adcb525a2aed79f396c6dda64d8524d703e9.constprop.59
                0x0002f54e                sc88ee84aa173c949deffb161ad629fc8ecfd80edc12b4e3973155c9ff81433a4.constprop.52
                0x0002f65c                s50c71cb5adf955bb3bc7fbfe4e219edd6a27e64391b1b971a3ca892bc957eebf.constprop.44
                0x0002f6b0                s6dc2cd70b9acccc5db0922954a0cb41c4b82a0d81a696646df6135d7988cb72d.constprop.43
                0x0002f760                s70cb8150a9da451ef1107901ffd71e42403ccb214904bfb891ee72b6683e97cf.constprop.41
                0x0002f7a4                sd97ca192eadf0fd3b8aa57ef8b262c110cb7a3b37155d3158fa16d89fffb6e3b.constprop.28
                0x0002f870                alloc_params_data.constprop.12
                0x0002f89a                att_send_read_by_type_request.constprop.11
                0x0002f8c4                header_invalid
                0x0002f8e2                crc32_calc.lto_priv.786
                0x0002f910                find_obj
                0x0002f970                nvm3_readData.constprop.391
                0x0002f9a4                erase_db
                0x0002f9d4                ecp_crypto_device_init.isra.0.lto_priv.551
                0x0002fa18                mbedtls_internal_ecp_grp_capable
                0x0002fa22                ecp_crypto_ddata_write.lto_priv.552
                0x0002fa98                mpitobigint.lto_priv.550
                0x0002fad6                CRYPTO_InstructionSequenceWait.lto_priv.427.lto_priv.560
                0x0002fad6                CRYPTO_InstructionSequenceWait.lto_priv.428.lto_priv.554
                0x0002fade                CRYPTO_DDataRead.lto_priv.434.lto_priv.555
                0x0002fade                CRYPTO_DDataRead.lto_priv.433.lto_priv.562
                0x0002fb02                CRYPTO_DData0Read260.lto_priv.431.lto_priv.561
                0x0002fb18                CRYPTO_DDataWrite.lto_priv.437.lto_priv.553
                0x0002fb18                CRYPTO_DDataWrite.lto_priv.436.lto_priv.558
                0x0002fb18                CRYPTO_DDataWrite.lto_priv.435.lto_priv.563
                0x0002fb3c                CRYPTO_DData0Write260.lto_priv.429.lto_priv.559
                0x0002fb54                att_send_execute_write_request
                0x0002fb72                att_send_prepare_write_request
                0x0002fd78                att_gatt_client_handler
                0x0003001a                att_send_find_information_request
                0x00030040                s2eccefb595361fba41b6aa7f531f7cd196eaf2cf3fd6faf8dc7d5536b3d6d6a5.lto_priv.610
                0x0003043e                sc466c5fc2abb4973e00ea11b8e974fa2ad9c81bcc14f75e5055fd39a8c84a0d9
                0x0003045e                s2ff1d3c56df103d47fefc841c547c1c87ddba9c80a0fea071261e4a107d3a8ca
                0x0003085e                sc3e0162b7b5980315aad68c1e3ef1b5e3e658a7e9ba171b03f826abe1b7ba4dd.constprop.24
                0x000309de                sc3be15caf4bcc116d44874fd374903b22e14f1020c0c7043ad4751fad3dff32e.constprop.21
                0x00030bc0                s0cf461024c9a8bbbfa6b75d9022355578bb6d5afdc0b38fea6b2af4385ad3c74
                0x00030bfa                sd43a2cb4c2c0b2605ed97f8b4fe1031a930ac7a61ee2643f70a9de42bf7766d8
                0x00030c8e                s4dafdd0140393d1ba5d51ea20501e96cd5f81d5f3040f012356e8b53197eac0b
                0x00030cf4                s0afa938f053fa2b1b1bd56346ce82efc62c3edec40dd923ef355afc868dc34ea
                0x00030d16                scb75d3bd90ed13fc81fdabca8acec3e1ee8e89ccb3a775dcafa9143a8bab06d5
                0x00030daa                se8aa132a1ea5b3100ba9e92c8e1a29f94865748e2680893cfcbaa96effd5b347
                0x00030df4                sf57065f686acafc36951e2f9a8663edcba2992d33faa0f128b9c34d6b60d569b
                0x00030f1c                sc393908489c4c368e9318a8288c6a5c179d005ea373b3d82870cfe03ea6b6287.lto_priv.456.lto_priv.606
                0x00030f1c                sc393908489c4c368e9318a8288c6a5c179d005ea373b3d82870cfe03ea6b6287.lto_priv.441.lto_priv.723
                0x00030f1c                sc393908489c4c368e9318a8288c6a5c179d005ea373b3d82870cfe03ea6b6287.lto_priv.455.lto_priv.609
                0x00030f1c                sc393908489c4c368e9318a8288c6a5c179d005ea373b3d82870cfe03ea6b6287.lto_priv.451.lto_priv.665
                0x00030f1c                sc393908489c4c368e9318a8288c6a5c179d005ea373b3d82870cfe03ea6b6287.lto_priv.457.lto_priv.590
                0x00030f1c                sc393908489c4c368e9318a8288c6a5c179d005ea373b3d82870cfe03ea6b6287.lto_priv.450.lto_priv.666
                0x00030f1c                sc393908489c4c368e9318a8288c6a5c179d005ea373b3d82870cfe03ea6b6287.lto_priv.449.lto_priv.664
                0x00030f1c                sc393908489c4c368e9318a8288c6a5c179d005ea373b3d82870cfe03ea6b6287.lto_priv.445.lto_priv.692
                0x00030f1c                sc393908489c4c368e9318a8288c6a5c179d005ea373b3d82870cfe03ea6b6287.lto_priv.442.lto_priv.721
                0x00030f1c                sc393908489c4c368e9318a8288c6a5c179d005ea373b3d82870cfe03ea6b6287.lto_priv.454.lto_priv.615
                0x00030f1c                sc393908489c4c368e9318a8288c6a5c179d005ea373b3d82870cfe03ea6b6287.lto_priv.443.lto_priv.724
                0x00030f1c                sc393908489c4c368e9318a8288c6a5c179d005ea373b3d82870cfe03ea6b6287.lto_priv.453.lto_priv.598
                0x00030f1c                sc393908489c4c368e9318a8288c6a5c179d005ea373b3d82870cfe03ea6b6287.lto_priv.444.lto_priv.719
                0x00030f1c                sc393908489c4c368e9318a8288c6a5c179d005ea373b3d82870cfe03ea6b6287.lto_priv.447.lto_priv.689
                0x00030f1c                sc393908489c4c368e9318a8288c6a5c179d005ea373b3d82870cfe03ea6b6287.lto_priv.452.lto_priv.660
                0x00030f1c                sc393908489c4c368e9318a8288c6a5c179d005ea373b3d82870cfe03ea6b6287.lto_priv.440.lto_priv.618
                0x00030f1c                sc393908489c4c368e9318a8288c6a5c179d005ea373b3d82870cfe03ea6b6287.lto_priv.448.lto_priv.686
                0x00030f1c                sc393908489c4c368e9318a8288c6a5c179d005ea373b3d82870cfe03ea6b6287.lto_priv.446.lto_priv.682
                0x00030f40                s57c4f178a69950a8ead90211163b48f936907f09e1e116c1e3401b1f7c6588c4
                0x00030fb6                saed09c83749bccfbc8db314cda3d2a6358ca2ca5558276e962f8be3250c987b8
                0x00031066                se040ea604df8dcd3a816ad43b98580354cf4a7556551619049d19fc429d15fd0
                0x000311a0                s27fe0243df1d1dae6d145c2ee3dd7605b96cd4a32b1b4c2ded7b04766e6f3fee.lto_priv.438.lto_priv.616
                0x000311b0                sddacce9a9dbcbe5e94a30133c965734c80bb1cba337c67b76c9b4877f69127e8
                0x00031388                s40be1bd4d70bb95d61ae167f842e319d6802e43c63bf290e68350679bd4c2e1e
                0x00031554                sd0dfcbaf547a3f2e9bc0fd2a577ca53ce9ee264639a37302eb4ff997c3da10b0
                0x000317d4                s2153152e2ee17c2f9d8cdff056551a583b7244f343b63ac4d8133154a28569a2
                0x00031a94                s2086c55b51786c589c157ffac2e7c509f5b2e105f0845a69571f5100af85a8d3
                0x00031ac0                nvm3_writeData.constprop.383
                0x00031d50                sab534f3a77a58bf6f26722b7d19155b3c1face143bb890dcfdd107444a526018.constprop.322
                0x00031f0c                store_delete.constprop.272
                0x00031fb8                ecp_crypto_ddata_read.lto_priv.557
                0x00032374                crypto_mpi_div_mod.lto_priv.556
                0x0003258c                mbedtls_internal_ecp_normalize_jac
                0x00032aac                mbedtls_ecdh_compute_shared.constprop.167
                0x00032b0c                mbedtls_cipher_cmac_starts.constprop.327
                0x00032b58                mbedtls_cipher_cmac.constprop.168
                0x00032bbc                mbedtls_ecp_gen_keypair_base.constprop.171
                0x00032c74                se3d6193c1babf0d589d0f0014f0ae31b048d1d5813483c434c8366f3b97dbd1a.constprop.142
                0x00032e64                s4a7f6416e10a17e4b02f6925fb6f5235611ddfd0c20242122f1944084303872d.constprop.141
 .text.unlikely
                0x00032ee8      0x420 C:\Users\yucheng\AppData\Local\Temp\ccYOrQTq.ltrans5.ltrans.o
                0x00032fe4                sb32f6b293da93fb92eeaafceaf6c7e0662b7dd0e49ebf74606de4345acef4e74.constprop.119
                0x000330a4                s81ed4c1d73d99fe1faa2461c6532474dd141f2c8f830772fd3ca33cea5a981c7.part.4.constprop.107
                0x00033112                s2cb9803e3061f133a9c690d798942d936ca2d703e23fafaece9ee6af762dc19a.constprop.102
                0x000332f4                scf227a659f9a96736073c076555c3527db557bbf6dfba1d0ea9273b77523b0cf.lto_priv.617
 .text          0x00033308     0x5100 C:\Users\yucheng\AppData\Local\Temp\ccYOrQTq.ltrans6.ltrans.o
                0x000333fc                ll_radioTimerExpired.lto_priv.761
                0x0003351e                bg_pre_sleep
                0x00033520                bg_post_wakeup
                0x00033522                ll_hciCmdLeReadPhy
                0x0003374e                ll_bgbuf_callback.lto_priv.859
                0x00033760                ll_hciCmdSetAdvertisingSetRandomAddress
                0x000338f0                ll_hciCmdSetExtendedScanResponseData
                0x00033930                ll_hciCmdSetExtendedAdvertisingData
                0x00033970                ll_radioGetMaxTxPower
                0x00033988                ll_hciCmdSetExtendedAdvertisingParameters
                0x00033b80                ll_radioLoadPacketFragment
                0x00033c00                ll_radioLoadPacket
                0x00033c4c                ll_radioGetPacketTimeWithPhy
                0x00033c70                ll_radioRandom
                0x00033c94                ll_radioReadRxPacketDetails
                0x00033cec                ll_radioReadRxPacket
                0x00033df8                ll_hciCall
                0x00033e18                hci_command_shared_response
                0x00033e28                hci_command_init_shared
                0x00033e50                hci_command_alloc
                0x00033e7e                hci_le_set_extended_scan_response_data.part.7
                0x00033e7e                hci_le_set_advertising_set_random_address.part.5
                0x00033e7e                hci_read_conn_phy.part.17
                0x00033e7e                hci_le_set_extended_advertising_data.part.6
                0x00033e8c                hci_le_ltk_reply
                0x00033edc                hci_le_start_encryption
                0x00033f2e                hci_le_set_ext_scan_enable
                0x00033f64                hci_le_set_extended_advertising_enable
                0x00033fa4                hci_close_acl
                0x00033ff2                hci_state_listener
                0x0003421c                ll_radioSetMaxTxPower
                0x0003429c                ll_radioSetRfPathCompensation
                0x000342c0                ll_radioInit
                0x00034410                ll_startOrQueueProcedure
                0x0003471c                hci_send_acl
                0x00034810                l2cap_send_update_parameters_response.lto_priv.866
                0x00034858                l2cap_message_handler
                0x00034894                l2cap_send_fixed_channel
                0x000351ec                ll_llcpUpdateChannelMap_sender.lto_priv.512
                0x000355b0                ll_radioRxAfterTx
                0x000355d0                ll_radioRxSchedule
                0x000356ec                ll_radioTxAfterRx
                0x00035c02                ll_radioTxSchedule
                0x00035c54                ll_radioTxStart
                0x00035c8c                ll_radioStop
                0x00035f00                ll_radioConfigureChannel
                0x0003663e                ll_scanTaskPrimaryHandler
                0x00036944                gecko_priority_handle
                0x00038314                ll_randomAesCtrEncrypt.lto_priv.477
                0x0003839c                ll_randomAesRandUpdate.lto_priv.478
                0x000383e4                ll_randomInit
 .text          0x00038408     0x5390 C:\Users\yucheng\AppData\Local\Temp\ccYOrQTq.ltrans7.ltrans.o
                0x00038408                BG_PRORTC_IRQHandler
                0x00038438                timer_get_counter
                0x00038444                smp_listener
                0x00038464                smp_state_handle.lto_priv.852
                0x00038494                smp_l2cap_handle_impl.lto_priv.850
                0x00038510                ll_task_default_callback.lto_priv.858
                0x000387b4                smp_get_random_data.lto_priv.586
                0x00038970                ubt_message_process.lto_priv.861
                0x000389f0                ubt_event_free
                0x00038c34                smp_message_listener.lto_priv.849
                0x00038c68                gecko_bgapi_class_mesh_prov_init
                0x00038c8c                mesh_native_bgapi_init
                0x00038df8                uuid_to_handle
                0x00038e5c                bgpacket_update_byte
                0x00038e7c                bgpacket_packetize
                0x00038e98                timer_get_time
                0x00038ec0                smp_alloc_bgbuf.lto_priv.865
                0x00038f80                smp_ah
                0x00038fc8                sm_pairing_failed
                0x0003baaa                smp_ltk_request_handle_impl.lto_priv.853
                0x0003bb50                usch_SendEvent
                0x0003bb60                usch_RemoveTask
                0x0003bb90                task_fail.lto_priv.807
                0x0003bb98                add_task.lto_priv.549
                0x0003bbf8                nvm3_deleteObjects
                0x0003bc8c                ecode2bg
                0x0003bccc                ubt_pskey_read_callback
                0x0003bce2                ubt_pskey_write_callback
                0x0003bcf8                BTLE_LL_EventRaise
                0x0003bd14                BTLE_LLToHCIEventSAP
                0x0003bd48                ll_to_hci_event_handler.lto_priv.860
                0x0003be40                sli_bt_cmd_mesh_prov_init
                0x0003d650                usch_Schedule
 .text          0x0003d798     0x4a14 C:\Users\yucheng\AppData\Local\Temp\ccYOrQTq.ltrans8.ltrans.o
                0x0003d7e4                s3ae7f12b71a712653ee40e03e96f624e1f08a101483aa7b9096dcfd7c0d5f5cc.lto_priv.772
                0x0003d848                sc51ded7a99df283122a275d0ecd5a8a7c29ff2bf06e77a2a5b1f363531aece47.lto_priv.771
                0x0003d878                s75b06c479315c0a7b5b8f05891e886b61d1a2a2c6124a9dcbe6778ed11582f71
                0x0003d920                scbecaa652a6cc6759624c7a5bbe711e6da2fb9bf21b70d82ee3c94e900b2445b.lto_priv.624
                0x0003d9d0                s4ba876fcad352bb1a2cee40b5b864d811817e0ff0f6fd4ef657d1c365b0d4f66
                0x0003da58                sd13d89e7b487c3541f8f0b82fe6e56ef53177a25aeecc973abdf522cd93ea064.lto_priv.769
                0x0003dc20                s74779adbbcf863200e1451a8c29acbe59451957791090009e576e1c718d8aebd.lto_priv.459
                0x0003dc44                s69df01788beb5e6b0e745200f66c544ce854ca052074bf32899353869dbd93e0.lto_priv.773
                0x0003dcd8                sbdafaa440e57a64193537557d6aa3fd1d92e44a11dc88c64f239b0827e8c9451.lto_priv.774
                0x0003dd64                s154a0b716ef4c089f1ecf9e16c05499c4296393e8804cfd7887b049bb5912fce.lto_priv.775
                0x0003ddcc                s8824e333c9db5ae58c3891a564750a0cbd349703ff423c182817547e30c161bb.lto_priv.770
                0x0003df54                s05b16165b7a5efa73bb7b7e1f21aa15a65e1c61ce1ef1f317b238ae73d551cbe
                0x0003e000                sd9d1bf544b875a76b2b9c6c7e2ce661d8778f13f54541c2a05342025175b566e.lto_priv.425
                0x0003e87c                s974adcf0c6cbf84eccdbf9b991ea724649d404e53de26a4d7a5a857e250dfa10
                0x0003e964                sae5ecfcdea48d54fddf726c1a63926cdc5f6b67346e8abd3e319786c6d880516.lto_priv.768
                0x0003e998                sa5143861661c2f78de647e7fa8c211e6b0ec11611b18751fa29a3a5fd55225d1.lto_priv.767
                0x0003ef04                s7985c66281e2f78b93b6870eadfcbe2a32f33dfe8636263747d2b76c0685668e
                0x0003efc6                s8a52b6d7e15aa5d30bd77cd0f9697c991a3734bc74d3db268f2c4017d76e5865
                0x0003effc                s3cd1a9f003a13e4a39f4cb349950cc6b9f596d5ac6a6bdd640419e93f0b9ce1c.lto_priv.639
                0x0003f084                s14515aba55c6cb6b3c8799123dd9517c86074faef481effcefffc0cd9312be74.lto_priv.638
                0x0003f110                s9e9233b5c197bdfecb61add048a7645b4f65f0a851a98ab1f7a97f7ccd13bd25.lto_priv.637
                0x0003f180                s208d13ded0219f7113d204dbe696b9eb9c8fe49952b89275a283a169a07bbb81.lto_priv.636
                0x0003f1e0                s3bb4936756d58f2e0a04b0a77a226b057560c536ae2dd188bd6440df5cc9c3be.lto_priv.635
                0x0003f230                sfef1ffc321401f3c6a37aa81c5916447026b414b182feb0dbfd8b6713d1d7d38.lto_priv.634
                0x0003f280                s34bc19e7f798ea30f845c35e0757a9ea974210473afcb05bfcbea4821f0ae3e9.lto_priv.633
                0x0003f2d0                se6c3ab61c74ef168b7c9e0538dc83bc8a59ee6dcef012d92b53902d9ea66acb2.lto_priv.632
                0x0003f320                se36ea26d0d22746a14c4ea045588d2f3ca92b4827548d92421aee06a6ee3def9.lto_priv.630
                0x0003f36c                s7313f1098d358009fbf31a95bf894aeafd653c6330733aff2036ef76d46b24d9
                0x0003f3e4                s051bc97c630d1975d9e51a22bad39a498562ce38394b2853156af9d5101d7b0b.lto_priv.631
                0x0003f478                s1487e8a4227712aa5ba9b71335d58fd455da9a115571c82a43a2ab660e0284eb
                0x0003f498                sb17a136452d6c9918ad62a634c9381be4fe5886578ce499c42578a5e39cd076d.lto_priv.498
                0x0003f4d0                s7300873f1efa05a0b47719efed2d4811a9ddb9b9fc7dea902cb3a2d556eeb00d
                0x0003f510                s64f799ab3a5f874172521718a887e24e2e1ba2d29d8fa820b3b58a43b10ca6c8
                0x0003f55a                s494381166e5362ea82801dc1c52ca610935a8348152ddecf6e00daaf515f7a37
                0x0003f610                s99dc75304d471a50d48278a417a4b618a81e3c74037c1cb6444ff8527d830a74
                0x0003f68a                sd051e0e21daf529c89510da06b6c2b066c2aa083f10de010bc62a96892e8e6a0
                0x0003f734                s1aa90271a08b20d46a27f6a7b9d3cb3f0f0f45c976a288d9f799eaed3a8885a6
                0x0003f74c                s660204d0976a12fb73eceb2a8316c0f1496df2336ad250ca28dea50d5818062b
                0x0003f764                s0c7516f1c8f0bb29da06a31348f1f54785b69d0c61b27c8399f7f17220673e73
                0x0003f780                s9b4a16f451c16075c2dc89465b45a6b39de6d32e037fd168dc2f831375ffeb2d
                0x0003f798                se8ac6c3b2da9998a0513981dc365024057108e275510d360d8762f9792d33263
                0x0003f7b0                s5bc4b2d5af4a0fd71690e6ef55d87530910a772f66a38a5d201a4611621d7950
                0x0003f7dc                s9fdd32ee7dd98c4649fd23d899eb432db46be2a18f31bb85adbf7dc34c7c4858.lto_priv.648
                0x0003f890                s0a870c2ab5f9c29dc38b0c7bed1b7a1a8562f0a917109545d67835b9fb5b2b3a.lto_priv.662
                0x0003f8ac                s52762b92e5b7fa69c70a48b983e7cb7d9a16ced4b710bbdf77c3f6f6c2a24007.lto_priv.663
                0x0003f8c4                s5e19155d2108ed2599e665c798ad574fcaa017439d9530eba84b7dc7c743850b.lto_priv.607
                0x0003f8d2                sc3e4bd00216a1882f25e5e7c358bb230e2e0eb10d33853e7a2b31a9985d668d8
                0x0003f92c                sab8ee35be9e0455a67e98c2a50156049d1c7ff232c8e9df80315689120dc45cd
                0x0003f968                s8153570b1e6c3cc1e789ccb6833d3a7c5338f71e9d65a3b1e965d7fe4f6b8b16
                0x0003f9ac                sb4c57ad7fc5bec8c4278635d262a70490f5ee7abe15aed9b7a79bc6f74f6f736
                0x0003f9d4                s01474140abeea982cbcc17fe54d9015ac4c5ef83f19c4e4a8830deb2983c01d4.lto_priv.779
                0x0003f9f0                s1484b20da5524d568ca70fbaccb47656cba58a283d79f2d0c7b559fce4640d72
                0x0003fb0c                s0f58d3e48ddfa68e4a7468881b641f28e4b801f7af7c7ff28247710dd9198f84.lto_priv.494
                0x0003fcdc                s8cfdc0eff898180008d7f61b8c9dd90fc247c55453e0757e4f01ad6a7b030a7c
                0x0004025c                s469131eb325953ae3e9e83c3f282f242c4fd872052fb6c6b319172a2d5e1fae0.lto_priv.869
                0x00040296                s7b2b44f7f0beda876bb716593a3db71ebcbca6b93c20057038d828d243932e1d.lto_priv.504
                0x00040314                s63d0a2d89df92d0a7da510e1903e7d512cd451cb3600ad64e33675a0ec98415b.lto_priv.424
                0x0004037c                seb0f5f9c58d42fa57ada26fde5ca6f121cb9ed6f52fdfc5133912bc9e9b111f7.lto_priv.503
                0x0004044c                s7d9159ade2dd28c7e0a5e39373d7a658a9626c964e1902ae53a91612f21bf072
                0x00040494                s5163484a6f1324857616431e03086a53923fa1b26ff973bcd49b559845dc7a99.lto_priv.781
                0x00040540                sd8b6662acfa8c45811b587228d18e69b3173ac3c2aa99c24219b26b07cf5e7c4
                0x000406b0                s0693c3b33f7f6e8a2590215cdfbabac96d7cc9b1cd9b494a6da514ca5c4f2abe
                0x00040742                s891d7a8f3d8d2bb974910d39b20e63b4866824c0780c3579375ebf7aae6a84ec.lto_priv.644
                0x0004079c                s16fecf4b2913016fc53de7289ed5b5d86c892d0f6bb90c4c7839949861753371.lto_priv.651
                0x000407da                s2b5c1aad074f8475a1bdf8542a28109622aa226ca4d745ce3ab9bb91ab0cc56f.lto_priv.650
                0x00040804                sdc34cd4586d985c2b37afff341b88aeb535ebb11cc5670b5af271b5047768542
                0x000409d8                s3b7a8d9f6b6501ba51636326f98f73b66d80e0b21a727586cee33f8f89a5e794.lto_priv.649
                0x00040b8c                sef9892c36f55bd3b99f981d23142560c5f7333433a4fb6691d4484965b30b7f7
                0x00040cc0                s0d0ba7a2cc1833aef5b836cf8c1eb6d0feca95e5a2e4b70dd2f31a588afea840
                0x00040d40                s400b0bb91136dc60dbed10e9c6a89f838e20eda566e2dfc066f2392c6fb81e86
                0x00040dce                s5559104addd1b8c64a578652248f325add4f3747881b097909f3cab638499600
                0x00040e44                s0600b16f3a4859ea3a343c708bb69d7718b1ecfd4520cbba2aad96b2196b6433
                0x00040efc                sa259ab6ddbd289ce00f01c3b0450100d8ca6392ac80634169516370912410c8b.lto_priv.629
                0x00040f24                s19553c834432d53ea96cfb233793ca6d48721f230f5218ea43c1566ed5c2eaef.lto_priv.628
                0x00040fa0                s43880b476f0746ac8ccc6dd99788a4281bfb7a9c308668e7bac130dbb82d477b.lto_priv.627
                0x00041170                s5d8863113e3f322e467d30701d40aa50de01c5939b3b2e3e70c1fc4ee8a8501f.lto_priv.626
                0x000411a0                se129d7c4b491946bb958154e8b64a384aa9caf18da0375d6dff2b7a33f1fb77f.lto_priv.625
                0x000411d4                s6eebebc546d145dd29ec0a25de7f0d884c7b52aeb637c4fd9533720079c5c771
                0x00041200                s11e1a0848e6d9f44b5194cb7433badc27a7bd2e852bb6fb49c900eda35ba57f7
                0x00041290                s9b7eb37791ee81855b4033880809a056e59588745798e0fb2a4393d50a527c79.lto_priv.501
                0x000412ac                se6688fa946c557ed61e326cb84bd519e394dfa07ee78981332ab3ca23e6d1fe2.lto_priv.482
                0x000412d4                se42499294b02c70858e849f4e8d5b2dd6a7a0c5024e0ed8d2a4cc3961aaa2ced
                0x00041314                s3f1f188bc6b86ed8c13295f4b830747e4ad73a18eded84a79ad9c87fdea5c536
                0x00041324                sa3149d4a890fbb00405f0ad2e9249ce717641084ccf3ea0e498dfc63a98c5901.part.0.lto_priv.718
                0x000413a8                s4bb3c881a4f2998013bc4f0e0071ea7be0730d635ebb2e25a35cc4a818256ec2
                0x000415c8                s5edf1417246043a6b343c5ac63c580d319237f98cc97e104a3cfd8d4b5a9d693
                0x00041738                s075ad380b23e1fc656f1261114cdb2ad78cf0ef028f3790697fdf7704f23f60d
                0x00041820                se93dbd4d27e2513e2410a77425f7d2104b8e2dfad7c153774c5c6eac0592ec6b
                0x0004187e                s65e6e8cb4e9aa995c6147fcc205de02cb3561aa4d4783a2c03af614f0809bbfb
                0x00041934                s26e5a44e761857d4f38e1671a9d42ed4c4e2ff2d5c80c0ceca8f5c3526cd9932.lto_priv.661
                0x00041acc                s47f4cffb1ecb71465f9aab39433ccead16edd4c6da75f3ab137e56c615d18fe5
                0x00041bfc                s1d598e6164884ed9e06dbeb58bba5bf12cc546def48dd72520bfdb88abc2dc7d
                0x00041c6a                sce777a6a39b747db9ccc3f76dd4ddd2d30ce1f00db3020f7af5bc783fc61adea
                0x00041d30                s606417dffcba22ee3471ce02c7f947bfe1667a9fdd66039fe4c2bd9aed0e73e2
                0x00041d7e                s118d50f840732eb767ca81b7c77f2620263cfaa213b92aa3cf7094b57db69fee
                0x00041dde                s48a54b1be84cf28147f05bf2f04ac0e91d822b325b102c821d4751ede8ee0301
                0x000420a8                s5c68cb12f425aa67cbc5916152b4dcb1479dd7003f743590b250ca784a03d290
 .text.unlikely
                0x000421ac      0x46c C:\Users\yucheng\AppData\Local\Temp\ccYOrQTq.ltrans8.ltrans.o
                0x000421bc                sa89f4001ff43fbe686828de5ba9970d2c7e5d635e65bb036c6de661a05baead3
                0x000421e0                s9260ae94c27818207249cb2b1d18f37c3dd26096eb6dc54d003dde88fe1d472c
                0x000425f6                s66ec339d18dbe3b1faa6ce2bda74f325a13e0250cb0288020b57d55d6dfadd90
 .text.RAIL_ConfigPti
                0x00042618        0x6 C:\Users\yucheng\SimplicityStudio\v4_workspace\soc-btmesh-provisioner\platform\radio\rail_lib\autogen\librail_release\librail_efr32xg13_gcc_release.a(rail_pti.o)
                0x00042618                RAIL_ConfigPti
 .text.RAIL_EnablePti
                0x0004261e        0x6 C:\Users\yucheng\SimplicityStudio\v4_workspace\soc-btmesh-provisioner\platform\radio\rail_lib\autogen\librail_release\librail_efr32xg13_gcc_release.a(rail_pti.o)
                0x0004261e                RAIL_EnablePti
 .text.eventDefault
                0x00042624        0x2 C:\Users\yucheng\SimplicityStudio\v4_workspace\soc-btmesh-provisioner\platform\radio\rail_lib\autogen\librail_release\librail_efr32xg13_gcc_release.a(rail_rf_hal.o)
 *fill*         0x00042626        0x2 
 .text.RFHAL_ConfigFrameTypeLength
                0x00042628       0x70 C:\Users\yucheng\SimplicityStudio\v4_workspace\soc-btmesh-provisioner\platform\radio\rail_lib\autogen\librail_release\librail_efr32xg13_gcc_release.a(rail_rf_hal.o)
                0x00042628                RAILINT_d47266c0db43f83e9de21bc91e34975e
 .text.RFHAL_IntEnable
                0x00042698       0xa0 C:\Users\yucheng\SimplicityStudio\v4_workspace\soc-btmesh-provisioner\platform\radio\rail_lib\autogen\librail_release\librail_efr32xg13_gcc_release.a(rail_rf_hal.o)
                0x00042698                RAILINT_40412a06a73a58611332d278503bc3d6
 .text.RFHAL_SetEventCallback
                0x00042738       0x18 C:\Users\yucheng\SimplicityStudio\v4_workspace\soc-btmesh-provisioner\platform\radio\rail_lib\autogen\librail_release\librail_efr32xg13_gcc_release.a(rail_rf_hal.o)
                0x00042738                RAILINT_d85fb759c83f6e350ace663af6f33b19
 .text.RFHAL_SetPtiProtocol
                0x00042750       0x20 C:\Users\yucheng\SimplicityStudio\v4_workspace\soc-btmesh-provisioner\platform\radio\rail_lib\autogen\librail_release\librail_efr32xg13_gcc_release.a(rail_rf_hal.o)
                0x00042750                RAILINT_6d8fbe8d751afa545612026690abd42a
 .text.RFHAL_SetPtiRadioConfig
                0x00042770        0xc C:\Users\yucheng\SimplicityStudio\v4_workspace\soc-btmesh-provisioner\platform\radio\rail_lib\autogen\librail_release\librail_efr32xg13_gcc_release.a(rail_rf_hal.o)
                0x00042770                RAILINT_039c8837b55b4124ec147be26732b79a
 .text.RFHAL_Idle
                0x0004277c       0x2a C:\Users\yucheng\SimplicityStudio\v4_workspace\soc-btmesh-provisioner\platform\radio\rail_lib\autogen\librail_release\librail_efr32xg13_gcc_release.a(rail_rf_hal.o)
                0x0004277c                RAILINT_3041ee68c2b41950b0bf839d27f5d049
 *fill*         0x000427a6        0x2 
 .text.RFHAL_GetRadioState
                0x000427a8       0x48 C:\Users\yucheng\SimplicityStudio\v4_workspace\soc-btmesh-provisioner\platform\radio\rail_lib\autogen\librail_release\librail_efr32xg13_gcc_release.a(rail_rf_hal.o)
                0x000427a8                RAILINT_f5d04763af9c9c69bca278c1fb1e9fea
 .text.RFHAL_OkToTransmit
                0x000427f0       0x18 C:\Users\yucheng\SimplicityStudio\v4_workspace\soc-btmesh-provisioner\platform\radio\rail_lib\autogen\librail_release\librail_efr32xg13_gcc_release.a(rail_rf_hal.o)