Archive member included to satisfy reference by file (symbol)

C:\Users\yucheng\SimplicityStudio\v4_workspace\soc-btmesh-vendor-model-server\protocol\bluetooth\lib\EFR32XG13X\GCC\libpsstore.a(store.c.obj)
                              (__nvm3Base)
C:\Users\yucheng\SimplicityStudio\v4_workspace\soc-btmesh-vendor-model-server\protocol\bluetooth\lib\EFR32XG13X\GCC\libpsstore.a(crc32.c.obj)
                              store.c.obj (symbol from plugin) (bg_crc_init)
C:\Users\yucheng\SimplicityStudio\v4_workspace\soc-btmesh-vendor-model-server\protocol\bluetooth\lib\EFR32XG13X\GCC\libbluetooth_mesh.a(bgapi.c.obj)
                              ./main.o (symbol from plugin) (gecko_cmd_msg_buf)
C:\Users\yucheng\SimplicityStudio\v4_workspace\soc-btmesh-vendor-model-server\protocol\bluetooth\lib\EFR32XG13X\GCC\libbluetooth_mesh.a(bgapi_hardware.c.obj)
                              ./main.o (symbol from plugin) (sli_bt_cmd_hardware_set_soft_timer)
C:\Users\yucheng\SimplicityStudio\v4_workspace\soc-btmesh-vendor-model-server\protocol\bluetooth\lib\EFR32XG13X\GCC\libbluetooth_mesh.a(bgapi_ps.c.obj)
                              ./main.o (symbol from plugin) (sli_bt_cmd_flash_ps_erase_all)
C:\Users\yucheng\SimplicityStudio\v4_workspace\soc-btmesh-vendor-model-server\protocol\bluetooth\lib\EFR32XG13X\GCC\libbluetooth_mesh.a(bgapi_system.c.obj)
                              ./main.o (symbol from plugin) (sli_bt_cmd_system_get_bt_address)
C:\Users\yucheng\SimplicityStudio\v4_workspace\soc-btmesh-vendor-model-server\protocol\bluetooth\lib\EFR32XG13X\GCC\libbluetooth_mesh.a(bglib.c.obj)
                              ./main.o (symbol from plugin) (gecko_wait_event)
C:\Users\yucheng\SimplicityStudio\v4_workspace\soc-btmesh-vendor-model-server\protocol\bluetooth\lib\EFR32XG13X\GCC\libbluetooth_mesh.a(bondingdb.c.obj)
                              bglib.c.obj (symbol from plugin) (bondingdb_get_max_bonds)
C:\Users\yucheng\SimplicityStudio\v4_workspace\soc-btmesh-vendor-model-server\protocol\bluetooth\lib\EFR32XG13X\GCC\libbluetooth_mesh.a(btl_interface.c.obj)
                              bgapi.c.obj (symbol from plugin) (bootloader_getInfo)
C:\Users\yucheng\SimplicityStudio\v4_workspace\soc-btmesh-vendor-model-server\protocol\bluetooth\lib\EFR32XG13X\GCC\libbluetooth_mesh.a(efr32xg1x.c.obj)
                              bglib.c.obj (symbol from plugin) (bg_hal_set_ctune)
C:\Users\yucheng\SimplicityStudio\v4_workspace\soc-btmesh-vendor-model-server\protocol\bluetooth\lib\EFR32XG13X\GCC\libbluetooth_mesh.a(gap.c.obj)
                              bglib.c.obj (symbol from plugin) (gap_reset_state)
C:\Users\yucheng\SimplicityStudio\v4_workspace\soc-btmesh-vendor-model-server\protocol\bluetooth\lib\EFR32XG13X\GCC\libbluetooth_mesh.a(gap_adv.c.obj)
                              gap.c.obj (symbol from plugin) (gap_adv_update)
C:\Users\yucheng\SimplicityStudio\v4_workspace\soc-btmesh-vendor-model-server\protocol\bluetooth\lib\EFR32XG13X\GCC\libbluetooth_mesh.a(gap_periodic_adv-stubs.c.obj)
                              bglib.c.obj (symbol from plugin) (ubt_gap_alloc_periodic_adv)
C:\Users\yucheng\SimplicityStudio\v4_workspace\soc-btmesh-vendor-model-server\protocol\bluetooth\lib\EFR32XG13X\GCC\libbluetooth_mesh.a(gap_periodic_scan-stubs.c.obj)
                              bglib.c.obj (symbol from plugin) (ubt_gap_alloc_periodic_scan)
C:\Users\yucheng\SimplicityStudio\v4_workspace\soc-btmesh-vendor-model-server\protocol\bluetooth\lib\EFR32XG13X\GCC\libbluetooth_mesh.a(gap_resolver.c.obj)
                              gap.c.obj (symbol from plugin) (gap_address_resolver_step)
C:\Users\yucheng\SimplicityStudio\v4_workspace\soc-btmesh-vendor-model-server\protocol\bluetooth\lib\EFR32XG13X\GCC\libbluetooth_mesh.a(gap_scan.c.obj)
                              gap.c.obj (symbol from plugin) (gap_status_set_scan_packet)
C:\Users\yucheng\SimplicityStudio\v4_workspace\soc-btmesh-vendor-model-server\protocol\bluetooth\lib\EFR32XG13X\GCC\libbluetooth_mesh.a(gap_whitelist-stubs.c.obj)
                              bondingdb.c.obj (symbol from plugin) (gap_whitelist_clear_list)
C:\Users\yucheng\SimplicityStudio\v4_workspace\soc-btmesh-vendor-model-server\protocol\bluetooth\lib\EFR32XG13X\GCC\libbluetooth_mesh.a(gatt.c.obj)
                              gap.c.obj (symbol from plugin) (gatt_init_connection)
C:\Users\yucheng\SimplicityStudio\v4_workspace\soc-btmesh-vendor-model-server\protocol\bluetooth\lib\EFR32XG13X\GCC\libbluetooth_mesh.a(gatt_db_minimal.c.obj)
                              gap_adv.c.obj (symbol from plugin) (gatt_db_handle_active)
C:\Users\yucheng\SimplicityStudio\v4_workspace\soc-btmesh-vendor-model-server\protocol\bluetooth\lib\EFR32XG13X\GCC\libbluetooth_mesh.a(gatt_server.c.obj)
                              gatt_db_minimal.c.obj (symbol from plugin) (gatt_server_send_attribute_value_event)
[...]
Memory Configuration

Name             Origin             Length             Attributes
FLASH_BOOTLOADER 0x0fe10000         0x00004000         xr
FLASH            0x00000000         0x00080000         xr
RAM              0x20000000         0x00010000         xrw
*default*        0x00000000         0xffffffff

Linker script and memory map

LOAD c:/siliconlabs/simplicitystudio/v4/developer/toolchains/gnu_arm/7.2_2017q4/bin/../lib/gcc/arm-none-eabi/7.2.1/thumb/v7e-m/fpv4-sp/softfp/crti.o
LOAD c:/siliconlabs/simplicitystudio/v4/developer/toolchains/gnu_arm/7.2_2017q4/bin/../lib/gcc/arm-none-eabi/7.2.1/thumb/v7e-m/fpv4-sp/softfp/crtbegin.o
LOAD c:/siliconlabs/simplicitystudio/v4/developer/toolchains/gnu_arm/7.2_2017q4/bin/../lib/gcc/arm-none-eabi/7.2.1/../../../../arm-none-eabi/lib/thumb/v7e-m/fpv4-sp/softfp/crt0.o
START GROUP
LOAD C:\Users\yucheng\AppData\Local\Temp\ccyzpXSW.ltrans0.ltrans.o
LOAD C:\Users\yucheng\AppData\Local\Temp\ccyzpXSW.ltrans1.ltrans.o
LOAD C:\Users\yucheng\AppData\Local\Temp\ccyzpXSW.ltrans2.ltrans.o
LOAD C:\Users\yucheng\AppData\Local\Temp\ccyzpXSW.ltrans3.ltrans.o
LOAD C:\Users\yucheng\AppData\Local\Temp\ccyzpXSW.ltrans4.ltrans.o
LOAD C:\Users\yucheng\AppData\Local\Temp\ccyzpXSW.ltrans5.ltrans.o
LOAD C:\Users\yucheng\AppData\Local\Temp\ccyzpXSW.ltrans6.ltrans.o
LOAD C:\Users\yucheng\AppData\Local\Temp\ccyzpXSW.ltrans7.ltrans.o
LOAD C:\Users\yucheng\SimplicityStudio\v4_workspace\soc-btmesh-vendor-model-server\protocol\bluetooth\lib\EFR32XG13X\GCC\libpsstore.a
LOAD C:\Users\yucheng\SimplicityStudio\v4_workspace\soc-btmesh-vendor-model-server\protocol\bluetooth\lib\EFR32XG13X\GCC\libcoex.a
LOAD C:\Users\yucheng\SimplicityStudio\v4_workspace\soc-btmesh-vendor-model-server\protocol\bluetooth\lib\EFR32XG13X\GCC\libbluetooth_mesh.a
LOAD C:\Users\yucheng\SimplicityStudio\v4_workspace\soc-btmesh-vendor-model-server\protocol\bluetooth\lib\EFR32XG13X\GCC\binapploader.o
LOAD C:\Users\yucheng\SimplicityStudio\v4_workspace\soc-btmesh-vendor-model-server\platform\radio\rail_lib\autogen\librail_release\librail_efr32xg13_gcc_release.a
LOAD c:/siliconlabs/simplicitystudio/v4/developer/toolchains/gnu_arm/7.2_2017q4/bin/../lib/gcc/arm-none-eabi/7.2.1/../../../../arm-none-eabi/lib/thumb/v7e-m/fpv4-sp/softfp\libm.a
END GROUP
START GROUP
LOAD c:/siliconlabs/simplicitystudio/v4/developer/toolchains/gnu_arm/7.2_2017q4/bin/../lib/gcc/arm-none-eabi/7.2.1/thumb/v7e-m/fpv4-sp/softfp\libgcc.a
LOAD c:/siliconlabs/simplicitystudio/v4/developer/toolchains/gnu_arm/7.2_2017q4/bin/../lib/gcc/arm-none-eabi/7.2.1/../../../../arm-none-eabi/lib/thumb/v7e-m/fpv4-sp/softfp\libc_nano.a
LOAD c:/siliconlabs/simplicitystudio/v4/developer/toolchains/gnu_arm/7.2_2017q4/bin/../lib/gcc/arm-none-eabi/7.2.1/../../../../arm-none-eabi/lib/thumb/v7e-m/fpv4-sp/softfp\libnosys.a
END GROUP
START GROUP
LOAD c:/siliconlabs/simplicitystudio/v4/developer/toolchains/gnu_arm/7.2_2017q4/bin/../lib/gcc/arm-none-eabi/7.2.1/thumb/v7e-m/fpv4-sp/softfp\libgcc.a
LOAD c:/siliconlabs/simplicitystudio/v4/developer/toolchains/gnu_arm/7.2_2017q4/bin/../lib/gcc/arm-none-eabi/7.2.1/../../../../arm-none-eabi/lib/thumb/v7e-m/fpv4-sp/softfp\libg_nano.a
LOAD c:/siliconlabs/simplicitystudio/v4/developer/toolchains/gnu_arm/7.2_2017q4/bin/../lib/gcc/arm-none-eabi/7.2.1/../../../../arm-none-eabi/lib/thumb/v7e-m/fpv4-sp/softfp\libc_nano.a
END GROUP
START GROUP
LOAD c:/siliconlabs/simplicitystudio/v4/developer/toolchains/gnu_arm/7.2_2017q4/bin/../lib/gcc/arm-none-eabi/7.2.1/thumb/v7e-m/fpv4-sp/softfp\libgcc.a
LOAD c:/siliconlabs/simplicitystudio/v4/developer/toolchains/gnu_arm/7.2_2017q4/bin/../lib/gcc/arm-none-eabi/7.2.1/../../../../arm-none-eabi/lib/thumb/v7e-m/fpv4-sp/softfp\libc_nano.a
END GROUP
LOAD c:/siliconlabs/simplicitystudio/v4/developer/toolchains/gnu_arm/7.2_2017q4/bin/../lib/gcc/arm-none-eabi/7.2.1/thumb/v7e-m/fpv4-sp/softfp/crtend.o
LOAD c:/siliconlabs/simplicitystudio/v4/developer/toolchains/gnu_arm/7.2_2017q4/bin/../lib/gcc/arm-none-eabi/7.2.1/thumb/v7e-m/fpv4-sp/softfp/crtn.o

.text_bootloader
                0x0fe10000        0x0
 *(.binbootloader*)
                0x0fe10000                . = ALIGN (0x4000)

.text_apploader
                0x00000000     0xafc0
 *(.binapploader*)
 .binapploader  0x00000000     0xafc0 C:\Users\yucheng\SimplicityStudio\v4_workspace\soc-btmesh-vendor-model-server\protocol\bluetooth\lib\EFR32XG13X\GCC\binapploader.o

.text_signature
                0x0000afc0       0x40
                0x0000b000                . = ALIGN (0x800)
 *fill*         0x0000afc0       0x40 
                0x0000b000                __text_start__ = .

.text_application
                0x0000b000    0x3568c
 *(.vectors)
 .vectors       0x0000b000       0xfc C:\Users\yucheng\AppData\Local\Temp\ccyzpXSW.ltrans0.ltrans.o
                0x0000b000                __Vectors
                0x0000b0fc                __Vectors_End = .
                0x000000fc                __Vectors_Size = (__Vectors_End - __Vectors)
                0x0000b0fc                __end__ = .
 *(.application_properties)
 .application_properties
                0x0000b0fc       0x40 C:\Users\yucheng\AppData\Local\Temp\ccyzpXSW.ltrans0.ltrans.o
                0x0000b0fc                bg_application_properties
 *(.gecko_configuration)
 *(.xo_configuration)
 *(.gatt_header)
 .gatt_header   0x0000b13c       0x34 C:\Users\yucheng\AppData\Local\Temp\ccyzpXSW.ltrans6.ltrans.o
                0x0000b13c                bg_gattdb_data
 *(.gatt_data)
 .gatt_data     0x0000b170      0x2b6 C:\Users\yucheng\AppData\Local\Temp\ccyzpXSW.ltrans6.ltrans.o
                0x0000b170                bg_gattdb_data_attributes_map
                0x0000b2e4                bg_gattdb_data_attribute_field_30
                0x0000b2ec                bg_gattdb_data_attribute_field_29
                0x0000b302                bg_gattdb_data_attribute_field_28
                0x0000b314                bg_gattdb_data_attribute_field_26
                0x0000b31c                bg_gattdb_data_attribute_field_25
                0x0000b324                bg_gattdb_data_attribute_field_24
                0x0000b32c                bg_gattdb_data_attribute_field_23
                0x0000b334                bg_gattdb_data_attribute_field_22
                0x0000b338                bg_gattdb_data_attribute_field_20
                0x0000b340                bg_gattdb_data_attribute_field_19
                0x0000b348                bg_gattdb_data_attribute_field_18
                0x0000b350                bg_gattdb_data_attribute_field_17
                0x0000b358                bg_gattdb_data_attribute_field_16
                0x0000b35c                bg_gattdb_data_attribute_field_15
                0x0000b36a                bg_gattdb_data_attribute_field_14
                0x0000b372                bg_gattdb_data_attribute_field_13
                0x0000b376                bg_gattdb_data_attribute_field_12
                0x0000b37a                bg_gattdb_data_attribute_field_11
                0x0000b384                bg_gattdb_data_attribute_field_10
                0x0000b38c                bg_gattdb_data_attribute_field_9
                0x0000b394                bg_gattdb_data_attribute_field_8
                0x0000b398                bg_gattdb_data_attribute_field_7
                0x0000b3a0                bg_gattdb_data_attribute_field_6
                0x0000b3a8                bg_gattdb_data_attribute_field_5
                0x0000b3b0                bg_gattdb_data_attribute_field_4
                0x0000b3b8                bg_gattdb_data_attribute_field_2
                0x0000b3c0                bg_gattdb_data_attribute_field_1
                0x0000b3c8                bg_gattdb_data_attribute_field_0
                0x0000b3cc                bg_gattdb_data_adv_uuid128_map
                0x0000b3cd                bg_gattdb_data_adv_uuid16_map
                0x0000b3ce                bg_gattdb_data_attributes_dynamic_mapping_map
                0x0000b3e0                bg_gattdb_data_uuidtable_128_map
                0x0000b400                bg_gattdb_data_uuidtable_16_map
 *(.text*)
 *fill*         0x0000b426        0x2 
 .text          0x0000b428       0x40 c:/siliconlabs/simplicitystudio/v4/developer/toolchains/gnu_arm/7.2_2017q4/bin/../lib/gcc/arm-none-eabi/7.2.1/thumb/v7e-m/fpv4-sp/softfp/crtbegin.o
 .text          0x0000b468       0x74 c:/siliconlabs/simplicitystudio/v4/developer/toolchains/gnu_arm/7.2_2017q4/bin/../lib/gcc/arm-none-eabi/7.2.1/../../../../arm-none-eabi/lib/thumb/v7e-m/fpv4-sp/softfp/crt0.o
                0x0000b468                _mainCRTStartup
                0x0000b468                _start
 .text          0x0000b4dc     0x5128 C:\Users\yucheng\AppData\Local\Temp\ccyzpXSW.ltrans0.ltrans.o
                0x0000b680                gecko_init_alloc
                0x0000bfcc                Reset_Handler
                0x0000c00c                CORE_EnterCritical
                0x0000c014                hci_increase_token
                0x0000c026                handle_bgapi_output.lto_priv.472
                0x0000c0b0                sli_bt_cmd_handler_delegate
                0x0000c518                bgapi_ubt_listener
                0x0000c7e0                gatt_db_find_attribute_by_type
                0x0000c818                gatt_db_get_16bit_char_handle
                0x0000c83e                gatt_db_get_char_properties
                0x0000c884                gatt_db_handle_active
                0x0000c8b4                gatt_db_get_data
                0x0000ca98                send_notification.lto_priv.473
                0x0000ce2c                handle_gatt_mtu_exchanged.part.0
                0x0000ce58                gatt_get_next_connection
                0x0000cedc                gatt_get_connection
                0x0000cee8                gatt_start_procedure
                0x0000cf14                validate_scanning_phymask.lto_priv.474
                0x0000cf44                gap_stop_advertising
                0x0000cf70                ubt_gap_set_adv_data
                0x0000d04c                ubt_gap_get_identity_address
                0x0000d0a8                check_private_address_and_timer
                0x0000d16c                gap_start_advertising.part.19
                0x0000d51e                bondingdb_find_by_data.part.2
                0x0000d734                ubt_sm_get_bond_data
                0x0000d9ac                bondingdb_is_bonded
                0x0000dbcc                ubt_sm_set_bond_data
                0x0000de08                handle_database_changed.part.3.lto_priv.395
                0x0000df70                ubt_sm_delete_bonding
                0x0000e084                ubt_sm_alloc_bond
                0x0000e16c                gecko_stack_update_callback
                0x0000e17c                header_invalid
                0x0000e19a                crc32_calc.lto_priv.389
                0x0000e1c8                find_obj
                0x0000e224                flash_write_u32.lto_priv.388
                0x0000e2ec                SYSTEM_ChipRevisionGet
                0x0000e320                MSC_Deinit
                0x0000e334                MSC_Init
                0x0000e354                erase_db
                0x0000e384                GPIO_PinModeSet
                0x0000e408                EMU_DCDCLnRcoBandSet
                0x0000e430                CORE_EnterAtomic
                0x0000e438                CORE_ExitCritical
                0x0000e43e                hci_send_command
                0x0000e478                hci_state_listener_idle
                0x0000f99c                hci_state_listener_init
                0x0000f9c4                hci_state_listener_init_default_data_length
                0x0000fa34                gap_scan_update
                0x0000fb3c                gap_listener
                0x0000fd18                CORE_ExitAtomic
                0x0000fd1c                CMU_OscillatorEnable
                0x0000fec8                SystemHFXOClockGet
                0x0000fed4                CMU_ClockSelectGet
                0x0000ff9c                CMU_ClockEnable
                0x00010024                SystemLFRCOClockGet
                0x0001002a                SystemULFRCOClockGet
                0x00010030                SystemLFXOClockGet
                0x0001003c                SystemHFClockGet
                0x000101f8                CMU_ClockSelectSet
                0x0001050c                _write
                0x0001054c                _sbrk
                0x00010568                _read
                0x000105ec                _lseek
                0x000105f0                _isatty
                0x000105f4                _fstat
                0x000105fe                _exit
                0x00010600                _close
 .text.unlikely
                0x00010604      0x2f0 C:\Users\yucheng\AppData\Local\Temp\ccyzpXSW.ltrans0.ltrans.o
 .text.startup  0x000108f4     0x1e64 C:\Users\yucheng\AppData\Local\Temp\ccyzpXSW.ltrans0.ltrans.o
                0x000108f4                main
 .text          0x00012758     0x5940 C:\Users\yucheng\AppData\Local\Temp\ccyzpXSW.ltrans1.ltrans.o
                0x00012904                s99706ec9cefad0764102cb5bdcebde1d96496104c401277e87779cc829eec13d.lto_priv.555
                0x00012a54                s0ef555943a77328c9be5fde3a3a1c5ee2d5b9883d07b40d02b9ddd8382751f83
                0x00012ac4                s5c09c78ce000038282facbea8e578d879cb1e24458c166c35a622c948c906e58.lto_priv.344
                0x00012afc                att_buf_send
                0x00012b18                att_alloc_pdu_copy_data
                0x00012b4e                att_alloc_buf
                0x00012b62                att_alloc_pdu
                0x00012b72                ubt_message_get_gap_adv_report_header
                0x00012b9e                acl_find_by_index
                0x00012bb8                acl_find_by_hci_handle
                0x00012bd4                s6261974a293c5239df2c750357da7e82f8dcd8b99af88cb966ae52350464a9d6.lto_priv.481.lto_priv.566
                0x00012be0                s2c67b870202fec66ddf26c64f0c38ebce8d002b7fb23977d0446d8f2fee32cca.lto_priv.486.lto_priv.557
                0x00012be0                s2c67b870202fec66ddf26c64f0c38ebce8d002b7fb23977d0446d8f2fee32cca.lto_priv.485.lto_priv.575
                0x00012bf0                s44389a8ac9ec1f4417202b0c39c4aa04c48805437e78a0db687ea4ade1f0523b
                0x00012ce8                sed6d275c1644f5870f983b2532a453e350b77621491aab9776c482c60af3b962
                0x00012d54                s7db2527fd401eaf542b753f433b690be6782df93e6a8b2a07999f9768dcf241e
                0x00012d8c                s1052ea8e07a13dbb694b666558717402d20f23702129b1b2594fca4c65508ec8
                0x00012dea                sb3ffae400409cf8d6db5a0261cfaf63686ccdf0abf07b80daddfa9e99cb50ec2
                0x00012e32                swapl.lto_priv.419.lto_priv.420
                0x00012e32                swapl.lto_priv.418.lto_priv.441
                0x00012ecc                sd2cadb709ecca9f947ed0c2d4d8d99bfa79dfcd8daeba4a2cff6ad6b838d21d6.isra.12.lto_priv.407
                0x00012ece                s76f1df48e4a5181023c125fb58d433004a940c8d81bf89186fae88683c97367b.lto_priv.559
                0x00012eee                s1a4795653743e3857e3a6b4cf7f73c51595de21988c651985d59fa2fd1bb5743.lto_priv.401.lto_priv.438
                0x00012eee                s1a4795653743e3857e3a6b4cf7f73c51595de21988c651985d59fa2fd1bb5743.lto_priv.402.lto_priv.403
                0x00013050                s92b37aaa9ec5cf3bf22b0435e979c841b7e217d7515e70d94d2d64786a265ec1.lto_priv.421
                0x00013050                s92b37aaa9ec5cf3bf22b0435e979c841b7e217d7515e70d94d2d64786a265ec1.lto_priv.492.lto_priv.560
                0x0001305a                sc393908489c4c368e9318a8288c6a5c179d005ea373b3d82870cfe03ea6b6287.lto_priv.500.lto_priv.564
                0x0001305a                sc393908489c4c368e9318a8288c6a5c179d005ea373b3d82870cfe03ea6b6287.lto_priv.497.lto_priv.568
                0x0001305a                sc393908489c4c368e9318a8288c6a5c179d005ea373b3d82870cfe03ea6b6287.lto_priv.496.lto_priv.571
                0x0001305a                sc393908489c4c368e9318a8288c6a5c179d005ea373b3d82870cfe03ea6b6287.lto_priv.495.lto_priv.582
                0x0001305a                sc393908489c4c368e9318a8288c6a5c179d005ea373b3d82870cfe03ea6b6287.lto_priv.501.lto_priv.558
                0x0001305a                sc393908489c4c368e9318a8288c6a5c179d005ea373b3d82870cfe03ea6b6287.lto_priv.404.lto_priv.439
                0x0001305a                sc393908489c4c368e9318a8288c6a5c179d005ea373b3d82870cfe03ea6b6287.lto_priv.405.lto_priv.406
                0x0001305a                sc393908489c4c368e9318a8288c6a5c179d005ea373b3d82870cfe03ea6b6287.lto_priv.493.lto_priv.586
                0x0001305a                sc393908489c4c368e9318a8288c6a5c179d005ea373b3d82870cfe03ea6b6287.lto_priv.498.lto_priv.565
                0x0001305a                sc393908489c4c368e9318a8288c6a5c179d005ea373b3d82870cfe03ea6b6287.lto_priv.494.lto_priv.584
                0x0001305a                sc393908489c4c368e9318a8288c6a5c179d005ea373b3d82870cfe03ea6b6287.lto_priv.499.lto_priv.562
                0x0001307e                sf5a4b7223536102b50c0384b09a740002d88dae1ab859fa6ae533f4102b13574.lto_priv.412.lto_priv.413
                0x0001307e                sf5a4b7223536102b50c0384b09a740002d88dae1ab859fa6ae533f4102b13574.lto_priv.411.lto_priv.440
                0x000130b8                sc3a70966cf984e0c0be065fdf297224c0063258c0e34f108276380f48093aee4.lto_priv.563
                0x00013124                sde6b8ace8c1c1f296e49a357a91273b96b84d2d93d56f5c92c62b700dc912513
                0x0001319e                s7506562fc9b89d75c26feb65f105606dcbdc16c1aa462ef0533f77e5534ad2f5
                0x000131c8                s1d2ded0dafe78174c87b66bff868ec9df91c5b5f184d794eb1aad5889f4d16e9
                0x000131f0                s159d970698dc3e527243f512748c02159bf5d84debb89a009024b2178c6a4e69
                0x0001326c                s09e08adc186901f795f97605530591010eaca9bbe80a9dadad5ddfb4eb388f94
                0x000132b0                s6ff14fe6bc0ca90c95ef60fe5011df1d824e2948bff1d0a161a4f4b84d8643fd
                0x000132ec                sd29e2637760b9137aab9bf98a9b541da79429965d7ec299a169c960935bbd404.lto_priv.587
                0x0001331c                s87acd33c0eac88824e4413cd64c80b6f14cbeaf6eec577d1064ab9411a19080a
                0x000133f8                sbec0cbe303bd593ca84a0f69dcc6edb968abae5a92b36ad914f394d98467557f
                0x00013420                see7a379f97ad6b899d17c425c4f0bf137c6093b04f00532d0821e7a8be8e6b15.lto_priv.561
                0x0001347c                sd5a5764d7b99345d1055a0ec7cd53818205afa9782cc83eec96e76a85ba9d892
                0x000134b8                s32bcad62df57d781bb49ae171ad1e8d4313f93a05c3846b3365694849e874fc8
                0x00013530                s0c2e0b5cac430dda0686b9526dcec376d592e497c1dfe8b00134b86b071a7093
                0x000135a8                s02db68217afc72b235f38a71741247dd90161b847a9b4e369760f613a0b8e40b
                0x00013650                s07f43ffd9faa0a22b191e0756e79c5b89895da32fd902f6ffd60a0091e50acda
                0x00013740                s3ad49a2bf094a61325a0536d8ac8171aaca6fb9f5910ca6dd806c6321ca13e98
                0x00013758                sc088f32e04a429472e9721e74869095eea035f1a290c69aeda527ccd93810f8c
                0x000137a4                s63585770c6ae5c3328d7aa92cc760f5bb14bfcc9dc1d2e134c88d53f9420de77
                0x00013828                sfe7762df92738633b2a5f93207806ce0274854b94eeb9d03fa92c94c6ebfd8df
                0x00013864                s645da1b697ee9275ada820be18567474705476e89923edc66d756660151420af
                0x000138a4                sa2e0899b5be4db690e8625f942309f691e56fe7ea15549bf6068c98b9f49ad8d
                0x00013c2c                s9ed26392f672898d9a69ae9d920d8e05b25c4e87e4285f2e4d759cc17d5444f6
                0x00013ce8                s235b77878ffa15982bc63f39ba97df4deca0129a0b97934227b542958aecfbd1
                0x00013d34                s16671c4bb7b6d8e7bcf499895d40f940971f27e537805451c289edcb3dbfa647
                0x00013d84                s04503efec82ff6ce3f10b9ceae932afea79c6e0615b6e4071a4f20d58cf1938d
                0x00013de0                s58f83e89d7cc67afc3e9e180c2379c2ad386ab8c1af2c1540b1775efdb032830
                0x00013e38                s3902d71650020e30d49db221264052dc6b47a41d0998031f5e931f8bc506380e
                0x00013e5c                s2a8ce4553a4bfa22b7544f7af520042d8d7978856faa6f16c08c9cdcdb2723c0
                0x00013e8c                s5758f304d1e9ede43286b555fc7449a9a36461bacaf72c814ebe16a476a994e1
                0x000141cc                s5ad154f4280798c81d8efe614d62f678e3b82aaeb8736c9ee4436aeef40cc5b3
                0x00014258                s86eb02fd0f466d954bb6ef4b143dd56d72ef904efbd40d00dba76579112dd7eb
                0x000143c0                mesh_trans_send_sdu
                0x00014718                s89b6306be573542508d8a27195da49d14275429e84ba74cfad810d0ba9e10af6
                0x000147d6                s9aa7e38fd4d48aa820b12bb119e41cf2827e9b7238afd6325e74dd3add03c37b.lto_priv.409
                0x00014824                s0eea92efde56ff2a3d5f41decd03d49f2df1b00030afdce2deae55b064551c2c.lto_priv.408
                0x00014c30                sef8368169f3026584af3f56d801d17e982b031e738f3c443e33ade2a527e60ce
                0x00015cd8                s7f59fcc55096b2d8416689d8421b79114f59f7ca0bdfdaedd425953cff6d1f8a.lto_priv.640
                0x00015dcc                sd5823feba9eb9b344ffd6d90a92b7968a62209a61b3e568cc724f2523291fcc8
                0x00015fd8                s121d5ac45be480f1fae117220f7b4b5ea63da9ab677fff137353de9b358d66d9
                0x000160e8                s7808f7a389709abacd73fb358ab76ed70d6fc3f0b4a0dddab4d76c3c9bb971fe
                0x000161e8                s8f99fab0cdcfc8bdba2c27eced4721056a1f69c98baba5e6e5d8b01e68640dac
                0x000163f4                s67d73d41ee51e37ca4c7e65f4ae187ba531930c46bcc024e08e2e3b894fb80b9
                0x00017ae8                s25d9e0e1dad17678be12a1721ea91a9bf6c2691bbe39c55b8c737f5b9076ea2b
                0x00017c54                sb48c1d076c36de14f8d82d2c1aa78f595c177a10d2b48450c868aff376510afc
                0x00017ffc                acl_release
 .text.unlikely
                0x00018098      0x1f0 C:\Users\yucheng\AppData\Local\Temp\ccyzpXSW.ltrans1.ltrans.o
                0x00018098                s99085babac311fc5fab79a02cf16fded3ace0a6094a431d97a3424674523e4b5
                0x000180a8                s46c99b7b348b22dd8b82d5d0742d8fc1b11ae0c7d0d1dc031a821d2aabd2389f
                0x00018110                sa0932636d2c0c8ca727ad797757c46d3d02c0f1fe9a5f41b1f2f9f9dfb3cc1f4.lto_priv.504.lto_priv.645
                0x00018120                s990c2e2b50b930d86de78a631d6cd478b2ba0c48f45a124a53b372eccf691cb3
                0x0001816a                s588c8ee1c743f34e840fa4f7b4c6601fde65e6b9a212e2ea70e7c1b334959c8b.part.9
                0x000181c4                s3856d91d63899c53aa1f340d4c84d42cde0c7cb1f1c6c8584a102ceac41f8671
 .text          0x00018288     0x5100 C:\Users\yucheng\AppData\Local\Temp\ccyzpXSW.ltrans2.ltrans.o
                0x0001837c                ll_radioTimerExpired.lto_priv.620
                0x0001849e                bg_pre_sleep
                0x000184a0                bg_post_wakeup
                0x000184a2                ll_hciCmdLeReadPhy
                0x000186ce                ll_bgbuf_callback.lto_priv.709
                0x000186e0                ll_hciCmdSetAdvertisingSetRandomAddress
                0x00018870                ll_hciCmdSetExtendedScanResponseData
                0x000188b0                ll_hciCmdSetExtendedAdvertisingData
                0x000188f0                ll_radioGetMaxTxPower
                0x00018908                ll_hciCmdSetExtendedAdvertisingParameters
                0x00018b00                ll_radioLoadPacketFragment
                0x00018b80                ll_radioLoadPacket
                0x00018bcc                ll_radioGetPacketTimeWithPhy
                0x00018bf0                ll_radioRandom
                0x00018c14                ll_radioReadRxPacketDetails
                0x00018c6c                ll_radioReadRxPacket
                0x00018d78                ll_hciCall
                0x00018d98                hci_command_shared_response
                0x00018da8                hci_command_init_shared
                0x00018dd0                hci_command_alloc
                0x00018dfe                hci_le_set_extended_advertising_data.part.6
                0x00018dfe                hci_le_set_advertising_set_random_address.part.5
                0x00018dfe                hci_read_conn_phy.part.17
                0x00018dfe                hci_le_set_extended_scan_response_data.part.7
                0x00018e0c                hci_le_ltk_reply
                0x00018e5c                hci_le_start_encryption
                0x00018eae                hci_le_set_ext_scan_enable
                0x00018ee4                hci_le_set_extended_advertising_enable
                0x00018f24                hci_close_acl
                0x00018f72                hci_state_listener
                0x0001919c                ll_radioSetMaxTxPower
                0x0001921c                ll_radioSetRfPathCompensation
                0x00019240                ll_radioInit
                0x00019390                ll_startOrQueueProcedure
                0x0001969c                hci_send_acl
                0x00019790                l2cap_send_update_parameters_response.lto_priv.714
                0x000197d8                l2cap_message_handler
                0x00019814                l2cap_send_fixed_channel
                0x0001a16c                ll_llcpUpdateChannelMap_sender.lto_priv.357
                0x0001a530                ll_radioRxAfterTx
                0x0001a550                ll_radioRxSchedule
                0x0001a66c                ll_radioTxAfterRx
                0x0001ab82                ll_radioTxSchedule
                0x0001abd4                ll_radioTxStart
                0x0001ac0c                ll_radioStop
                0x0001ae80                ll_radioConfigureChannel
                0x0001b5be                ll_scanTaskPrimaryHandler
                0x0001b8c4                gecko_priority_handle
                0x0001d294                ll_randomAesCtrEncrypt.lto_priv.396
                0x0001d31c                ll_randomAesRandUpdate.lto_priv.397
                0x0001d364                ll_randomInit
 .text          0x0001d388     0x5154 C:\Users\yucheng\AppData\Local\Temp\ccyzpXSW.ltrans3.ltrans.o
                0x0001d388                BG_PRORTC_IRQHandler
                0x0001d3b8                timer_get_counter
                0x0001d3c4                smp_listener
                0x0001d3e4                smp_state_handle.lto_priv.702
                0x0001d414                smp_l2cap_handle_impl.lto_priv.700
                0x0001d490                ll_task_default_callback.lto_priv.708
                0x0001d72c                smp_get_random_data.lto_priv.506
                0x0001d84c                sbd402ffb4d430565ae2904d3a0f999f41ebb3c53c8f9ea6fefc4e7bce173ecce.lto_priv.694
                0x0001d858                ubt_message_process.lto_priv.711
                0x0001d8d8                ubt_event_free
                0x0001db1c                smp_message_listener.lto_priv.699
                0x0001db50                uuid_to_handle
                0x0001dbb4                bgpacket_update_byte
                0x0001dbd4                bgpacket_packetize
                0x0001dbf0                timer_get_time
                0x0001dc18                smp_alloc_bgbuf.lto_priv.713
                0x0001dcd4                smp_ah
                0x0001dd1c                sm_pairing_failed
                0x000207ee                smp_ltk_request_handle_impl.lto_priv.703
                0x00020894                usch_SendEvent
                0x000208a4                usch_RemoveTask
                0x000208d4                task_fail.lto_priv.662
                0x000208dc                add_task.lto_priv.437
                0x0002093c                nvm3_deleteObjects
                0x000209dc                ecode2bg
                0x00020a1c                ubt_pskey_read_callback
                0x00020a32                ubt_pskey_write_callback
                0x00020a48                BTLE_LL_EventRaise
                0x00020a64                BTLE_LLToHCIEventSAP
                0x00020a98                ll_to_hci_event_handler.lto_priv.710
                0x00020b90                sli_bt_cmd_mesh_node_init
                0x00022394                usch_Schedule
 .text          0x000224dc     0x5710 C:\Users\yucheng\AppData\Local\Temp\ccyzpXSW.ltrans4.ltrans.o
                0x000224dc                s9ee8e7b377e7bbae007f625ff51febedc8d063543feed2ab0e008bffacc9ccb7.lto_priv.597
                0x00022504                s6fbe0c269e360b8f1fbbc98112acdb192df0211550e6133771232053ab246715.lto_priv.607
                0x00022560                s09ed5682dcd8ac8f33ce83e45a56f148f0955b736b1f843af1b872e3aa8ab9a2.lto_priv.592
                0x000225ac                s3ae7f12b71a712653ee40e03e96f624e1f08a101483aa7b9096dcfd7c0d5f5cc.lto_priv.634
                0x00022610                sc51ded7a99df283122a275d0ecd5a8a7c29ff2bf06e77a2a5b1f363531aece47.lto_priv.633
                0x00022640                s75b06c479315c0a7b5b8f05891e886b61d1a2a2c6124a9dcbe6778ed11582f71
                0x000226dc                scbecaa652a6cc6759624c7a5bbe711e6da2fb9bf21b70d82ee3c94e900b2445b.lto_priv.509
                0x00022822                s74779adbbcf863200e1451a8c29acbe59451957791090009e576e1c718d8aebd.lto_priv.356
                0x00022846                s69df01788beb5e6b0e745200f66c544ce854ca052074bf32899353869dbd93e0.lto_priv.635
                0x000228dc                sbdafaa440e57a64193537557d6aa3fd1d92e44a11dc88c64f239b0827e8c9451.lto_priv.636
                0x00022968                s154a0b716ef4c089f1ecf9e16c05499c4296393e8804cfd7887b049bb5912fce.lto_priv.637
                0x000229d0                s8824e333c9db5ae58c3891a564750a0cbd349703ff423c182817547e30c161bb.lto_priv.632
                0x00022a26                sd13d89e7b487c3541f8f0b82fe6e56ef53177a25aeecc973abdf522cd93ea064.lto_priv.631
                0x00022c64                sdc34cd4586d985c2b37afff341b88aeb535ebb11cc5670b5af271b5047768542
                0x00022d70                s5559104addd1b8c64a578652248f325add4f3747881b097909f3cab638499600
                0x00022de4                s0600b16f3a4859ea3a343c708bb69d7718b1ecfd4520cbba2aad96b2196b6433
                0x00022e9c                sa259ab6ddbd289ce00f01c3b0450100d8ca6392ac80634169516370912410c8b.lto_priv.514
                0x00022ec8                s5d8863113e3f322e467d30701d40aa50de01c5939b3b2e3e70c1fc4ee8a8501f.lto_priv.511
                0x00022ef8                se129d7c4b491946bb958154e8b64a384aa9caf18da0375d6dff2b7a33f1fb77f.lto_priv.510
                0x00022f2c                s0d0ba7a2cc1833aef5b836cf8c1eb6d0feca95e5a2e4b70dd2f31a588afea840
                0x00022fac                s400b0bb91136dc60dbed10e9c6a89f838e20eda566e2dfc066f2392c6fb81e86
                0x0002303a                s42750a79d896162f043fdd4f7dc63c8a4cd74cab5aaee57be74d54f804f1774d.lto_priv.529
                0x0002309c                sfce14941ec34a4cdfea1f486b7a25608885b6a2557f1702e4dfc47a28176b981
                0x000230b8                sb8b7c87872f20a1b2e9ca71591f6ee7bd3e142c0f8f8915edacdbcd6d284eabb
                0x000230dc                sc17d18a332127f5d82a41d9554e9ffc6a4fb1a762c234cac46890ecbb8d3b4f2
                0x0002313c                s76c034da60c2e7d487bb432ae2dc811dd6a06d3ff432c8a4cf3c358b5cb88ac9.lto_priv.639
                0x00023208                s63a47c678b227da32b4494a3ee56d6491ec443d838b176a02d4c857141d9bbf2
                0x000232a8                s717f35c418c559130802600062974238dc265c3da5793e7b51099b9150d2ee26.lto_priv.588
                0x000232dc                s624f8c76922faa844830447cf90125102f41bf49506e655929c46dc7995774e1.lto_priv.606
                0x00023328                s1aa90271a08b20d46a27f6a7b9d3cb3f0f0f45c976a288d9f799eaed3a8885a6
                0x00023340                s660204d0976a12fb73eceb2a8316c0f1496df2336ad250ca28dea50d5818062b
                0x00023374                s9b4a16f451c16075c2dc89465b45a6b39de6d32e037fd168dc2f831375ffeb2d
                0x0002338c                s5bc4b2d5af4a0fd71690e6ef55d87530910a772f66a38a5d201a4611621d7950
                0x000233b8                s9fdd32ee7dd98c4649fd23d899eb432db46be2a18f31bb85adbf7dc34c7c4858.lto_priv.535
                0x00023478                s0a870c2ab5f9c29dc38b0c7bed1b7a1a8562f0a917109545d67835b9fb5b2b3a.lto_priv.642
                0x00023494                s52762b92e5b7fa69c70a48b983e7cb7d9a16ced4b710bbdf77c3f6f6c2a24007.lto_priv.643
                0x000234ac                s5e19155d2108ed2599e665c798ad574fcaa017439d9530eba84b7dc7c743850b.lto_priv.526
                0x000234ba                sab8ee35be9e0455a67e98c2a50156049d1c7ff232c8e9df80315689120dc45cd
                0x000234f6                s8153570b1e6c3cc1e789ccb6833d3a7c5338f71e9d65a3b1e965d7fe4f6b8b16
                0x0002353c                sb4c57ad7fc5bec8c4278635d262a70490f5ee7abe15aed9b7a79bc6f74f6f736
                0x00023564                s01474140abeea982cbcc17fe54d9015ac4c5ef83f19c4e4a8830deb2983c01d4.lto_priv.530
                0x00023580                s1484b20da5524d568ca70fbaccb47656cba58a283d79f2d0c7b559fce4640d72
                0x000235d8                sa0df6a53405b04cbd04355298998382d2cb4c82faf733f13ef3fdf72bffd6a66.lto_priv.547.lto_priv.583
                0x000235d8                sa0df6a53405b04cbd04355298998382d2cb4c82faf733f13ef3fdf72bffd6a66.lto_priv.546.lto_priv.585
                0x000235d8                sa0df6a53405b04cbd04355298998382d2cb4c82faf733f13ef3fdf72bffd6a66.lto_priv.548.lto_priv.644
                0x000235de                s0f58d3e48ddfa68e4a7468881b641f28e4b801f7af7c7ff28247710dd9198f84.lto_priv.414
                0x00023630                se2d9b4ec11693e0c04be74090d00fafdd407e8b6fa0d226ecf5b85606c6cf236
                0x0002367c                s2af6f9855b0bf5b0e2123292b183bd4f0724b10bb81497e27513f48811bac3c6
                0x0002368c                s79b2cf771f824155024802e28f371c5677ccaf9afdef7deaec04d3f709d854e5
                0x000236a4                s6d6a349dc9180216a0b7d9fff14f65551937e8ab41dcd7619de87babb708bc4c.lto_priv.638
                0x000238e4                scc15c151a151729efa756cf36f3701dd5eb01c5d8c517c9c2f80024919c15884
                0x000239e0                s477ce6d62e45a4af43e302093b692c2ef6088803982ecb801fb1e1dc1db7fea7
                0x00023ae0                s8cfdc0eff898180008d7f61b8c9dd90fc247c55453e0757e4f01ad6a7b030a7c
                0x00023b18                s7b2b44f7f0beda876bb716593a3db71ebcbca6b93c20057038d828d243932e1d.lto_priv.423
                0x00023b94                s63d0a2d89df92d0a7da510e1903e7d512cd451cb3600ad64e33675a0ec98415b.lto_priv.342
                0x00023bfc                seb0f5f9c58d42fa57ada26fde5ca6f121cb9ed6f52fdfc5133912bc9e9b111f7.lto_priv.422
                0x00023ccc                seafe7924a17f31910f178724a7c927f7b7b862b6bf23564a0188336a2cc7f504.part.2
                0x00023d8c                s05b16165b7a5efa73bb7b7e1f21aa15a65e1c61ce1ef1f317b238ae73d551cbe
                0x00023df6                s5163484a6f1324857616431e03086a53923fa1b26ff973bcd49b559845dc7a99.lto_priv.719
                0x00023e9c                s90e8e7e32681947ce79ee365a7c481034493bf12f04c4197bf3bed84e45ec423
                0x00023ecc                sd9d1bf544b875a76b2b9c6c7e2ce661d8778f13f54541c2a05342025175b566e.lto_priv.343
                0x0002451c                sd8b6662acfa8c45811b587228d18e69b3173ac3c2aa99c24219b26b07cf5e7c4
                0x00024650                s08f386695fb952889dd0cd944ab2c0065b36cb3908d16f4ac96e0fab5207faed
                0x00024788                s7d9159ade2dd28c7e0a5e39373d7a658a9626c964e1902ae53a91612f21bf072
                0x000247d0                s891d7a8f3d8d2bb974910d39b20e63b4866824c0780c3579375ebf7aae6a84ec.lto_priv.533
                0x00024828                s3b7a8d9f6b6501ba51636326f98f73b66d80e0b21a727586cee33f8f89a5e794.lto_priv.536
                0x000249dc                sef9892c36f55bd3b99f981d23142560c5f7333433a4fb6691d4484965b30b7f7
                0x00024a98                s19553c834432d53ea96cfb233793ca6d48721f230f5218ea43c1566ed5c2eaef.lto_priv.513
                0x00024b18                s43880b476f0746ac8ccc6dd99788a4281bfb7a9c308668e7bac130dbb82d477b.lto_priv.512
                0x00024ce8                s07d0d60b80759ba5bfef6ae0a6e77471cc2039d167112c48b0dad127a56a7f01.lto_priv.532
                0x00024d18                sfe3bc3084e2b2a1593446d7d0797b1d65d3704dd1fbbc643d0e635b68adb914d
                0x00024d90                s5edf1417246043a6b343c5ac63c580d319237f98cc97e104a3cfd8d4b5a9d693
                0x00024dbc                se93dbd4d27e2513e2410a77425f7d2104b8e2dfad7c153774c5c6eac0592ec6b
                0x00024e1a                s436b10ce7896188d75251d722f89b174cbf8653f8dbe69c4432f63420a5b0955.lto_priv.593
                0x00024e64                s8878651543336fa1145f8b71eddb56115b406beb5bed408ca435141243903d07.lto_priv.608
                0x00024f5c                s26e5a44e761857d4f38e1671a9d42ed4c4e2ff2d5c80c0ceca8f5c3526cd9932.lto_priv.641
                0x000251ba                s606417dffcba22ee3471ce02c7f947bfe1667a9fdd66039fe4c2bd9aed0e73e2
                0x00025208                s118d50f840732eb767ca81b7c77f2620263cfaa213b92aa3cf7094b57db69fee
                0x0002534c                s2c9b333996f4ba1fec08590c7165f1c03a13619536612c68a311b1019644d779.lto_priv.591
                0x00025630                s075ad380b23e1fc656f1261114cdb2ad78cf0ef028f3790697fdf7704f23f60d
                0x00025718                s4bb3c881a4f2998013bc4f0e0071ea7be0730d635ebb2e25a35cc4a818256ec2
                0x00025938                sce92c6117e55f1d83ea587692e2220a36a6bc5a86d2362fa5624ab6d3c5ce465.lto_priv.528
                0x00025a00                s240e97313efe110801fa169dbbb8fd9ec45af1caf9db019f89c19427331ef402.lto_priv.596
 .text.unlikely
                0x00027bec      0x5e0 C:\Users\yucheng\AppData\Local\Temp\ccyzpXSW.ltrans4.ltrans.o
                0x00027c54                s29a650147ed900afd81d8677a294b6efec84df043f9b50b25ffecbeff40e62a8
                0x00027e9c                se5e85306c48abe40b73c0cfbf35b67a016252c1abd3e36c7820ca32c3fe72598
                0x00027ed8                sa89f4001ff43fbe686828de5ba9970d2c7e5d635e65bb036c6de661a05baead3
                0x00027efc                s469131eb325953ae3e9e83c3f282f242c4fd872052fb6c6b319172a2d5e1fae0.lto_priv.717
 .text          0x000281cc     0x5150 C:\Users\yucheng\AppData\Local\Temp\ccyzpXSW.ltrans5.ltrans.o
                0x00028614                ccm_ctx_alloc.lto_priv.385
                0x0002862e                ccm_aes_setkey_wrap.lto_priv.384
                0x00028632                bgapi_test_lib_msg_handler
                0x00028690                sli_bt_cmd_le_gap_set_advertise_configuration
                0x00028758                sli_bt_cmd_le_gap_set_advertise_report_scan_request
                0x000287c8                sli_bt_cmd_le_gap_set_advertise_channel_map
                0x0002882c                sli_bt_cmd_le_gap_set_advertise_timing
                0x000288c8                sli_bt_cmd_gatt_server_send_characteristic_notification
                0x0002899c                sli_bt_cmd_gatt_discover_characteristics
                0x00028a08                sli_bt_cmd_le_gap_set_discovery_type
                0x00028a64                sli_bt_cmd_le_gap_set_discovery_timing
                0x00028ae4                sli_bt_cmd_le_gap_start_discovery
                0x00028b74                sli_bt_cmd_le_gap_end_procedure
                0x00028bc0                sli_bt_cmd_le_gap_stop_advertising
                0x00028bf0                sli_bt_cmd_le_gap_start_advertising
                0x00028c3c                sli_bt_cmd_le_gap_bt5_set_adv_data
                0x00028cb0                ll_channelmapAlgorithm2
                0x00028d30                ll_channelmapUpdate
                0x00028dae                ll_channelmapUsedChannels
                0x00028dd6                ll_channelmapGetChannelMap
                0x00028df0                ll_advExtUpdateChannelMap
                0x00028e10                ll_advGetByHandle
                0x00028e58                abort_long_write.lto_priv.425
                0x00028e76                set_change_awareness
                0x00028eb0                set_client_features
                0x00028f10                mbedtls_mpi_init
                0x00028f1e                mbedtls_ecp_point_init.part.5
                0x00028f36                mbedtls_zeroize.lto_priv.449.lto_priv.527
                0x00028f36                zeroize
                0x00028f36                mbedtls_zeroize.lto_priv.390.lto_priv.400
                0x00028f36                mbedtls_zeroize.lto_priv.391.lto_priv.392
                0x00028f46                crypto_management_release
                0x00028f7c                CRYPTO_DataReadUnaligned.lto_priv.435.lto_priv.436
                0x00028f7c                CRYPTO_DataReadUnaligned.lto_priv.434.lto_priv.444
                0x00028fba                CRYPTO_DataWriteUnaligned.lto_priv.432.lto_priv.433
                0x00028fba                CRYPTO_DataWriteUnaligned.lto_priv.431.lto_priv.443
                0x00028ffe                mbedtls_aes_init.part.4
                0x00029006                aes_ctx_free.lto_priv.383
                0x0002901a                aes_ctx_alloc.lto_priv.382
                0x00029030                mbedtls_aes_setkey_enc
                0x0002906c                aes_setkey_enc_wrap.lto_priv.380
                0x0002906e                mbedtls_cipher_update
                0x00029110                mbedtls_cipher_cmac_finish
                0x00029220                mbedtls_cipher_cmac_update
                0x000292e8                mbedtls_cipher_setup
                0x0002931c                mbedtls_cipher_free
                0x0002934a                mbedtls_ccm_free
                0x0002935c                ccm_ctx_free.lto_priv.386
                0x0002936e                mbedtls_mpi_cmp_mpi
                0x000293ee                mbedtls_mpi_cmp_int
                0x00029408                mbedtls_mpi_bitlen
                0x00029448                mbedtls_mpi_grow
                0x0002949c                mbedtls_mpi_lset
                0x000294c4                mbedtls_mpi_shift_r
                0x000295a6                mbedtls_mpi_free
                0x000295d2                mbedtls_ecp_point_free.part.8
                0x000295ec                mbedtls_ecp_point_free
                0x000295f2                mbedtls_ecp_group_free
                0x0002964e                mbedtls_mpi_read_binary
                0x000296b4                mbedtls_mpi_copy
                0x00029708                mbedtls_ecp_copy
                0x00029ec2                mbedtls_mpi_sub_mpi
                0x0002a37c                mbedtls_ecp_check_pubkey
                0x0002a510                bgbuf_chain_add
                0x0002a524                bgbuf_chain_len
                0x0002a538                ll_advGetMaxEventLength
                0x0002a69a                bgbuf_prepend_no_alloc
                0x0002a6dc                bgbuf_chain_pop_packet
                0x0002a702                bgbuf_append_data
                0x0002a9e4                swap_endianess
                0x0002aa02                bg_pool_free
                0x0002aa54                bg_pool_alloc
                0x0002aa70                bg_message_run
                0x0002aafc                bg_message_call
                0x0002ab2a                bg_message_remove_receivers
                0x0002ab60                bg_message_remove_receiver
                0x0002ab96                bg_message_enqueue_free_callback.lto_priv.393
                0x0002ac4c                bg_message_cancel_matching
                0x0002aca8                bg_message_cancel
                0x0002acae                gatt_handle_exchange_mtu_rsp
                0x0002acfc                bg_message_send_later.lto_priv.454.lto_priv.646
                0x0002acfc                bg_message_send_later.lto_priv.453.lto_priv.715
                0x0002acfc                bg_message_send_later.lto_priv.452.lto_priv.650
                0x0002ad12                bg_message_send
                0x0002ad16                bgapi_sm_listener.lto_priv.697
                0x0002adf0                bg_malloc
                0x0002ae58                bg_message_add_receiver
                0x0002ae7c                bg_zalloc
                0x0002ae94                bg_event_raise
                0x0002aebc                bg_event_allocate
                0x0002aee8                att_send_pdu
                0x0002aef6                sli_bt_cmd_gatt_write_characteristic_value_without_response
                0x0002af68                att_send_execute_write_response
                0x0002af82                att_send_error_response
                0x0002afa8                ll_advUpdateMaxEventLength
                0x0002afdc                bgbuf_free
                0x0002b05c                bgbuf_get_data.part.1.lto_priv.716
                0x0002b142                bgbuf_copy_to
                0x0002b158                bgbuf_chain_defragment
                0x0002b1e4                bgbuf_chain_drop_end
                0x0002b226                bgbuf_chain_drop
                0x0002b252                bgbuf_chain_free
                0x0002b266                ll_advTaskStopHandle
                0x0002b510                free_params_data.lto_priv.424
                0x0002b524                end_procedure.lto_priv.426
                0x0002b562                gatt_handle_write_response
                0x0002b574                gatt_handle_execute_write_response
                0x0002b5ac                gatt_handle_read_by_group_type_response
                0x0002b668                gatt_handle_find_by_type_value_response
                0x0002b71a                gatt_handle_find_information_response
                0x0002b8b4                sli_bt_cmd_gatt_set_characteristic_notification
                0x0002b92c                sli_bt_cmd_gatt_discover_primary_services_by_uuid
                0x0002ba3c                send_characteristic_value_event.lto_priv.427
                0x0002bac4                gatt_handle_read_multiple_response
                0x0002bb8c                gatt_handle_read_blob_response
                0x0002bbc2                gatt_handle_read_response
                0x0002bca4                gatt_handle_read_by_type_response
                0x0002bec0                bgapi_gatt_listener
                0x0002c1d0                bgbuf_alloc_int.lto_priv.394
                0x0002c288                bgbuf_chain_append_data
                0x0002c2ec                bgbuf_clone_head
                0x0002c33e                bgbuf_clone
                0x0002c3b0                bgbuf_alloc_copy_data
                0x0002c3da                bgbuf_alloc
                0x0002c3e6                bgbuf_chain_prepend_data
                0x0002c470                bgbuf_split
                0x0002c4c0                bgbuf_prepend
                0x0002c4ea                crypto_management_acquire_preemption
                0x0002c668                crypto_management_release_preemption
                0x0002c83a                CRYPTO_KeyBufWriteUnaligned.lto_priv.429.lto_priv.430
                0x0002c83a                CRYPTO_KeyBufWriteUnaligned.lto_priv.428.lto_priv.442
                0x0002ca2c                aes_crypt_ctr_wrap.lto_priv.379
                0x0002ca80                aes_rand_update.lto_priv.721
                0x0002cac8                bg_random_get_data
                0x0002cb28                mbedtls_aes_crypt_ecb
                0x0002cbcc                aes_crypt_ecb_wrap.lto_priv.378
                0x0002cbce                aes_setkey_dec_wrap.lto_priv.381
                0x0002cde0                ll_advExtTaskHandlerWaitTx
                0x0002d1b8                ll_advTaskHandlerWaitTx
                0x0002d1f8                ll_advSetData
 .text.unlikely
                0x0002d31c      0x3b0 C:\Users\yucheng\AppData\Local\Temp\ccyzpXSW.ltrans5.ltrans.o
                0x0002d3aa                mbedtls_mpi_safe_cond_assign
                0x0002d412                ecp_safe_invert_jac.lto_priv.398
                0x0002d45a                ecp_normalize_jac_many.lto_priv.399
 .text          0x0002d6cc     0x43b4 C:\Users\yucheng\AppData\Local\Temp\ccyzpXSW.ltrans6.ltrans.o
                0x0002d6cc                s884276b3bb72c22c346bdc9a17e38135dcecfbd1d80fdf6850a7ea65d90e1691.lto_priv.554
                0x0002d710                s4472ceb367e8b6c2f42c6aafea00a88a704b321cb95713fd0319168e99e08afe
                0x0002d734                s635c2435171484d333ca0acf1cd7f2f0059bae525d0bf8f014641447f79c180e.lto_priv.627
                0x0002d768                s8d212826c13c947a5f34f8154beb0d86a0931f439f9d50615a6d9b84de153e76
                0x0002d81c                s267927430b38cc114fea2feca5bc705af5a9426d69e3c18b9a3e2c66985a7dfd
                0x0002d844                s54baf7321de58e1fd78fa595951c231bbce3148b5923af6be1319356fbc64f82.lto_priv.553
                0x0002d84a                s51e866c3b796c4208d0dbfff72b84810fb53d945b2ff058ea4ca41c80fa9c5a0
                0x0002d852                s15f4e128d70750b8af05efb39967a9f86f7da05c59511653ed95342cb0ce1cc2
                0x0002d856                sc569a322a2bef6b95e55872cb91c41ec0f75a83d6ee9ab23c40f408578791544
                0x0002d9f8                s974adcf0c6cbf84eccdbf9b991ea724649d404e53de26a4d7a5a857e250dfa10
                0x0002da64                s5b85d53a7b57a90dd1c8b24a5dbaf3a9bebe7dae47c8e8fd58667aa8f69e6960.lto_priv.695
                0x0002db98                sc959a2ff22594f55517377356e36decdb326f55e8fcf94172a0121740930d968.lto_priv.688
                0x0002dc30                s34632e976fe8de76207a09903a89a917d7a9fa25250638344f9d359ce16a3361.lto_priv.629
                0x0002dc68                sea5b18769320d95f2f018a4e126e7637bd18baba5028b182b0aeec359bdc7b5d.lto_priv.628
                0x0002dc90                sc31f5054dc8dc1e52f02feb4a6ef10881fbbdbd4261fd6e44af2a95bc74f7bb4.lto_priv.589
                0x0002ddc8                s875a7cc5ceb56d797b53f6b9348752e3ed2c15e6bfebb415a04cd710d0e5840a
                0x0002ddf0                s6c44efd36f94c54e4b6231eff00f50ec48cb164bfc054c4693917a7ff2e50827
                0x0002de1c                s3741c5a77b415a6eff830fa00158543384d998eb089165c8cccc0d1fd645cade
                0x0002e0e0                s618f34555d2a5e3a37798948fb2b485f52ecadb9b339adc01c7b98926965835a
                0x0002e288                sfc00126fdd9b0b5e2b573c4c0b20d55edd59de3a84cae21783381e30429b8fe5
                0x0002e370                s91f950c488b3ef6191a1b3b42263a42a04d3501c7c1f89f4ee006745330d57c3
                0x0002e3b4                sa5df575d0c1b6797d7561fed700bcc803d62d366712ab9d7ca0fdcbf4c758d45
                0x0002e3f8                s6bf7d48df75131539ada768514a930db9ba172abd107d46ff9db3d088f8066f0.lto_priv.690
                0x0002e40a                s43b7e9d3eec1f84fa52d49bcc7ddbab20e16e8c902ae611a4e412fa10b0aa01e
                0x0002e514                sa1d16f786461dc0aa926386a60e5e7170c8226a857040c463c9a27214a1626ae
                0x0002e534                sd8a0175f916dfbea8923feda6e74370a7e2aa7e163c4783ba9507ba079bd9534
                0x0002e6b4                s9c730bf8430c02b21eb136a5613a6e7babeb112c912ab8bb5bf3f12ae3a2fbbd.lto_priv.626
                0x0002edec                s9d98cb56616ee6b6713e2f044bf92c13c2d31d586956b20346869aeab0992644.lto_priv.630
                0x0002ef98                sli_bt_cmd_mesh_vendor_model_init
                0x0002f1f4                sa090fd9514b5b1b46b6e6c5f08d7f3bb911355b580d0130a7d64387d4dcabbd7.lto_priv.574
                0x0002f254                s16fecf4b2913016fc53de7289ed5b5d86c892d0f6bb90c4c7839949861753371.lto_priv.538
                0x0002f292                se00c58bd13b987c3d6bd0185444a28b5b1b78ef8c7877347225dccf0190384b4.lto_priv.572
                0x0002f2c4                s2b5c1aad074f8475a1bdf8542a28109622aa226ca4d745ce3ab9bb91ab0cc56f.lto_priv.537
                0x0002f2f0                sf6423c22517973c602a290f33925e2d372893404cef8504b1c13ad6190264740.lto_priv.573
                0x0002f368                sfeb0b174311675d2d2abf26cac650505dcc1bd916985af7028aa70cde2b7daae
                0x0002f380                sa0dcaede846c1cf6ff605eeff1b174c862480c3bab5ed2f136e13189396b13f7.lto_priv.387
                0x0002f3a4                sli_bt_cmd_mesh_node_start_unprov_beaconing
                0x0002f5d4                s0e55f0d59628a699f55899a6d288545e93cc034b5b9cd4e37811cf1189aa217b
                0x0002f604                s98d678c94f3720ccca8dff1726a7200bd09e74b5a6104f03aeb69e33855e25e0.lto_priv.540
                0x0002f688                s85d8b00bcf3fbae5571f41b980debd05bf0741a6b9ea059c048f3c7a95b3281b
                0x0002f6ac                sc02bcd4350bf705a8796886673e2745ec11d0411ae650eb46503d2797d2e46f3
                0x0002f898                scae4967310123b62d7c6676e660b86cfbe85d69d1aa88d9dade17cbbb37fb6b0
                0x0002f8e8                s85575a9990d7b698e5c670c70fbc89ce06baf3133f7955e3deee0618bb360543.part.2.lto_priv.520
                0x0002f918                s60403f0a2f6aff2e8039b1ef2d554d6132983ba87810a1cd601a1a520db2d0b4.lto_priv.410
                0x0002f994                s232305ae92a955506cb9236fe14ee7e17497f60efdf5bbe7200ef62a9f0934ef.lto_priv.517
                0x0002fa24                s0cc135feb4136b5dab910a0f2191fbb01ff05bf6be40895330584a6afde535a8.lto_priv.523
                0x0002fa44                s5adf5f4b631212a46166c62fedf2cd11667ecb2dbb644657bd3a1396676d23f2.lto_priv.518
                0x0002fa68                s3ebbfaec66888c2c291acd6316d253bf29306f5d50869f10909d04a313d2a29f.lto_priv.521
                0x0002fb7c                s8bf682176896003a8c7b9f560968b21c29016e6c56c727c8d0044e9ea725a4a8.lto_priv.519
                0x0002fba8                s04224953bf77f159123795000d25af53af1953b43bbf8679517d3e80d583af8d
                0x0002fc50                saa3f4a233c6a5af9fc48c73749f22796166c2be8b268c7ee617e74f8a5c0dfdf
                0x0002fd90                s04777374549746d7469d72609f6cc6053e6f5a2a8804e18d627b0ffa1b3b4c9b.lto_priv.522
                0x0002fe50                s3aab3a2d49f9a74e7b1025959b426a28c62a75da3148652129c158a6cf01911d
                0x0002fe80                s453a83a051f1575976e86407083eddc5e3f69bb8f35b32b9522a852d45723e55.lto_priv.516
                0x0002fea0                s15d3a88e2b5c3e40ee53f6b9655d6ec7c3c149f393815dd52d0ffc2179bb1f4a
                0x0002fed4                s6be70e423681240d977bbe34b0cf593027330c5bc3286f410609fd7b6a06b6e6
                0x0002ffc0                sf7f0cc2a1cfeefb234c633da646e543f1f4d015d17e55e7cd9f0b1e61a7375d0
                0x00030096                sddf00a2e20a2a4af2d0a266dee401930455613a1d1931d8ad43c77bafda73cf4
                0x00030234                sc3726795190ea82ad23e6338ab096287f6e931b787309369857b2630ecb55c76
                0x00030256                s97fbeca0e33cb33da8c08c054d9fa974029f199debe05fd11835cf1a3ec5397e.part.0
                0x0003035c                se906f228186613d6041e64e82fcf633b17a5867a19e4c649b25ad797b99861e4
                0x000303a4                sc767b75b33b81a43ba6e01c74030cdacd34620dbdd6f7f1544c831ce8c7a4e23
                0x000303ec                s4dbc24937be26c9432eb2264dba166e98aa7139fb188303bb787e214e1291a45
                0x000304fc                sfb544dcbc916a8608320ef614dfb90da5a0257624ba93c76f3ab5106741a052d.lto_priv.720
                0x00030574                saf28bdf0441bb687c71a936ad9d151b1d7fb97cd183bca97f3fbac184ba5e598
                0x00030580                se1cac6d437a5c990ede8af11fe7a4789e10862a8ad142fcec6eb7f6eda1ef329.lto_priv.556
                0x00030598                s94de17b7f45f3f6576a715d745502c07eb7ba64e96b9cabb49eab2f847df0281
                0x000305be                s3c1d4732e917bd089fdc37f78c2f773ddfe9dc62701892fc6b140fde0675f5c5
                0x000305f2                s3f4a12bb3e21a280fa98dae53b62904e9b93882c5ea79a50c38097b6465097ef
                0x00030606                s297d86ba7a862d1d1bb4d5f81e5828e28adf723b91ed21d7d5b06162c5354532.lto_priv.567
                0x00030650                sbc1e4b906ee028f433a832aba975802fde4c597bd8b690e156d7948113c776e0.lto_priv.417
                0x0003066a                s92df2879f204b209d880cf89597ec85edb73c5347d097f02ca57f49ff6df22d6.lto_priv.415
                0x0003074a                s6f00c5bd1c654c0cefadcb4bef7b1965114995d4e3c1991567f0d3cac1ffe9f4
                0x0003078e                sf1a456cfa751d96d96171f3d7615c8f99ca964c647b75236d2f97745b9108b5f.lto_priv.416
                0x00030870                s27a2da3160af8eb827551ebddcc1417f39c1e1788cbf817e44639bf92eb1706a
                0x00030c8c                s3c74d0e33ad36a3b70d29648e40454e394ab11e025283bc8c86b9002d7222771
                0x00030cca                s38dec662b22657678e0434a91cdad31a60cc5f6098a9b1f994d85222cefd8930
                0x00030ce0                sf8e4dcec56edc8f432e22515ac45714970d53de2b2ff1ae50418dd26887086a8
                0x00030d04                se690b0fe07f49ad8d2ae0af29a99ee5c790acd15eb1b2ea28e3daa26d209f652
                0x00030e50                s9d18a50c23c15f26a9282a97192a523869ef94295b2b5e8c9470ad2d0d65d9b0
                0x00030fac                s5ace8d174d1a7dadc73b36059a7fed43cf9c1b513ae2a0d659414c4838abd5d2.lto_priv.539
                0x00031154                s6f9c3cc2d46b87cf7ef6d7ea4605b61584507e71701542220590215a75574c9e
                0x00031180                s0ff43e371d43058796f2e1532a3f9a50929c0b9c66473d8f918498d94258d25d.lto_priv.531
                0x000311f6                s5b4a856e685e8bbe40b8a315c34d871a75b086194394d61cf1ef236fabec36db
                0x00031480                sf067810364b2aec5684b07c9a8a7ec60df5a86cf6f911a17c705627ef3669c08.lto_priv.515
                0x000314cc                s970d3393953f0fa2908bf4bc7a6e9a735a62b329d7b30c42749761f3c07d3b63
                0x00031500                s633b138059d7a22d9cef30ec855fdfb8b52ac2201edecd58ad23f4ff6c587a22
                0x00031518                s0973d33c8face38cc947f5c6f2a40ed5ac94a9d60011c63370971407447da5ad
                0x0003156c                s1e42890f9ffa8509156c66412320e6e2d75be795f501b63b8a7d5eadaae23fa0.lto_priv.569
                0x000315c8                s93af9c2df6d6a964158c30729dbbae2ed6d2546d0ac7ad5e69eecdeec85ea2ac.lto_priv.570
                0x00031616                s3ff5dbc22e80924b19a2fb9cecf5f4d4eb8e5bd1cfe5205aafba518f6f2f0188
                0x00031a08                s0a591dd92c6ffd09f27be69a7be9a851edab592edeb40d323dc07098f58b7efd.lto_priv.534
 .text.unlikely
                0x00031a80      0x140 C:\Users\yucheng\AppData\Local\Temp\ccyzpXSW.ltrans6.ltrans.o
                0x00031a80                sfafffaa04d5160c67b78781dc616a19dd2b3254e1dd67fefb55623409aab8f9e
                0x00031a90                sd9e7f6fcafb122eaa6fc2c16d63512da9ba59077c6cb72136095ae373ea16da3.part.4.lto_priv.525
                0x00031af4                sc1f0a1265fb45f08edf5828f0b6af85da035d94c8ea375e665fdd556a8d1478c.lto_priv.524
                0x00031b28                s0575a63e4ffa25a11cdd533f4901749922cead34799438f363ee375212772ad9
                0x00031b5c                sdf59f64a19171082d11bdec4ceabee6a355ab8574640833ec03fdc6b26a95c2a
 .text          0x00031bc0     0x406c C:\Users\yucheng\AppData\Local\Temp\ccyzpXSW.ltrans7.ltrans.o
                0x00031d4c                sad65890ac49473d3ec66f16acf191233a03f7f21cee8ac53a213b1d160a0e606
                0x00031d50                s764c798ce9d65a98edc58937a29f7525dda2e846b9d91a64be055f42073d4e87
                0x00031e24                s3ce653f168fe1a8c273a7766ae1e5e3bde8173e634ba371528bc3323bee070c5.constprop.317
                0x00031f20                ccm_auth_crypt.constprop.309
                0x000321cc                mbedtls_ccm_setkey.constprop.305
                0x00032220                s27e83e23843ae2b788db1fb197445cc9e47a807bc7351e21f0320197f08fe99f.constprop.304
                0x000322ce                mbedtls_cipher_info_from_type.constprop.300
                0x000322d8                sace7cc2517b6e779d2525fdf3fc3e00bef8d2385b43bda0bae4205c3976f8f6c.constprop.298
                0x00032370                sa6f04ebafc4f26bf78f8cc9b25fb956905f86b66c47dbd9c1967380f294bc212.constprop.290
                0x000323cc                s422e0eb265b84bc3369f6ff2639ac5c4039271703ebe6a1b7d32300956e1aef1.constprop.288
                0x00032410                gecko_cmd_le_gap_bt5_set_adv_data.constprop.285
                0x00032470                gecko_register_bgapi_library.constprop.266
                0x000324ac                nvm3_readData.constprop.259
                0x000324e0                mbedtls_ecp_group_load.constprop.257
                0x0003254c                bgbuf_alloc_size.constprop.251
                0x00032560                bg_pool_init_pool.constprop.233
                0x000325dc                ubt_message_call.constprop.209
                0x00032624                hci_command_init_shared_bgbuf.constprop.208
                0x00032678                gatt_set_enabled_caps.constprop.191
                0x000326d0                ll_randomGetData.constprop.169
                0x00032710                mbedtls_mpi_write_binary.constprop.150
                0x0003277a                s06f2390393a3029950a8e736c3a98f12d4cd0a4822f63a65a057e1f40c6db63a.constprop.133
                0x00032788                _mesh_foundation_send_byte_array_impl.constprop.117
                0x0003283c                s8f68d5bf5cfee900ce165f9d87ea959034d8fb13e81d4214af6a9112e94e8e3f.constprop.116
                0x00032908                sec0548437a174f3d4d8bcc51083029fe9b4c2dae70287fa7fc14fa71ab3e627a.constprop.110
                0x000329c0                s5112f0b94e0fd6936eebce8f26c70de650d391f208dd130dfab248aa3facffde.part.5.constprop.101
                0x00032a44                s2a9aee7eec13ab6a4407898138b1cf95f68627323ca7273e76209e80bb70b031.constprop.81
                0x00032a60                ubt_gap_set_le_mode.constprop.80
                0x00032aa8                sb590193b77980aa89e08a7733d7e8e180af3795d3b578780cead60719831e663.constprop.64
                0x00032b0c                sa1aabd5b2c2178c6c7df821ce9095e134412afc3f66f2d59459370a9275e2d2d.constprop.57
                0x00032c90                sb32f6b293da93fb92eeaafceaf6c7e0662b7dd0e49ebf74606de4345acef4e74.constprop.49
                0x00032d5c                s50c71cb5adf955bb3bc7fbfe4e219edd6a27e64391b1b971a3ca892bc957eebf.constprop.30
                0x00032db0                s6dc2cd70b9acccc5db0922954a0cb41c4b82a0d81a696646df6135d7988cb72d.constprop.28
                0x00032e60                s70cb8150a9da451ef1107901ffd71e42403ccb214904bfb891ee72b6683e97cf.constprop.26
                0x00032ea4                alloc_params_data.constprop.10
                0x00032ece                att_send_read_by_type_request.constprop.9
                0x00032ef8                ecp_crypto_device_init.isra.0.lto_priv.459
                0x00032f3c                mbedtls_internal_ecp_grp_capable
                0x00032f46                ecp_crypto_ddata_write.lto_priv.460
                0x00032fbc                mpitobigint.lto_priv.458
                0x00032ffa                CRYPTO_InstructionSequenceWait.lto_priv.345.lto_priv.468
                0x00032ffa                CRYPTO_InstructionSequenceWait.lto_priv.346.lto_priv.462
                0x00033002                CRYPTO_DDataRead.lto_priv.352.lto_priv.463
                0x00033002                CRYPTO_DDataRead.lto_priv.351.lto_priv.470
                0x00033026                CRYPTO_DData0Read260.lto_priv.349.lto_priv.469
                0x0003303c                CRYPTO_DDataWrite.lto_priv.353.lto_priv.471
                0x0003303c                CRYPTO_DDataWrite.lto_priv.354.lto_priv.466
                0x0003303c                CRYPTO_DDataWrite.lto_priv.355.lto_priv.461
                0x00033060                CRYPTO_DData0Write260.lto_priv.347.lto_priv.467
                0x00033078                att_send_execute_write_request
                0x00033096                att_send_prepare_write_request
                0x0003329c                att_gatt_client_handler
                0x0003353e                att_send_find_information_request
                0x00033564                s2086c55b51786c589c157ffac2e7c509f5b2e105f0845a69571f5100af85a8d3
                0x00033590                ll_linkGetWindowWidening
                0x000335ec                ll_connEncDataToBuffer
                0x00033614                ll_connEncBufferToData
                0x00033640                ll_connValidateParams
                0x0003367a                ll_connUpdatedChannelClassification
                0x000336e8                ll_connUpdateMaxPacketLengths
                0x00033758                ll_connGetHandleByConn
                0x00033788                ll_connGetByHandle
                0x000337b4                ll_connSetMaxRuntime.lto_priv.663
                0x000337ce                bg_bit_clr_exclusive.lto_priv.361.lto_priv.457
                0x000337ce                bg_bit_clr_exclusive.lto_priv.360.lto_priv.664
                0x000337ce                bg_bit_clr_exclusive.lto_priv.362.lto_priv.659
                0x000337ce                bg_bit_clr_exclusive.lto_priv.358.lto_priv.478
                0x000337ce                bg_bit_clr_exclusive.lto_priv.359.lto_priv.661
                0x000337e0                bg_bit_set_exclusive.lto_priv.368.lto_priv.456
                0x000337e0                bg_bit_set_exclusive.lto_priv.366.lto_priv.649
                0x000337e0                bg_bit_set_exclusive.lto_priv.365.lto_priv.665
                0x000337e0                bg_bit_set_exclusive.lto_priv.369.lto_priv.660
                0x000337e0                bg_bit_set_exclusive.lto_priv.363.lto_priv.477
                0x000337e0                bg_bit_set_exclusive.lto_priv.367.lto_priv.476
                0x000337e0                bg_bit_set_exclusive.lto_priv.364.lto_priv.666
                0x000337f0                ll_connEncryptionConnectionInit
                0x00033826                ll_connRaiseEvents
                0x00033844                ll_connInitNew
                0x00033c94                bg_bit_clr_atomic.lto_priv.372.lto_priv.718
                0x00033c94                bg_bit_clr_atomic.lto_priv.371.lto_priv.648
                0x00033c94                bg_bit_clr_atomic.lto_priv.370.lto_priv.651
                0x00033cac                bg_bit_set_atomic.lto_priv.376.lto_priv.475
                0x00033cac                bg_bit_set_atomic.lto_priv.375.lto_priv.647
                0x00033cac                bg_bit_set_atomic.lto_priv.374.lto_priv.479
                0x00034168                nvm3_writeData.constprop.310
                0x000343f8                sab534f3a77a58bf6f26722b7d19155b3c1face143bb890dcfdd107444a526018.constprop.296
                0x000345c4                store_delete.part.1.constprop.228
                0x00034660                ecp_crypto_ddata_read.lto_priv.465
                0x00034a1c                crypto_mpi_div_mod.lto_priv.464
                0x00034c34                mbedtls_internal_ecp_normalize_jac
                0x00034d18                sl_free
                0x00034d2e                sl_calloc
                0x00035180                mbedtls_ecdh_compute_shared.constprop.134
                0x000351e0                ll_connFree
                0x0003523c                ll_connAlloc
                0x000352a0                mbedtls_cipher_cmac_starts.constprop.301
                0x000352ec                mbedtls_cipher_cmac.constprop.135
                0x00035350                mbedtls_ecp_gen_keypair_base.constprop.138
                0x00035408                se3d6193c1babf0d589d0f0014f0ae31b048d1d5813483c434c8366f3b97dbd1a.constprop.122
                0x000355f8                s4a7f6416e10a17e4b02f6925fb6f5235611ddfd0c20242122f1944084303872d.constprop.121
                0x0003567c                ll_connEncryptionSetSessionKey
                0x00035a2c                ll_connSendData
                0x00035bfc                ll_connEnableDataFlow
                0x00035c14                ll_connEncryptionFail
 .text.unlikely
                0x00035c2c      0x304 C:\Users\yucheng\AppData\Local\Temp\ccyzpXSW.ltrans7.ltrans.o
                0x00035c96                l2cap_send_command_reject.constprop.188
                0x00035cde                s81ed4c1d73d99fe1faa2461c6532474dd141f2c8f830772fd3ca33cea5a981c7.part.4.constprop.99
                0x00035d4c                s2cb9803e3061f133a9c690d798942d936ca2d703e23fafaece9ee6af762dc19a.constprop.93
 .text.RAIL_InitTxPowerCurvesAlt
                0x00035f30       0x20 C:\Users\yucheng\SimplicityStudio\v4_workspace\soc-btmesh-vendor-model-server\platform\radio\rail_lib\autogen\librail_release\librail_efr32xg13_gcc_release.a(pa_conversions_efr32.o)
                0x00035f30                RAIL_InitTxPowerCurvesAlt
 .text.RAIL_ConvertDbmToRaw
                0x00035f50       0xbc C:\Users\yucheng\SimplicityStudio\v4_workspace\soc-btmesh-vendor-model-server\platform\radio\rail_lib\autogen\librail_release\librail_efr32xg13_gcc_release.a(pa_conversions_efr32.o)
                0x00035f50                RAIL_ConvertDbmToRaw
 .text.RAIL_ConvertRawToDbm
                0x0003600c       0xb0 C:\Users\yucheng\SimplicityStudio\v4_workspace\soc-btmesh-vendor-model-server\platform\radio\rail_lib\autogen\librail_release\librail_efr32xg13_gcc_release.a(pa_conversions_efr32.o)
                0x0003600c                RAIL_ConvertRawToDbm
 .text.setMultiTimer
                0x000360bc        0x4 C:\Users\yucheng\SimplicityStudio\v4_workspace\soc-btmesh-vendor-model-server\platform\radio\rail_lib\autogen\librail_release\librail_efr32xg13_gcc_release.a(rail_singleprotocol.o)
 .text.cancelMultiTimer
                0x000360c0        0x4 C:\Users\yucheng\SimplicityStudio\v4_workspace\soc-btmesh-vendor-model-server\platform\radio\rail_lib\autogen\librail_release\librail_efr32xg13_gcc_release.a(rail_singleprotocol.o)
 .text.isMultiTimerExpired
                0x000360c4        0x4 C:\Users\yucheng\SimplicityStudio\v4_workspace\soc-btmesh-vendor-model-server\platform\radio\rail_lib\autogen\librail_release\librail_efr32xg13_gcc_release.a(rail_singleprotocol.o)
 .text.getMultiTimer
                0x000360c8        0x4 C:\Users\yucheng\SimplicityStudio\v4_workspace\soc-btmesh-vendor-model-server\platform\radio\rail_lib\autogen\librail_release\librail_efr32xg13_gcc_release.a(rail_singleprotocol.o)
 .text.getActiveTimerCb
                0x000360cc       0x18 C:\Users\yucheng\SimplicityStudio\v4_workspace\soc-btmesh-vendor-model-server\platform\radio\rail_lib\autogen\librail_release\librail_efr32xg13_gcc_release.a(rail_singleprotocol.o)
 .text.isMultiTimerRunning
                0x000360e4        0x4 C:\Users\yucheng\SimplicityStudio\v4_workspace\soc-btmesh-vendor-model-server\platform\radio\rail_lib\autogen\librail_release\librail_efr32xg13_gcc_release.a(rail_singleprotocol.o)
 .text.RAIL_Init
                0x000360e8       0x2c C:\Users\yucheng\SimplicityStudio\v4_workspace\soc-btmesh-vendor-model-server\platform\radio\rail_lib\autogen\librail_release\librail_efr32xg13_gcc_release.a(rail_singleprotocol.o)
                0x000360e8                RAIL_Init
 .text.RAIL_GetSchedulerStatus
                0x00036114        0x4 C:\Users\yucheng\SimplicityStudio\v4_workspace\soc-btmesh-vendor-model-server\platform\radio\rail_lib\autogen\librail_release\librail_efr32xg13_gcc_release.a(rail_singleprotocol.o)
                0x00036114                RAIL_GetSchedulerStatus
 .text.RAIL_ConfigSleep
                0x00036118       0x14 C:\Users\yucheng\SimplicityStudio\v4_workspace\soc-btmesh-vendor-model-server\platform\radio\rail_lib\autogen\librail_release\librail_efr32xg13_gcc_release.a(rail_singleprotocol.o)
                0x00036118                RAIL_ConfigSleep
 .text.RAIL_Wake
                0x0003612c        0x4 C:\Users\yucheng\SimplicityStudio\v4_workspace\soc-btmesh-vendor-model-server\platform\radio\rail_lib\autogen\librail_release\librail_efr32xg13_gcc_release.a(rail_singleprotocol.o)
                0x0003612c                RAIL_Wake
 .text.RAIL_Sleep
                0x00036130       0x18 C:\Users\yucheng\SimplicityStudio\v4_workspace\soc-btmesh-vendor-model-server\platform\radio\rail_lib\autogen\librail_release\librail_efr32xg13_gcc_release.a(rail_singleprotocol.o)
                0x00036130                RAIL_Sleep
 .text.RAIL_Idle
                0x00036148        0x8 C:\Users\yucheng\SimplicityStudio\v4_workspace\soc-btmesh-vendor-model-server\platform\radio\rail_lib\autogen\librail_release\librail_efr32xg13_gcc_release.a(rail_singleprotocol.o)
                0x00036148                RAIL_Idle
 .text.RAIL_YieldRadio
                0x00036150        0x2 C:\Users\yucheng\SimplicityStudio\v4_workspace\soc-btmesh-vendor-model-server\platform\radio\rail_lib\autogen\librail_release\librail_efr32xg13_gcc_release.a(rail_singleprotocol.o)
                0x00036150                RAIL_YieldRadio
 .text.RAIL_GetRadioEntropy
                0x00036152        0x8 C:\Users\yucheng\SimplicityStudio\v4_workspace\soc-btmesh-vendor-model-server\platform\radio\rail_lib\autogen\librail_release\librail_efr32xg13_gcc_release.a(rail_singleprotocol.o)
                0x00036152                RAIL_GetRadioEntropy
 .text.RAIL_SetTimer
                0x0003615a       0x1c C:\Users\yucheng\SimplicityStudio\v4_workspace\soc-btmesh-vendor-model-server\platform\radio\rail_lib\autogen\librail_release\librail_efr32xg13_gcc_release.a(rail_singleprotocol.o)
                0x0003615a                RAIL_SetTimer
 .text.RAIL_CancelTimer
                0x00036176        0xe C:\Users\yucheng\SimplicityStudio\v4_workspace\soc-btmesh-vendor-model-server\platform\radio\rail_lib\autogen\librail_release\librail_efr32xg13_gcc_release.a(rail_singleprotocol.o)
                0x00036176                RAIL_CancelTimer
 .text.RAIL_StartTx
                0x00036184        0x8 C:\Users\yucheng\SimplicityStudio\v4_workspace\soc-btmesh-vendor-model-server\platform\radio\rail_lib\autogen\librail_release\librail_efr32xg13_gcc_release.a(rail_singleprotocol.o)
                0x00036184                RAIL_StartTx
 .text.RAIL_StartScheduledTx
                0x0003618c        0x8 C:\Users\yucheng\SimplicityStudio\v4_workspace\soc-btmesh-vendor-model-server\platform\radio\rail_lib\autogen\librail_release\librail_efr32xg13_gcc_release.a(rail_singleprotocol.o)
                0x0003618c                RAIL_StartScheduledTx
 .text.RAIL_ScheduleRx
                0x00036194        0x8 C:\Users\yucheng\SimplicityStudio\v4_workspace\soc-btmesh-vendor-model-server\platform\radio\rail_lib\autogen\librail_release\librail_efr32xg13_gcc_release.a(rail_singleprotocol.o)
                0x00036194                RAIL_ScheduleRx
 .text.radioConfigChangedDefault
                0x0003619c        0x2 C:\Users\yucheng\SimplicityStudio\v4_workspace\soc-btmesh-vendor-model-server\platform\radio\rail_lib\autogen\librail_release\librail_efr32xg13_gcc_release.a(rail_rf.o)
 .text.isTransitionState
                0x0003619e       0x12 C:\Users\yucheng\SimplicityStudio\v4_workspace\soc-btmesh-vendor-model-server\platform\radio\rail_lib\autogen\librail_release\librail_efr32xg13_gcc_release.a(rail_rf.o)
 .text.RAILCore_Idle.part.2
                0x000361b0        0xc C:\Users\yucheng\SimplicityStudio\v4_workspace\soc-btmesh-vendor-model-server\platform\radio\rail_lib\autogen\librail_release\librail_efr32xg13_gcc_release.a(rail_rf.o)
 .text.RAIL_UnlockModule
                0x000361bc        0x4 C:\Users\yucheng\SimplicityStudio\v4_workspace\soc-btmesh-vendor-model-server\platform\radio\rail_lib\autogen\librail_release\librail_efr32xg13_gcc_release.a(rail_rf.o)
                0x000361bc                RAIL_UnlockModule
 .text.RAILCore_Init
                0x000361c0       0x1e C:\Users\yucheng\SimplicityStudio\v4_workspace\soc-btmesh-vendor-model-server\platform\radio\rail_lib\autogen\librail_release\librail_efr32xg13_gcc_release.a(rail_rf.o)
                0x000361c0                RAILINT_59121321a1358ecc506fdb12a688e30c
 *fill*         0x000361de        0x2 
 .text.RAILInt_SetCallbackConfig
                0x000361e0       0x28 C:\Users\yucheng\SimplicityStudio\v4_workspace\soc-btmesh-vendor-model-server\platform\radio\rail_lib\autogen\librail_release\librail_efr32xg13_gcc_release.a(rail_rf.o)
                0x000361e0                RAILINT_67b8f114888c610aba62f28a55421a70
 .text.RAILCore_Idle
                0x00036208       0x14 C:\Users\yucheng\SimplicityStudio\v4_workspace\soc-btmesh-vendor-model-server\platform\radio\rail_lib\autogen\librail_release\librail_efr32xg13_gcc_release.a(rail_rf.o)
                0x00036208                RAILINT_c5804fbffcb4bb00ba2d55e8180afacd
 .text.RAILCb_CalcSymbolRate
                0x0003621c        0x8 C:\Users\yucheng\SimplicityStudio\v4_workspace\soc-btmesh-vendor-model-server\platform\radio\rail_lib\autogen\librail_release\librail_efr32xg13_gcc_release.a(rail_rf.o)
                0x0003621c                RAILCb_CalcSymbolRate
 .text.RAILCb_CalcBitRate
                0x00036224        0x8 C:\Users\yucheng\SimplicityStudio\v4_workspace\soc-btmesh-vendor-model-server\platform\radio\rail_lib\autogen\librail_release\librail_efr32xg13_gcc_release.a(rail_rf.o)
                0x00036224                RAILCb_CalcBitRate
 .text.RAIL_SetStateTiming
                0x0003622c        0x8 C:\Users\yucheng\SimplicityStudio\v4_workspace\soc-btmesh-vendor-model-server\platform\radio\rail_lib\autogen\librail_release\librail_efr32xg13_gcc_release.a(rail_rf.o)
                0x0003622c                RAIL_SetStateTiming
 .text.RAILInt_ComputeSetChannel
                0x00036234       0xac C:\Users\yucheng\SimplicityStudio\v4_workspace\soc-btmesh-vendor-model-server\platform\radio\rail_lib\autogen\librail_release\librail_efr32xg13_gcc_release.a(rail_rf.o)
                0x00036234                RAILINT_72eb364d7718334eae17f88a79f3de40
 .text.RAILInt_SetChannelRaw
                0x000362e0      0x140 C:\Users\yucheng\SimplicityStudio\v4_workspace\soc-btmesh-vendor-model-server\platform\radio\rail_lib\autogen\librail_release\librail_efr32xg13_gcc_release.a(rail_rf.o)
                0x000362e0                RAILINT_a7edce70c9b1ddcd5d57d31ae701eb09
 .text.RAILInt_SetChannel
                0x00036420       0x30 C:\Users\yucheng\SimplicityStudio\v4_workspace\soc-btmesh-vendor-model-server\platform\radio\rail_lib\autogen\librail_release\librail_efr32xg13_gcc_release.a(rail_rf.o)
                0x00036420                RAILINT_e0dfaecc04939a24e643c7a83fed51fa
 .text.RAILCore_ConfigChannels
                0x00036450       0x70 C:\Users\yucheng\SimplicityStudio\v4_workspace\soc-btmesh-vendor-model-server\platform\radio\rail_lib\autogen\librail_release\librail_efr32xg13_gcc_release.a(rail_rf.o)
                0x00036450                RAILINT_4d8e913cc0a2a756e4017ab74ecff076
 .text.RAILInt_GetChannel
                0x000364c0        0x4 C:\Users\yucheng\SimplicityStudio\v4_workspace\soc-btmesh-vendor-model-server\platform\radio\rail_lib\autogen\librail_release\librail_efr32xg13_gcc_release.a(rail_rf.o)
                0x000364c0                RAILINT_aa7b882f5023851e2f6a935b3993ee64
 .text.RAILCore_SetTxTransitions
                0x000364c4       0x3c C:\Users\yucheng\SimplicityStudio\v4_workspace\soc-btmesh-vendor-model-server\platform\radio\rail_lib\autogen\librail_release\librail_efr32xg13_gcc_release.a(rail_rf.o)
                0x000364c4                RAILINT_60c29796d4368fee9b7d114bf204b331
 .text.RAIL_SetTxTransitions
                0x00036500        0x8 C:\Users\yucheng\SimplicityStudio\v4_workspace\soc-btmesh-vendor-model-server\platform\radio\rail_lib\autogen\librail_release\librail_efr32xg13_gcc_release.a(rail_rf.o)
                0x00036500                RAIL_SetTxTransitions
 .text.RAILCore_SetRxTransitions
                0x00036508       0x38 C:\Users\yucheng\SimplicityStudio\v4_workspace\soc-btmesh-vendor-model-server\platform\radio\rail_lib\autogen\librail_release\librail_efr32xg13_gcc_release.a(rail_rf.o)
                0x00036508                RAILINT_20405add256d5061bc482206e21c44d6
 .text.RAIL_SetRxTransitions
                0x00036540        0x8 C:\Users\yucheng\SimplicityStudio\v4_workspace\soc-btmesh-vendor-model-server\platform\radio\rail_lib\autogen\librail_release\librail_efr32xg13_gcc_release.a(rail_rf.o)
                0x00036540                RAIL_SetRxTransitions
 .text.RAIL_ConfigEvents
                0x00036548       0x14 C:\Users\yucheng\SimplicityStudio\v4_workspace\soc-btmesh-vendor-model-server\platform\radio\rail_lib\autogen\librail_release\librail_efr32xg13_gcc_release.a(rail_rf.o)
                0x00036548                RAIL_ConfigEvents
 .text.RAIL_ConfigRxOptions
                0x0003655c        0x8 C:\Users\yucheng\SimplicityStudio\v4_workspace\soc-btmesh-vendor-model-server\platform\radio\rail_lib\autogen\librail_release\librail_efr32xg13_gcc_release.a(rail_rx.o)
                0x0003655c                RAIL_ConfigRxOptions
 .text.RAILCore_ScheduleRx
                0x00036564       0x2c C:\Users\yucheng\SimplicityStudio\v4_workspace\soc-btmesh-vendor-model-server\platform\radio\rail_lib\autogen\librail_release\librail_efr32xg13_gcc_release.a(rail_rx.o)
                0x00036564                RAILINT_086017fdb374a998d21f5428f8f3accf
 .text.RAILCb_ConfigFrameTypeLength
                0x00036590        0x4 C:\Users\yucheng\SimplicityStudio\v4_workspace\soc-btmesh-vendor-model-server\platform\radio\rail_lib\autogen\librail_release\librail_efr32xg13_gcc_release.a(rail_rx.o)
                0x00036590                RAILCb_ConfigFrameTypeLength
 .text.RAIL_GetTxPower
                0x00036594        0x8 C:\Users\yucheng\SimplicityStudio\v4_workspace\soc-btmesh-vendor-model-server\platform\radio\rail_lib\autogen\librail_release\librail_efr32xg13_gcc_release.a(rail_tx.o)
                0x00036594                RAIL_GetTxPower
 .text.RAIL_ConfigTxPower
                0x0003659c       0x20 C:\Users\yucheng\SimplicityStudio\v4_workspace\soc-btmesh-vendor-model-server\platform\radio\rail_lib\autogen\librail_release\librail_efr32xg13_gcc_release.a(rail_tx.o)
                0x0003659c                RAIL_ConfigTxPower
 .text.RAIL_VerifyTxPowerCurves
                0x000365bc        0x4 C:\Users\yucheng\SimplicityStudio\v4_workspace\soc-btmesh-vendor-model-server\platform\radio\rail_lib\autogen\librail_release\librail_efr32xg13_gcc_release.a(rail_tx.o)
                0x000365bc                RAIL_VerifyTxPowerCurves
 .text.RAIL_GetTxPowerConfig
                0x000365c0        0x8 C:\Users\yucheng\SimplicityStudio\v4_workspace\soc-btmesh-vendor-model-server\platform\radio\rail_lib\autogen\librail_release\librail_efr32xg13_gcc_release.a(rail_tx.o)
                0x000365c0                RAIL_GetTxPowerConfig
 .text.RAIL_SetTxPowerDbm
                0x000365c8       0x36 C:\Users\yucheng\SimplicityStudio\v4_workspace\soc-btmesh-vendor-model-server\platform\radio\rail_lib\autogen\librail_release\librail_efr32xg13_gcc_release.a(rail_tx.o)
                0x000365c8                RAIL_SetTxPowerDbm
 .text.RAILInt_PendCal
                0x000365fe       0x24 C:\Users\yucheng\SimplicityStudio\v4_workspace\soc-btmesh-vendor-model-server\platform\radio\rail_lib\autogen\librail_release\librail_efr32xg13_gcc_release.a(rail_calibration.o)
                0x000365fe                RAILINT_3f0b6529856489702e1c986caf70e7aa
 .text.RAIL_WriteTxFifo
                0x00036622        0x8 C:\Users\yucheng\SimplicityStudio\v4_workspace\soc-btmesh-vendor-model-server\platform\radio\rail_lib\autogen\librail_release\librail_efr32xg13_gcc_release.a(rail_data.o)
                0x00036622                RAIL_WriteTxFifo
 .text.RAIL_SetTxFifo
                0x0003662a        0x8 C:\Users\yucheng\SimplicityStudio\v4_workspace\soc-btmesh-vendor-model-server\platform\radio\rail_lib\autogen\librail_release\librail_efr32xg13_gcc_release.a(rail_data.o)
                0x0003662a                RAIL_SetTxFifo
 .text.RAIL_SetRxFifo
                0x00036632        0x8 C:\Users\yucheng\SimplicityStudio\v4_workspace\soc-btmesh-vendor-model-server\platform\radio\rail_lib\autogen\librail_release\librail_efr32xg13_gcc_release.a(rail_data.o)
                0x00036632                RAIL_SetRxFifo
 *fill*         0x0003663a        0x2 
 .text.RAILCb_SetupRxFifo
                0x0003663c       0x30 C:\Users\yucheng\SimplicityStudio\v4_workspace\soc-btmesh-vendor-model-server\platform\radio\rail_lib\autogen\librail_release\librail_efr32xg13_gcc_release.a(rail_data.o)
                0x0003663c                RAILCb_SetupRxFifo
 .text.RAIL_GetRxPacketInfo
                0x0003666c        0x8 C:\Users\yucheng\SimplicityStudio\v4_workspace\soc-btmesh-vendor-model-server\platform\radio\rail_lib\autogen\librail_release\librail_efr32xg13_gcc_release.a(rail_data.o)
                0x0003666c                RAIL_GetRxPacketInfo
 .text.RAIL_GetRxPacketDetailsAlt
                0x00036674        0x8 C:\Users\yucheng\SimplicityStudio\v4_workspace\soc-btmesh-vendor-model-server\platform\radio\rail_lib\autogen\librail_release\librail_efr32xg13_gcc_release.a(rail_data.o)
                0x00036674                RAIL_GetRxPacketDetailsAlt
 .text.RAIL_GetRxTimePreambleStartAlt
                0x0003667c        0x8 C:\Users\yucheng\SimplicityStudio\v4_workspace\soc-btmesh-vendor-model-server\platform\radio\rail_lib\autogen\librail_release\librail_efr32xg13_gcc_release.a(rail_data.o)
                0x0003667c                RAIL_GetRxTimePreambleStartAlt
 .text.RAIL_ResetFifo
                0x00036684       0x24 C:\Users\yucheng\SimplicityStudio\v4_workspace\soc-btmesh-vendor-model-server\platform\radio\rail_lib\autogen\librail_release\librail_efr32xg13_gcc_release.a(rail_data.o)
                0x00036684                RAIL_ResetFifo
 .text.RAILCb_AssertFailed
                0x000366a8       0x14 C:\Users\yucheng\SimplicityStudio\v4_workspace\soc-btmesh-vendor-model-server\platform\radio\rail_lib\autogen\librail_release\librail_efr32xg13_gcc_release.a(rail_assert.o)
                0x000366a8                RAILCb_AssertFailed
 .text.RAILInt_Assert
                0x000366bc       0x1c C:\Users\yucheng\SimplicityStudio\v4_workspace\soc-btmesh-vendor-model-server\platform\radio\rail_lib\autogen\librail_release\librail_efr32xg13_gcc_release.a(rail_assert.o)
                0x000366bc                RAILINT_999bd22c50df2f99ce048cba68f11c3a
 .text.RAIL_ConfigPti
                0x000366d8        0x6 C:\Users\yucheng\SimplicityStudio\v4_workspace\soc-btmesh-vendor-model-server\platform\radio\rail_lib\autogen\librail_release\librail_efr32xg13_gcc_release.a(rail_pti.o)
                0x000366d8                RAIL_ConfigPti
 .text.RAIL_EnablePti
                0x000366de        0x6 C:\Users\yucheng\SimplicityStudio\v4_workspace\soc-btmesh-vendor-model-server\platform\radio\rail_lib\autogen\librail_release\librail_efr32xg13_gcc_release.a(rail_pti.o)
                0x000366de                RAIL_EnablePti
 .text.RAIL_GetTime
                0x000366e4        0x4 C:\Users\yucheng\SimplicityStudio\v4_workspace\soc-btmesh-vendor-model-server\platform\radio\rail_lib\autogen\librail_release\librail_efr32xg13_gcc_release.a(rail_timer.o)
                0x000366e4                RAIL_GetTime
 .text.RAILCore_BLE_Init
                0x000366e8       0x14 C:\Users\yucheng\SimplicityStudio\v4_workspace\soc-btmesh-vendor-model-server\platform\radio\rail_lib\autogen\librail_release\librail_efr32xg13_gcc_release.a(rail_ble.o)
                0x000366e8                RAILINT_5068bbb2b6fcc434fb14cc631c1d5448
 .text.RAIL_BLE_Init
                0x000366fc        0x8 C:\Users\yucheng\SimplicityStudio\v4_workspace\soc-btmesh-vendor-model-server\platform\radio\rail_lib\autogen\librail_release\librail_efr32xg13_gcc_release.a(rail_ble.o)
                0x000366fc                RAIL_BLE_Init
 .text.RAILCore_BLE_ConfigPhy1MbpsViterbi
                0x00036704       0x1e C:\Users\yucheng\SimplicityStudio\v4_workspace\soc-btmesh-vendor-model-server\platform\radio\rail_lib\autogen\librail_release\librail_efr32xg13_gcc_release.a(rail_ble.o)
                0x00036704                RAILINT_e88543c9b596792889571c0f7b731dba
 .text.RAIL_BLE_ConfigPhy1MbpsViterbi
                0x00036722        0x8 C:\Users\yucheng\SimplicityStudio\v4_workspace\soc-btmesh-vendor-model-server\platform\radio\rail_lib\autogen\librail_release\librail_efr32xg13_gcc_release.a(rail_ble.o)
                0x00036722                RAIL_BLE_ConfigPhy1MbpsViterbi
 .text.RAILCore_BLE_ConfigPhy2MbpsViterbi
                0x0003672a       0x1e C:\Users\yucheng\SimplicityStudio\v4_workspace\soc-btmesh-vendor-model-server\platform\radio\rail_lib\autogen\librail_release\librail_efr32xg13_gcc_release.a(rail_ble.o)
                0x0003672a                RAILINT_1bbb34915939a1132d22091036a46419
 .text.RAIL_BLE_ConfigPhy2MbpsViterbi
                0x00036748        0x8 C:\Users\yucheng\SimplicityStudio\v4_workspace\soc-btmesh-vendor-model-server\platform\radio\rail_lib\autogen\librail_release\librail_efr32xg13_gcc_release.a(rail_ble.o)
                0x00036748                RAIL_BLE_ConfigPhy2MbpsViterbi
 .text.RAILCore_BLE_ConfigPhyCoded
                0x00036750       0x22 C:\Users\yucheng\SimplicityStudio\v4_workspace\soc-btmesh-vendor-model-server\platform\radio\rail_lib\autogen\librail_release\librail_efr32xg13_gcc_release.a(rail_ble.o)
                0x00036750                RAILINT_2ee23e3f7dca1747f4df921175595919
 .text.RAIL_BLE_ConfigPhyCoded
                0x00036772        0x8 C:\Users\yucheng\SimplicityStudio\v4_workspace\soc-btmesh-vendor-model-server\platform\radio\rail_lib\autogen\librail_release\librail_efr32xg13_gcc_release.a(rail_ble.o)
                0x00036772                RAIL_BLE_ConfigPhyCoded
 .text.RAILCore_BLE_ConfigChannelRadioParams
                0x0003677a       0x46 C:\Users\yucheng\SimplicityStudio\v4_workspace\soc-btmesh-vendor-model-server\platform\radio\rail_lib\autogen\librail_release\librail_efr32xg13_gcc_release.a(rail_ble.o)
                0x0003677a                RAILINT_301fd6966b03cc938549fcaff8ed0b8e
 .text.RAIL_BLE_ConfigChannelRadioParams
                0x000367c0       0x12 C:\Users\yucheng\SimplicityStudio\v4_workspace\soc-btmesh-vendor-model-server\platform\radio\rail_lib\autogen\librail_release\librail_efr32xg13_gcc_release.a(rail_ble.o)
                0x000367c0                RAIL_BLE_ConfigChannelRadioParams
 .text.RAIL_BLE_PhySwitchToRx
                0x000367d2       0x20 C:\Users\yucheng\SimplicityStudio\v4_workspace\soc-btmesh-vendor-model-server\platform\radio\rail_lib\autogen\librail_release\librail_efr32xg13_gcc_release.a(rail_ble.o)
                0x000367d2                RAIL_BLE_PhySwitchToRx
 *fill*         0x000367f2        0x2 
 .text.IRCAL_Set
                0x000367f4       0x1c C:\Users\yucheng\SimplicityStudio\v4_workspace\soc-btmesh-vendor-model-server\platform\radio\rail_lib\autogen\librail_release\librail_efr32xg13_gcc_release.a(rfhal_ircal.o)
                0x000367f4                RAILINT_67aee7cfdf57d15f6ecf2affca3224a0
 .text.RFHAL_ApplyIrCalibration
                0x00036810       0x20 C:\Users\yucheng\SimplicityStudio\v4_workspace\soc-btmesh-vendor-model-server\platform\radio\rail_lib\autogen\librail_release\librail_efr32xg13_gcc_release.a(rfhal_ircal.o)
                0x00036810                RAILINT_cdd58a3e55e8dd8d2fbbb62166e06b9f
 .text.RFHAL_UnlockModule
                0x00036830        0x2 C:\Users\yucheng\SimplicityStudio\v4_workspace\soc-btmesh-vendor-model-server\platform\radio\rail_lib\autogen\librail_release\librail_efr32xg13_gcc_release.a(rfhal_module.o)
                0x00036830                RAILINT_9e5a39b656d2a45af0b472d761e7ae36
 .text.RFHAL_ValidateTxPowerModule
                0x00036832        0x2 C:\Users\yucheng\SimplicityStudio\v4_workspace\soc-btmesh-vendor-model-server\platform\radio\rail_lib\autogen\librail_release\librail_efr32xg13_gcc_release.a(rfhal_module.o)
                0x00036832                RAILINT_b1b6d07988c2bfe6ce227a4f89bd02b6
 .text.RFHAL_VerifyTxPowerCurves
                0x00036834        0x2 C:\Users\yucheng\SimplicityStudio\v4_workspace\soc-btmesh-vendor-model-server\platform\radio\rail_lib\autogen\librail_release\librail_efr32xg13_gcc_release.a(rfhal_module.o)
                0x00036834                RAILINT_da49c243f6171fcb42b58511d90c5722
 *fill*         0x00036836        0x2 
 .text.RFHAL_VerifyChannelConfig
                0x00036838       0x18 C:\Users\yucheng\SimplicityStudio\v4_workspace\soc-btmesh-vendor-model-server\platform\radio\rail_lib\autogen\librail_release\librail_efr32xg13_gcc_release.a(rfhal_module.o)
                0x00036838                RAILINT_93ff9f7864c62329282f1dfcb21c053a
 .text.getRampTimeFromLevelAndRate